Component: ARM Compiler 6.7 Tool: armlink [5c9ef700]

==============================================================================

Section Cross References

    startup_stm32h753xx.o(RESET) refers to startup_stm32h753xx.o(STACK) for __initial_sp
    startup_stm32h753xx.o(RESET) refers to startup_stm32h753xx.o(.text) for Reset_Handler
    startup_stm32h753xx.o(RESET) refers to stm32h7xx_it.o(.text.NMI_Handler) for NMI_Handler
    startup_stm32h753xx.o(RESET) refers to stm32h7xx_it.o(.text.HardFault_Handler) for HardFault_Handler
    startup_stm32h753xx.o(RESET) refers to stm32h7xx_it.o(.text.MemManage_Handler) for MemManage_Handler
    startup_stm32h753xx.o(RESET) refers to stm32h7xx_it.o(.text.BusFault_Handler) for BusFault_Handler
    startup_stm32h753xx.o(RESET) refers to stm32h7xx_it.o(.text.UsageFault_Handler) for UsageFault_Handler
    startup_stm32h753xx.o(RESET) refers to stm32h7xx_it.o(.text.SVC_Handler) for SVC_Handler
    startup_stm32h753xx.o(RESET) refers to stm32h7xx_it.o(.text.DebugMon_Handler) for DebugMon_Handler
    startup_stm32h753xx.o(RESET) refers to stm32h7xx_it.o(.text.PendSV_Handler) for PendSV_Handler
    startup_stm32h753xx.o(RESET) refers to stm32h7xx_it.o(.text.SysTick_Handler) for SysTick_Handler
    startup_stm32h753xx.o(RESET) refers to stm32h7xx_it.o(.text.DMA1_Stream0_IRQHandler) for DMA1_Stream0_IRQHandler
    startup_stm32h753xx.o(RESET) refers to stm32h7xx_it.o(.text.DMA1_Stream1_IRQHandler) for DMA1_Stream1_IRQHandler
    startup_stm32h753xx.o(RESET) refers to stm32h7xx_it.o(.text.DMA1_Stream2_IRQHandler) for DMA1_Stream2_IRQHandler
    startup_stm32h753xx.o(RESET) refers to stm32h7xx_it.o(.text.DMA1_Stream3_IRQHandler) for DMA1_Stream3_IRQHandler
    startup_stm32h753xx.o(RESET) refers to stm32h7xx_it.o(.text.DMA1_Stream4_IRQHandler) for DMA1_Stream4_IRQHandler
    startup_stm32h753xx.o(RESET) refers to stm32h7xx_it.o(.text.DMA1_Stream5_IRQHandler) for DMA1_Stream5_IRQHandler
    startup_stm32h753xx.o(RESET) refers to stm32h7xx_it.o(.text.DMA1_Stream6_IRQHandler) for DMA1_Stream6_IRQHandler
    startup_stm32h753xx.o(RESET) refers to stm32h7xx_it.o(.text.TIM2_IRQHandler) for TIM2_IRQHandler
    startup_stm32h753xx.o(RESET) refers to stm32h7xx_it.o(.text.TIM3_IRQHandler) for TIM3_IRQHandler
    startup_stm32h753xx.o(RESET) refers to stm32h7xx_it.o(.text.USART1_IRQHandler) for USART1_IRQHandler
    startup_stm32h753xx.o(RESET) refers to stm32h7xx_it.o(.text.USART2_IRQHandler) for USART2_IRQHandler
    startup_stm32h753xx.o(RESET) refers to stm32h7xx_it.o(.text.USART3_IRQHandler) for USART3_IRQHandler
    startup_stm32h753xx.o(RESET) refers to stm32h7xx_it.o(.text.DMA1_Stream7_IRQHandler) for DMA1_Stream7_IRQHandler
    startup_stm32h753xx.o(RESET) refers to stm32h7xx_it.o(.text.UART5_IRQHandler) for UART5_IRQHandler
    startup_stm32h753xx.o(RESET) refers to stm32h7xx_it.o(.text.DMA2_Stream0_IRQHandler) for DMA2_Stream0_IRQHandler
    startup_stm32h753xx.o(RESET) refers to stm32h7xx_it.o(.text.DMA2_Stream1_IRQHandler) for DMA2_Stream1_IRQHandler
    startup_stm32h753xx.o(RESET) refers to stm32h7xx_it.o(.text.DMA2_Stream2_IRQHandler) for DMA2_Stream2_IRQHandler
    startup_stm32h753xx.o(RESET) refers to stm32h7xx_it.o(.text.DMA2_Stream3_IRQHandler) for DMA2_Stream3_IRQHandler
    startup_stm32h753xx.o(RESET) refers to stm32h7xx_it.o(.text.USART6_IRQHandler) for USART6_IRQHandler
    startup_stm32h753xx.o(RESET) refers to stm32h7xx_it.o(.text.UART7_IRQHandler) for UART7_IRQHandler
    startup_stm32h753xx.o(.text) refers to system_stm32h7xx.o(.text.SystemInit) for SystemInit
    startup_stm32h753xx.o(.text) refers to entry.o(.ARM.Collect$$$$00000000) for __main
    u8_float.o(.ARM.exidx.text.U8ToFloat) refers to u8_float.o(.text.U8ToFloat) for [Anonymous Symbol]
    u8_float.o(.ARM.exidx.text.FloatToU8) refers to u8_float.o(.text.FloatToU8) for [Anonymous Symbol]
    main.o(.text.get_D_value) refers to main.o(.data..L_MergedGlobals) for .L_MergedGlobals
    main.o(.ARM.exidx.text.get_D_value) refers to main.o(.text.get_D_value) for [Anonymous Symbol]
    main.o(.text.Fuzhi) refers to main.o(.bss..L_MergedGlobals.3) for .L_MergedGlobals.3
    main.o(.text.Fuzhi) refers to main.o(.data..L_MergedGlobals) for .L_MergedGlobals
    main.o(.ARM.exidx.text.Fuzhi) refers to main.o(.text.Fuzhi) for [Anonymous Symbol]
    main.o(.text.HAL_UART_RxCpltCallback) refers to main.o(.data..L_MergedGlobals) for .L_MergedGlobals
    main.o(.text.HAL_UART_RxCpltCallback) refers to main.o(.bss..L_MergedGlobals.2) for .L_MergedGlobals.2
    main.o(.text.HAL_UART_RxCpltCallback) refers to strstr.o(.text) for strstr
    main.o(.text.HAL_UART_RxCpltCallback) refers to atof.o(i.__hardfp_atof) for __hardfp_atof
    main.o(.text.HAL_UART_RxCpltCallback) refers to main.o(.bss..L_MergedGlobals.4) for .L_MergedGlobals.4
    main.o(.text.HAL_UART_RxCpltCallback) refers to dvl.o(.text.DVL_RxCallback) for DVL_RxCallback
    main.o(.text.HAL_UART_RxCpltCallback) refers to usart.o(.bss.huart1) for huart1
[...]
    i.__hardfp_cosf                          0x08008f18   Section        0  cosf.o(i.__hardfp_cosf)
    i.__hardfp_fabs                          0x08009068   Section        0  fabs.o(i.__hardfp_fabs)
    i.__hardfp_sinf                          0x0800907c   Section        0  sinf.o(i.__hardfp_sinf)
    i.__hardfp_sqrtf                         0x0800920c   Section        0  sqrtf.o(i.__hardfp_sqrtf)
    i.__mathlib_flt_infnan                   0x08009246   Section        0  funder.o(i.__mathlib_flt_infnan)
    i.__mathlib_flt_invalid                  0x0800924c   Section        0  funder.o(i.__mathlib_flt_invalid)
    i.__mathlib_flt_underflow                0x0800925c   Section        0  funder.o(i.__mathlib_flt_underflow)
    i.__mathlib_rredf2                       0x0800926c   Section        0  rredf.o(i.__mathlib_rredf2)
    i.__read_errno                           0x080093c0   Section        0  errno.o(i.__read_errno)
    i.__scatterload_copy                     0x080093cc   Section       14  handlers.o(i.__scatterload_copy)
    i.__scatterload_null                     0x080093da   Section        2  handlers.o(i.__scatterload_null)
    i.__scatterload_zeroinit                 0x080093dc   Section       14  handlers.o(i.__scatterload_zeroinit)
    i.__set_errno                            0x080093ec   Section        0  errno.o(i.__set_errno)
    i._is_digit                              0x080093f8   Section        0  scanf_fp.o(i._is_digit)
    .constdata                               0x08009408   Section       32  rredf.o(.constdata)
    twooverpi                                0x08009408   Data          32  rredf.o(.constdata)
    .constdata                               0x08009428   Section       64  ctype_c.o(.constdata)
    .Lmain.config                            0x08009468   Data          12  main.o(.rodata..Lmain.config)
    DMA_CalcBaseAndBitshift.flagBitshiftOffset 0x0800949c   Data           8  stm32h7xx_hal_dma.o(.rodata.cst8)
    UARTEx_SetNbDataToProcess.numerator      0x080094a4   Data           8  stm32h7xx_hal_uart_ex.o(.rodata.cst8)
    UARTEx_SetNbDataToProcess.denominator    0x080094ac   Data           8  stm32h7xx_hal_uart_ex.o(.rodata.cst8)
    .data                                    0x24000000   Section        4  strtok.o(.data)
    state                                    0x24000000   Data           4  strtok.o(.data)
    .data                                    0x24000004   Section        4  errno.o(.data)
    _errno                                   0x24000004   Data           4  errno.o(.data)
    [Anonymous Symbol]                       0x24000010   Section        0  main.o(.data..L_MergedGlobals)
    .L_MergedGlobals                         0x24000010   Data         116  main.o(.data..L_MergedGlobals)
    [Anonymous Symbol]                       0x24000084   Section        0  system_stm32h7xx.o(.data..L_MergedGlobals)
    .L_MergedGlobals                         0x24000084   Data           8  system_stm32h7xx.o(.data..L_MergedGlobals)
    [Anonymous Symbol]                       0x2400008c   Section        0  stm32h7xx_hal.o(.data..L_MergedGlobals)
    .L_MergedGlobals                         0x2400008c   Data          12  stm32h7xx_hal.o(.data..L_MergedGlobals)
    [Anonymous Symbol]                       0x240000a0   Section        0  usart.o(.bss..L_MergedGlobals)
    .L_MergedGlobals                         0x240000a0   Data         120  usart.o(.bss..L_MergedGlobals)
    [Anonymous Symbol]                       0x24000120   Section        0  xsense.o(.bss..L_MergedGlobals)
    .L_MergedGlobals                         0x24000120   Data          40  xsense.o(.bss..L_MergedGlobals)
    [Anonymous Symbol]                       0x24000148   Section        0  guangxian.o(.bss..L_MergedGlobals)
    .L_MergedGlobals                         0x24000148   Data          16  guangxian.o(.bss..L_MergedGlobals)
    [Anonymous Symbol]                       0x24000160   Section        0  usart.o(.bss..L_MergedGlobals.1)
    .L_MergedGlobals.1                       0x24000160   Data         120  usart.o(.bss..L_MergedGlobals.1)
    [Anonymous Symbol]                       0x240001e0   Section        0  usart.o(.bss..L_MergedGlobals.10)
    .L_MergedGlobals.10                      0x240001e0   Data         120  usart.o(.bss..L_MergedGlobals.10)
    [Anonymous Symbol]                       0x24000260   Section        0  usart.o(.bss..L_MergedGlobals.11)
    .L_MergedGlobals.11                      0x24000260   Data         120  usart.o(.bss..L_MergedGlobals.11)
    [Anonymous Symbol]                       0x240002e0   Section        0  main.o(.bss..L_MergedGlobals.2)
    .L_MergedGlobals.2                       0x240002e0   Data          88  main.o(.bss..L_MergedGlobals.2)
    [Anonymous Symbol]                       0x24000340   Section        0  usart.o(.bss..L_MergedGlobals.2)
    .L_MergedGlobals.2                       0x24000340   Data         120  usart.o(.bss..L_MergedGlobals.2)
    [Anonymous Symbol]                       0x240003c0   Section        0  main.o(.bss..L_MergedGlobals.3)
    .L_MergedGlobals.3                       0x240003c0   Data          52  main.o(.bss..L_MergedGlobals.3)
    [Anonymous Symbol]                       0x24000400   Section        0  usart.o(.bss..L_MergedGlobals.3)
    .L_MergedGlobals.3                       0x24000400   Data         120  usart.o(.bss..L_MergedGlobals.3)
    [Anonymous Symbol]                       0x24000480   Section        0  main.o(.bss..L_MergedGlobals.4)
    .L_MergedGlobals.4                       0x24000480   Data          84  main.o(.bss..L_MergedGlobals.4)
    [Anonymous Symbol]                       0x240004e0   Section        0  usart.o(.bss..L_MergedGlobals.4)
    .L_MergedGlobals.4                       0x240004e0   Data         120  usart.o(.bss..L_MergedGlobals.4)
    [Anonymous Symbol]                       0x24000558   Section        0  main.o(.bss..L_MergedGlobals.5)
    .L_MergedGlobals.5                       0x24000558   Data           3  main.o(.bss..L_MergedGlobals.5)
    HAL_UART_RxCpltCallback.rxd2_state       0x24000558   Data           1  main.o(.bss..L_MergedGlobals.5)
    HAL_UART_RxCpltCallback.rxd6_state       0x24000559   Data           1  main.o(.bss..L_MergedGlobals.5)
    HAL_UART_RxCpltCallback.rxd3_state       0x2400055a   Data           1  main.o(.bss..L_MergedGlobals.5)
    [Anonymous Symbol]                       0x24000560   Section        0  usart.o(.bss..L_MergedGlobals.5)
    .L_MergedGlobals.5                       0x24000560   Data         120  usart.o(.bss..L_MergedGlobals.5)
    [Anonymous Symbol]                       0x240005e0   Section        0  usart.o(.bss..L_MergedGlobals.6)
    .L_MergedGlobals.6                       0x240005e0   Data         120  usart.o(.bss..L_MergedGlobals.6)
    [Anonymous Symbol]                       0x24000660   Section        0  usart.o(.bss..L_MergedGlobals.7)
    .L_MergedGlobals.7                       0x24000660   Data         120  usart.o(.bss..L_MergedGlobals.7)
    [Anonymous Symbol]                       0x240006e0   Section        0  usart.o(.bss..L_MergedGlobals.8)
    .L_MergedGlobals.8                       0x240006e0   Data         120  usart.o(.bss..L_MergedGlobals.8)
    [Anonymous Symbol]                       0x24000760   Section        0  usart.o(.bss..L_MergedGlobals.9)
    .L_MergedGlobals.9                       0x24000760   Data         120  usart.o(.bss..L_MergedGlobals.9)
    STACK                                    0x24000d88   Section     1024  startup_stm32h753xx.o(STACK)

    Global Symbols

    Symbol Name                              Value     Ov Type        Size  Object(Section)

    BuildAttributes$$THM_ISAv4$E$P$D$K$B$S$7EM$VFPv5_D16$PE$PLD8$A:L22UL41UL21$X:L11$S22US41US21$IEEE1$IW$~IW$USESV6$~STKCKD$USESV7$~SHL$OTIME$ROPI$IEEEX$EBA8$MICROLIB$REQ8$PRES8$EABIv2 0x00000000   Number         0  anon$$obj.o ABSOLUTE
    __cpp_initialize__aeabi_                  - Undefined Weak Reference
    __cxa_finalize                            - Undefined Weak Reference
    __decompress                              - Undefined Weak Reference
    _clock_init                               - Undefined Weak Reference
    _microlib_exit                            - Undefined Weak Reference
    __Vectors_Size                           0x00000298   Number         0  startup_stm32h753xx.o ABSOLUTE
    __Vectors                                0x08000000   Data           4  startup_stm32h753xx.o(RESET)
    __Vectors_End                            0x08000298   Data           0  startup_stm32h753xx.o(RESET)
    __main                                   0x08000299   Thumb Code     0  entry.o(.ARM.Collect$$$$00000000)
    _main_stk                                0x08000299   Thumb Code     0  entry2.o(.ARM.Collect$$$$00000001)
    _main_scatterload                        0x0800029d   Thumb Code     0  entry5.o(.ARM.Collect$$$$00000004)
    __main_after_scatterload                 0x080002a1   Thumb Code     0  entry5.o(.ARM.Collect$$$$00000004)
    _main_clock                              0x080002a1   Thumb Code     0  entry7b.o(.ARM.Collect$$$$00000008)
    _main_cpp_init                           0x080002a1   Thumb Code     0  entry8b.o(.ARM.Collect$$$$0000000A)
    _main_init                               0x080002a1   Thumb Code     0  entry9a.o(.ARM.Collect$$$$0000000B)
    __rt_final_cpp                           0x080002a9   Thumb Code     0  entry10a.o(.ARM.Collect$$$$0000000D)
    __rt_final_exit                          0x080002a9   Thumb Code     0  entry11a.o(.ARM.Collect$$$$0000000F)
    Reset_Handler                            0x080002ad   Thumb Code     8  startup_stm32h753xx.o(.text)
    ADC3_IRQHandler                          0x080002c7   Thumb Code     0  startup_stm32h753xx.o(.text)
    ADC_IRQHandler                           0x080002c7   Thumb Code     0  startup_stm32h753xx.o(.text)
    BDMA_Channel0_IRQHandler                 0x080002c7   Thumb Code     0  startup_stm32h753xx.o(.text)
    BDMA_Channel1_IRQHandler                 0x080002c7   Thumb Code     0  startup_stm32h753xx.o(.text)
    BDMA_Channel2_IRQHandler                 0x080002c7   Thumb Code     0  startup_stm32h753xx.o(.text)
    BDMA_Channel3_IRQHandler                 0x080002c7   Thumb Code     0  startup_stm32h753xx.o(.text)
    BDMA_Channel4_IRQHandler                 0x080002c7   Thumb Code     0  startup_stm32h753xx.o(.text)
    BDMA_Channel5_IRQHandler                 0x080002c7   Thumb Code     0  startup_stm32h753xx.o(.text)
    BDMA_Channel6_IRQHandler                 0x080002c7   Thumb Code     0  startup_stm32h753xx.o(.text)
    BDMA_Channel7_IRQHandler                 0x080002c7   Thumb Code     0  startup_stm32h753xx.o(.text)
    CEC_IRQHandler                           0x080002c7   Thumb Code     0  startup_stm32h753xx.o(.text)
    COMP1_IRQHandler                         0x080002c7   Thumb Code     0  startup_stm32h753xx.o(.text)
    CRS_IRQHandler                           0x080002c7   Thumb Code     0  startup_stm32h753xx.o(.text)
    CRYP_IRQHandler                          0x080002c7   Thumb Code     0  startup_stm32h753xx.o(.text)
    DCMI_IRQHandler                          0x080002c7   Thumb Code     0  startup_stm32h753xx.o(.text)
    DFSDM1_FLT0_IRQHandler                   0x080002c7   Thumb Code     0  startup_stm32h753xx.o(.text)
    DFSDM1_FLT1_IRQHandler                   0x080002c7   Thumb Code     0  startup_stm32h753xx.o(.text)
    DFSDM1_FLT2_IRQHandler                   0x080002c7   Thumb Code     0  startup_stm32h753xx.o(.text)
    DFSDM1_FLT3_IRQHandler                   0x080002c7   Thumb Code     0  startup_stm32h753xx.o(.text)
    DMA2D_IRQHandler                         0x080002c7   Thumb Code     0  startup_stm32h753xx.o(.text)
    DMA2_Stream4_IRQHandler                  0x080002c7   Thumb Code     0  startup_stm32h753xx.o(.text)
    DMA2_Stream5_IRQHandler                  0x080002c7   Thumb Code     0  startup_stm32h753xx.o(.text)
    DMA2_Stream6_IRQHandler                  0x080002c7   Thumb Code     0  startup_stm32h753xx.o(.text)
    DMA2_Stream7_IRQHandler                  0x080002c7   Thumb Code     0  startup_stm32h753xx.o(.text)
    DMAMUX1_OVR_IRQHandler                   0x080002c7   Thumb Code     0  startup_stm32h753xx.o(.text)
    DMAMUX2_OVR_IRQHandler                   0x080002c7   Thumb Code     0  startup_stm32h753xx.o(.text)
    ECC_IRQHandler                           0x080002c7   Thumb Code     0  startup_stm32h753xx.o(.text)
    ETH_IRQHandler                           0x080002c7   Thumb Code     0  startup_stm32h753xx.o(.text)
    ETH_WKUP_IRQHandler                      0x080002c7   Thumb Code     0  startup_stm32h753xx.o(.text)
    EXTI0_IRQHandler                         0x080002c7   Thumb Code     0  startup_stm32h753xx.o(.text)
    EXTI15_10_IRQHandler                     0x080002c7   Thumb Code     0  startup_stm32h753xx.o(.text)
    EXTI1_IRQHandler                         0x080002c7   Thumb Code     0  startup_stm32h753xx.o(.text)
    EXTI2_IRQHandler                         0x080002c7   Thumb Code     0  startup_stm32h753xx.o(.text)
    EXTI3_IRQHandler                         0x080002c7   Thumb Code     0  startup_stm32h753xx.o(.text)
    EXTI4_IRQHandler                         0x080002c7   Thumb Code     0  startup_stm32h753xx.o(.text)
    EXTI9_5_IRQHandler                       0x080002c7   Thumb Code     0  startup_stm32h753xx.o(.text)
    FDCAN1_IT0_IRQHandler                    0x080002c7   Thumb Code     0  startup_stm32h753xx.o(.text)
    FDCAN1_IT1_IRQHandler                    0x080002c7   Thumb Code     0  startup_stm32h753xx.o(.text)
    FDCAN2_IT0_IRQHandler                    0x080002c7   Thumb Code     0  startup_stm32h753xx.o(.text)
    FDCAN2_IT1_IRQHandler                    0x080002c7   Thumb Code     0  startup_stm32h753xx.o(.text)
    FDCAN_CAL_IRQHandler                     0x080002c7   Thumb Code     0  startup_stm32h753xx.o(.text)
    FLASH_IRQHandler                         0x080002c7   Thumb Code     0  startup_stm32h753xx.o(.text)
    FMC_IRQHandler                           0x080002c7   Thumb Code     0  startup_stm32h753xx.o(.text)
    FPU_IRQHandler                           0x080002c7   Thumb Code     0  startup_stm32h753xx.o(.text)
    HASH_RNG_IRQHandler                      0x080002c7   Thumb Code     0  startup_stm32h753xx.o(.text)
    HRTIM1_FLT_IRQHandler                    0x080002c7   Thumb Code     0  startup_stm32h753xx.o(.text)
    HRTIM1_Master_IRQHandler                 0x080002c7   Thumb Code     0  startup_stm32h753xx.o(.text)
    HRTIM1_TIMA_IRQHandler                   0x080002c7   Thumb Code     0  startup_stm32h753xx.o(.text)
    HRTIM1_TIMB_IRQHandler                   0x080002c7   Thumb Code     0  startup_stm32h753xx.o(.text)
    HRTIM1_TIMC_IRQHandler                   0x080002c7   Thumb Code     0  startup_stm32h753xx.o(.text)
    HRTIM1_TIMD_IRQHandler                   0x080002c7   Thumb Code     0  startup_stm32h753xx.o(.text)
    HRTIM1_TIME_IRQHandler                   0x080002c7   Thumb Code     0  startup_stm32h753xx.o(.text)
    HSEM1_IRQHandler                         0x080002c7   Thumb Code     0  startup_stm32h753xx.o(.text)
    I2C1_ER_IRQHandler                       0x080002c7   Thumb Code     0  startup_stm32h753xx.o(.text)
    I2C1_EV_IRQHandler                       0x080002c7   Thumb Code     0  startup_stm32h753xx.o(.text)
    I2C2_ER_IRQHandler                       0x080002c7   Thumb Code     0  startup_stm32h753xx.o(.text)
    I2C2_EV_IRQHandler                       0x080002c7   Thumb Code     0  startup_stm32h753xx.o(.text)
    I2C3_ER_IRQHandler                       0x080002c7   Thumb Code     0  startup_stm32h753xx.o(.text)
    I2C3_EV_IRQHandler                       0x080002c7   Thumb Code     0  startup_stm32h753xx.o(.text)
    I2C4_ER_IRQHandler                       0x080002c7   Thumb Code     0  startup_stm32h753xx.o(.text)
    I2C4_EV_IRQHandler                       0x080002c7   Thumb Code     0  startup_stm32h753xx.o(.text)
    JPEG_IRQHandler                          0x080002c7   Thumb Code     0  startup_stm32h753xx.o(.text)
    LPTIM1_IRQHandler                        0x080002c7   Thumb Code     0  startup_stm32h753xx.o(.text)
    LPTIM2_IRQHandler                        0x080002c7   Thumb Code     0  startup_stm32h753xx.o(.text)
    LPTIM3_IRQHandler                        0x080002c7   Thumb Code     0  startup_stm32h753xx.o(.text)
    LPTIM4_IRQHandler                        0x080002c7   Thumb Code     0  startup_stm32h753xx.o(.text)
    LPTIM5_IRQHandler                        0x080002c7   Thumb Code     0  startup_stm32h753xx.o(.text)
    LPUART1_IRQHandler                       0x080002c7   Thumb Code     0  startup_stm32h753xx.o(.text)
    LTDC_ER_IRQHandler                       0x080002c7   Thumb Code     0  startup_stm32h753xx.o(.text)
    LTDC_IRQHandler                          0x080002c7   Thumb Code     0  startup_stm32h753xx.o(.text)
    MDIOS_IRQHandler                         0x080002c7   Thumb Code     0  startup_stm32h753xx.o(.text)
    MDIOS_WKUP_IRQHandler                    0x080002c7   Thumb Code     0  startup_stm32h753xx.o(.text)
    MDMA_IRQHandler                          0x080002c7   Thumb Code     0  startup_stm32h753xx.o(.text)
    OTG_FS_EP1_IN_IRQHandler                 0x080002c7   Thumb Code     0  startup_stm32h753xx.o(.text)
    OTG_FS_EP1_OUT_IRQHandler                0x080002c7   Thumb Code     0  startup_stm32h753xx.o(.text)
    OTG_FS_IRQHandler                        0x080002c7   Thumb Code     0  startup_stm32h753xx.o(.text)
    OTG_FS_WKUP_IRQHandler                   0x080002c7   Thumb Code     0  startup_stm32h753xx.o(.text)
    OTG_HS_EP1_IN_IRQHandler                 0x080002c7   Thumb Code     0  startup_stm32h753xx.o(.text)
    OTG_HS_EP1_OUT_IRQHandler                0x080002c7   Thumb Code     0  startup_stm32h753xx.o(.text)
    OTG_HS_IRQHandler                        0x080002c7   Thumb Code     0  startup_stm32h753xx.o(.text)
    OTG_HS_WKUP_IRQHandler                   0x080002c7   Thumb Code     0  startup_stm32h753xx.o(.text)
    PVD_AVD_IRQHandler                       0x080002c7   Thumb Code     0  startup_stm32h753xx.o(.text)
    QUADSPI_IRQHandler                       0x080002c7   Thumb Code     0  startup_stm32h753xx.o(.text)
    RCC_IRQHandler                           0x080002c7   Thumb Code     0  startup_stm32h753xx.o(.text)
    RTC_Alarm_IRQHandler                     0x080002c7   Thumb Code     0  startup_stm32h753xx.o(.text)
    RTC_WKUP_IRQHandler                      0x080002c7   Thumb Code     0  startup_stm32h753xx.o(.text)
    SAI1_IRQHandler                          0x080002c7   Thumb Code     0  startup_stm32h753xx.o(.text)
    SAI2_IRQHandler                          0x080002c7   Thumb Code     0  startup_stm32h753xx.o(.text)
    SAI3_IRQHandler                          0x080002c7   Thumb Code     0  startup_stm32h753xx.o(.text)
    SAI4_IRQHandler                          0x080002c7   Thumb Code     0  startup_stm32h753xx.o(.text)
    SDMMC1_IRQHandler                        0x080002c7   Thumb Code     0  startup_stm32h753xx.o(.text)
    SDMMC2_IRQHandler                        0x080002c7   Thumb Code     0  startup_stm32h753xx.o(.text)
    SPDIF_RX_IRQHandler                      0x080002c7   Thumb Code     0  startup_stm32h753xx.o(.text)
    SPI1_IRQHandler                          0x080002c7   Thumb Code     0  startup_stm32h753xx.o(.text)
    SPI2_IRQHandler                          0x080002c7   Thumb Code     0  startup_stm32h753xx.o(.text)
    SPI3_IRQHandler                          0x080002c7   Thumb Code     0  startup_stm32h753xx.o(.text)
    SPI4_IRQHandler                          0x080002c7   Thumb Code     0  startup_stm32h753xx.o(.text)
    SPI5_IRQHandler                          0x080002c7   Thumb Code     0  startup_stm32h753xx.o(.text)
    SPI6_IRQHandler                          0x080002c7   Thumb Code     0  startup_stm32h753xx.o(.text)
    SWPMI1_IRQHandler                        0x080002c7   Thumb Code     0  startup_stm32h753xx.o(.text)
    TAMP_STAMP_IRQHandler                    0x080002c7   Thumb Code     0  startup_stm32h753xx.o(.text)
    TIM15_IRQHandler                         0x080002c7   Thumb Code     0  startup_stm32h753xx.o(.text)
    TIM16_IRQHandler                         0x080002c7   Thumb Code     0  startup_stm32h753xx.o(.text)
    TIM17_IRQHandler                         0x080002c7   Thumb Code     0  startup_stm32h753xx.o(.text)
    TIM1_BRK_IRQHandler                      0x080002c7   Thumb Code     0  startup_stm32h753xx.o(.text)
    TIM1_CC_IRQHandler                       0x080002c7   Thumb Code     0  startup_stm32h753xx.o(.text)
    TIM1_TRG_COM_IRQHandler                  0x080002c7   Thumb Code     0  startup_stm32h753xx.o(.text)
    TIM1_UP_IRQHandler                       0x080002c7   Thumb Code     0  startup_stm32h753xx.o(.text)
    TIM4_IRQHandler                          0x080002c7   Thumb Code     0  startup_stm32h753xx.o(.text)
    TIM5_IRQHandler                          0x080002c7   Thumb Code     0  startup_stm32h753xx.o(.text)
    TIM6_DAC_IRQHandler                      0x080002c7   Thumb Code     0  startup_stm32h753xx.o(.text)
    TIM7_IRQHandler                          0x080002c7   Thumb Code     0  startup_stm32h753xx.o(.text)
    TIM8_BRK_TIM12_IRQHandler                0x080002c7   Thumb Code     0  startup_stm32h753xx.o(.text)
    TIM8_CC_IRQHandler                       0x080002c7   Thumb Code     0  startup_stm32h753xx.o(.text)
    TIM8_TRG_COM_TIM14_IRQHandler            0x080002c7   Thumb Code     0  startup_stm32h753xx.o(.text)
    TIM8_UP_TIM13_IRQHandler                 0x080002c7   Thumb Code     0  startup_stm32h753xx.o(.text)
    UART4_IRQHandler                         0x080002c7   Thumb Code     0  startup_stm32h753xx.o(.text)
    UART8_IRQHandler                         0x080002c7   Thumb Code     0  startup_stm32h753xx.o(.text)
    WAKEUP_PIN_IRQHandler                    0x080002c7   Thumb Code     0  startup_stm32h753xx.o(.text)
    WWDG_IRQHandler                          0x080002c7   Thumb Code     0  startup_stm32h753xx.o(.text)
    __aeabi_uldivmod                         0x080002d1   Thumb Code    98  uldiv.o(.text)
    __aeabi_memset                           0x08000333   Thumb Code    14  memseta.o(.text)
    __aeabi_memset4                          0x08000333   Thumb Code     0  memseta.o(.text)
    __aeabi_memset8                          0x08000333   Thumb Code     0  memseta.o(.text)
    __aeabi_memclr                           0x08000341   Thumb Code     4  memseta.o(.text)
    __aeabi_memclr4                          0x08000341   Thumb Code     0  memseta.o(.text)
    __aeabi_memclr8                          0x08000341   Thumb Code     0  memseta.o(.text)
    _memset$wrapper                          0x08000345   Thumb Code    18  memseta.o(.text)
    strstr                                   0x08000357   Thumb Code    36  strstr.o(.text)
    strncmp                                  0x0800037b   Thumb Code    30  strncmp.o(.text)
    strtok                                   0x08000399   Thumb Code    62  strtok.o(.text)
    __aeabi_llsl                             0x080003dd   Thumb Code    30  llshl.o(.text)
    _ll_shift_l                              0x080003dd   Thumb Code     0  llshl.o(.text)
    __aeabi_llsr                             0x080003fb   Thumb Code    32  llushr.o(.text)
    _ll_ushift_r                             0x080003fb   Thumb Code     0  llushr.o(.text)
    __strtod_int                             0x08000453   Thumb Code    88  strtod.o(.text)
    __I$use$fp                               0x080004b9   Thumb Code     0  iusefp.o(.text)
    __scatterload                            0x080004b9   Thumb Code    28  init.o(.text)
    __scatterload_rt2                        0x080004b9   Thumb Code     0  init.o(.text)
    isspace                                  0x080004dd   Thumb Code    10  isspace_c.o(.text)
    _scanf_real                              0x08000611   Thumb Code     0  scanf_fp.o(.text)
    _scanf_really_real                       0x08000611   Thumb Code   556  scanf_fp.o(.text)
    _sgetc                                   0x08000849   Thumb Code    30  _sgetc.o(.text)
    _sbackspace                              0x08000867   Thumb Code    34  _sgetc.o(.text)
    __ctype_lookup                           0x08000889   Thumb Code    34  ctype_c.o(.text)
    __aeabi_dmul                             0x080008b1   Thumb Code   228  dmul.o(.text)
    __aeabi_ddiv                             0x08000995   Thumb Code   222  ddiv.o(.text)
    __aeabi_ul2d                             0x08000a73   Thumb Code    24  dfltul.o(.text)
    __aeabi_d2f                              0x08000a8b   Thumb Code    56  d2f.o(.text)
    _float_round                             0x08000ac3   Thumb Code    18  fepilogue.o(.text)
    _float_epilogue                          0x08000ad5   Thumb Code    92  fepilogue.o(.text)
    _double_round                            0x08000b31   Thumb Code    30  depilogue.o(.text)
    _double_epilogue                         0x08000b4f   Thumb Code   156  depilogue.o(.text)
    Angle_function                           0x08000bf1   Thumb Code   128  guangxian.o(.text.Angle_function)
    BusFault_Handler                         0x08000c71   Thumb Code     2  stm32h7xx_it.o(.text.BusFault_Handler)
    DMA1_Stream0_IRQHandler                  0x08000c79   Thumb Code    12  stm32h7xx_it.o(.text.DMA1_Stream0_IRQHandler)
    DMA1_Stream1_IRQHandler                  0x08000c89   Thumb Code    12  stm32h7xx_it.o(.text.DMA1_Stream1_IRQHandler)
    DMA1_Stream2_IRQHandler                  0x08000c99   Thumb Code    12  stm32h7xx_it.o(.text.DMA1_Stream2_IRQHandler)
    DMA1_Stream3_IRQHandler                  0x08000ca9   Thumb Code    12  stm32h7xx_it.o(.text.DMA1_Stream3_IRQHandler)
    DMA1_Stream4_IRQHandler                  0x08000cb9   Thumb Code    12  stm32h7xx_it.o(.text.DMA1_Stream4_IRQHandler)
    DMA1_Stream5_IRQHandler                  0x08000cc9   Thumb Code    12  stm32h7xx_it.o(.text.DMA1_Stream5_IRQHandler)
    DMA1_Stream6_IRQHandler                  0x08000cd9   Thumb Code    12  stm32h7xx_it.o(.text.DMA1_Stream6_IRQHandler)
    DMA1_Stream7_IRQHandler                  0x08000ce9   Thumb Code    12  stm32h7xx_it.o(.text.DMA1_Stream7_IRQHandler)
    DMA2_Stream0_IRQHandler                  0x08000cf9   Thumb Code    12  stm32h7xx_it.o(.text.DMA2_Stream0_IRQHandler)
    DMA2_Stream1_IRQHandler                  0x08000d09   Thumb Code    12  stm32h7xx_it.o(.text.DMA2_Stream1_IRQHandler)
    DMA2_Stream2_IRQHandler                  0x08000d19   Thumb Code    12  stm32h7xx_it.o(.text.DMA2_Stream2_IRQHandler)
    DMA2_Stream3_IRQHandler                  0x08000d29   Thumb Code    12  stm32h7xx_it.o(.text.DMA2_Stream3_IRQHandler)
    DR_GetPosition                           0x08000d39   Thumb Code    24  navigation.o(.text.DR_GetPosition)
    DR_Init                                  0x08000d51   Thumb Code    54  navigation.o(.text.DR_Init)
    DR_InterpolateAttitude                   0x08000d89   Thumb Code   512  navigation.o(.text.DR_InterpolateAttitude)
    DR_InterpolateVelocity                   0x08000f89   Thumb Code   328  navigation.o(.text.DR_InterpolateVelocity)
    DR_Reset                                 0x080010d1   Thumb Code    38  navigation.o(.text.DR_Reset)
    DR_SetConfig                             0x080010f9   Thumb Code    26  navigation.o(.text.DR_SetConfig)
    DR_UpdateAttitude                        0x08001119   Thumb Code   106  navigation.o(.text.DR_UpdateAttitude)
    DR_UpdateDepth                           0x08001189   Thumb Code    10  navigation.o(.text.DR_UpdateDepth)
    DR_UpdatePosition                        0x08001199   Thumb Code   824  navigation.o(.text.DR_UpdatePosition)
    DR_UpdateVelocity                        0x080014d1   Thumb Code   106  navigation.o(.text.DR_UpdateVelocity)
    DVL_GetData                              0x08001541   Thumb Code    46  dvl.o(.text.DVL_GetData)
    DVL_Init                                 0x08001571   Thumb Code    10  dvl.o(.text.DVL_Init)
    DVL_RxCallback                           0x08001581   Thumb Code   160  dvl.o(.text.DVL_RxCallback)
    DebugMon_Handler                         0x08001621   Thumb Code     2  stm32h7xx_it.o(.text.DebugMon_Handler)
    Error_Handler                            0x08001629   Thumb Code     2  main.o(.text.Error_Handler)
    FloatToU8                                0x08001631   Thumb Code    20  u8_float.o(.text.FloatToU8)
    Fuzhi                                    0x08001649   Thumb Code   336  main.o(.text.Fuzhi)
    HAL_DMA_Abort                            0x08001799   Thumb Code  1232  stm32h7xx_hal_dma.o(.text.HAL_DMA_Abort)
    HAL_DMA_Abort_IT                         0x08001c69   Thumb Code   670  stm32h7xx_hal_dma.o(.text.HAL_DMA_Abort_IT)
    HAL_DMA_IRQHandler                       0x08001f09   Thumb Code  2026  stm32h7xx_hal_dma.o(.text.HAL_DMA_IRQHandler)
    HAL_DMA_Init                             0x080026f9   Thumb Code  2054  stm32h7xx_hal_dma.o(.text.HAL_DMA_Init)
    HAL_DMA_Start_IT                         0x08002f01   Thumb Code  1634  stm32h7xx_hal_dma.o(.text.HAL_DMA_Start_IT)
    HAL_Delay                                0x08003569   Thumb Code    44  stm32h7xx_hal.o(.text.HAL_Delay)
    HAL_GPIO_Init                            0x08003599   Thumb Code   434  stm32h7xx_hal_gpio.o(.text.HAL_GPIO_Init)
    HAL_GPIO_WritePin                        0x08003751   Thumb Code    10  stm32h7xx_hal_gpio.o(.text.HAL_GPIO_WritePin)
    HAL_GetREVID                             0x08003761   Thumb Code    14  stm32h7xx_hal.o(.text.HAL_GetREVID)
    HAL_GetTick                              0x08003771   Thumb Code    12  stm32h7xx_hal.o(.text.HAL_GetTick)
    HAL_IncTick                              0x08003781   Thumb Code    18  stm32h7xx_hal.o(.text.HAL_IncTick)
    HAL_Init                                 0x08003799   Thumb Code   100  stm32h7xx_hal.o(.text.HAL_Init)
    HAL_InitTick                             0x08003801   Thumb Code    78  stm32h7xx_hal.o(.text.HAL_InitTick)
    HAL_MspInit                              0x08003851   Thumb Code    36  stm32h7xx_hal_msp.o(.text.HAL_MspInit)
    HAL_NVIC_EnableIRQ                       0x08003879   Thumb Code    32  stm32h7xx_hal_cortex.o(.text.HAL_NVIC_EnableIRQ)
    HAL_NVIC_SetPriority                     0x08003899   Thumb Code   100  stm32h7xx_hal_cortex.o(.text.HAL_NVIC_SetPriority)
    HAL_NVIC_SetPriorityGrouping             0x08003901   Thumb Code    32  stm32h7xx_hal_cortex.o(.text.HAL_NVIC_SetPriorityGrouping)
    HAL_PWREx_ConfigSupply                   0x08003921   Thumb Code    80  stm32h7xx_hal_pwr_ex.o(.text.HAL_PWREx_ConfigSupply)
    HAL_RCCEx_GetD3PCLK1Freq                 0x08003971   Thumb Code    38  stm32h7xx_hal_rcc_ex.o(.text.HAL_RCCEx_GetD3PCLK1Freq)
    HAL_RCCEx_GetPLL2ClockFreq               0x08003999   Thumb Code   368  stm32h7xx_hal_rcc_ex.o(.text.HAL_RCCEx_GetPLL2ClockFreq)
    HAL_RCCEx_GetPLL3ClockFreq               0x08003b09   Thumb Code   368  stm32h7xx_hal_rcc_ex.o(.text.HAL_RCCEx_GetPLL3ClockFreq)
    HAL_RCCEx_PeriphCLKConfig                0x08003c79   Thumb Code  2520  stm32h7xx_hal_rcc_ex.o(.text.HAL_RCCEx_PeriphCLKConfig)
    HAL_RCC_ClockConfig                      0x08004651   Thumb Code   686  stm32h7xx_hal_rcc.o(.text.HAL_RCC_ClockConfig)
    HAL_RCC_GetHCLKFreq                      0x08004901   Thumb Code    76  stm32h7xx_hal_rcc.o(.text.HAL_RCC_GetHCLKFreq)
    HAL_RCC_GetPCLK1Freq                     0x08004951   Thumb Code    96  stm32h7xx_hal_rcc.o(.text.HAL_RCC_GetPCLK1Freq)
    HAL_RCC_GetPCLK2Freq                     0x080049b1   Thumb Code    96  stm32h7xx_hal_rcc.o(.text.HAL_RCC_GetPCLK2Freq)
    HAL_RCC_GetSysClockFreq                  0x08004a11   Thumb Code   356  stm32h7xx_hal_rcc.o(.text.HAL_RCC_GetSysClockFreq)
    HAL_RCC_OscConfig                        0x08004b79   Thumb Code  1402  stm32h7xx_hal_rcc.o(.text.HAL_RCC_OscConfig)
    HAL_SYSTICK_Config                       0x080050f9   Thumb Code    44  stm32h7xx_hal_cortex.o(.text.HAL_SYSTICK_Config)
    HAL_TIMEx_Break2Callback                 0x08005129   Thumb Code     2  stm32h7xx_hal_tim_ex.o(.text.HAL_TIMEx_Break2Callback)
    HAL_TIMEx_BreakCallback                  0x08005131   Thumb Code     2  stm32h7xx_hal_tim_ex.o(.text.HAL_TIMEx_BreakCallback)
    HAL_TIMEx_CommutCallback                 0x08005139   Thumb Code     2  stm32h7xx_hal_tim_ex.o(.text.HAL_TIMEx_CommutCallback)
    HAL_TIMEx_MasterConfigSynchronization    0x08005141   Thumb Code   204  stm32h7xx_hal_tim_ex.o(.text.HAL_TIMEx_MasterConfigSynchronization)
    HAL_TIM_Base_Init                        0x08005211   Thumb Code   402  stm32h7xx_hal_tim.o(.text.HAL_TIM_Base_Init)
    HAL_TIM_Base_MspInit                     0x080053a9   Thumb Code   108  tim.o(.text.HAL_TIM_Base_MspInit)
    HAL_TIM_Base_Start_IT                    0x08005419   Thumb Code   176  stm32h7xx_hal_tim.o(.text.HAL_TIM_Base_Start_IT)
    HAL_TIM_ConfigClockSource                0x080054c9   Thumb Code   470  stm32h7xx_hal_tim.o(.text.HAL_TIM_ConfigClockSource)
    HAL_TIM_IC_CaptureCallback               0x080056a1   Thumb Code     2  stm32h7xx_hal_tim.o(.text.HAL_TIM_IC_CaptureCallback)
    HAL_TIM_IRQHandler                       0x080056a9   Thumb Code   400  stm32h7xx_hal_tim.o(.text.HAL_TIM_IRQHandler)
    HAL_TIM_OC_DelayElapsedCallback          0x08005839   Thumb Code     2  stm32h7xx_hal_tim.o(.text.HAL_TIM_OC_DelayElapsedCallback)
    HAL_TIM_PWM_PulseFinishedCallback        0x08005841   Thumb Code     2  stm32h7xx_hal_tim.o(.text.HAL_TIM_PWM_PulseFinishedCallback)
    HAL_TIM_PeriodElapsedCallback            0x08005849   Thumb Code   120  main.o(.text.HAL_TIM_PeriodElapsedCallback)
    HAL_TIM_TriggerCallback                  0x080058c1   Thumb Code     2  stm32h7xx_hal_tim.o(.text.HAL_TIM_TriggerCallback)
    HAL_UARTEx_DisableFifoMode               0x080058c9   Thumb Code    56  stm32h7xx_hal_uart_ex.o(.text.HAL_UARTEx_DisableFifoMode)
    HAL_UARTEx_RxEventCallback               0x08005901   Thumb Code     2  stm32h7xx_hal_uart.o(.text.HAL_UARTEx_RxEventCallback)
    HAL_UARTEx_RxFifoFullCallback            0x08005909   Thumb Code     2  stm32h7xx_hal_uart_ex.o(.text.HAL_UARTEx_RxFifoFullCallback)
    HAL_UARTEx_SetRxFifoThreshold            0x08005911   Thumb Code   144  stm32h7xx_hal_uart_ex.o(.text.HAL_UARTEx_SetRxFifoThreshold)
    HAL_UARTEx_SetTxFifoThreshold            0x080059a1   Thumb Code   144  stm32h7xx_hal_uart_ex.o(.text.HAL_UARTEx_SetTxFifoThreshold)
    HAL_UARTEx_TxFifoEmptyCallback           0x08005a31   Thumb Code     2  stm32h7xx_hal_uart_ex.o(.text.HAL_UARTEx_TxFifoEmptyCallback)
    HAL_UARTEx_WakeupCallback                0x08005a39   Thumb Code     2  stm32h7xx_hal_uart_ex.o(.text.HAL_UARTEx_WakeupCallback)
    HAL_UART_ErrorCallback                   0x08005a41   Thumb Code     2  stm32h7xx_hal_uart.o(.text.HAL_UART_ErrorCallback)
    HAL_UART_IRQHandler                      0x08005a49   Thumb Code  1150  stm32h7xx_hal_uart.o(.text.HAL_UART_IRQHandler)
    HAL_UART_Init                            0x08005ec9   Thumb Code   102  stm32h7xx_hal_uart.o(.text.HAL_UART_Init)
    HAL_UART_MspInit                         0x08005f31   Thumb Code  1492  usart.o(.text.HAL_UART_MspInit)
    HAL_UART_Receive_DMA                     0x08006509   Thumb Code   262  stm32h7xx_hal_uart.o(.text.HAL_UART_Receive_DMA)
    HAL_UART_Receive_IT                      0x08006611   Thumb Code   102  stm32h7xx_hal_uart.o(.text.HAL_UART_Receive_IT)
    HAL_UART_RxCpltCallback                  0x08006679   Thumb Code   796  main.o(.text.HAL_UART_RxCpltCallback)
    HAL_UART_RxHalfCpltCallback              0x08006999   Thumb Code     2  stm32h7xx_hal_uart.o(.text.HAL_UART_RxHalfCpltCallback)
    HAL_UART_Transmit_IT                     0x080069a1   Thumb Code   178  stm32h7xx_hal_uart.o(.text.HAL_UART_Transmit_IT)
    HAL_UART_TxCpltCallback                  0x08006a59   Thumb Code     2  stm32h7xx_hal_uart.o(.text.HAL_UART_TxCpltCallback)
    HardFault_Handler                        0x08006a61   Thumb Code     2  stm32h7xx_it.o(.text.HardFault_Handler)
    MX_DMA_Init                              0x08006a69   Thumb Code   246  dma.o(.text.MX_DMA_Init)
    MX_GPIO_Init                             0x08006b61   Thumb Code   270  gpio.o(.text.MX_GPIO_Init)
    MX_TIM2_Init                             0x08006c71   Thumb Code   124  tim.o(.text.MX_TIM2_Init)
    MX_TIM3_Init                             0x08006cf1   Thumb Code   128  tim.o(.text.MX_TIM3_Init)
    MX_UART5_Init                            0x08006d71   Thumb Code   130  usart.o(.text.MX_UART5_Init)
    MX_UART7_Init                            0x08006df9   Thumb Code   130  usart.o(.text.MX_UART7_Init)
    MX_USART1_UART_Init                      0x08006e81   Thumb Code   130  usart.o(.text.MX_USART1_UART_Init)
    MX_USART2_UART_Init                      0x08006f09   Thumb Code   130  usart.o(.text.MX_USART2_UART_Init)
    MX_USART3_UART_Init                      0x08006f91   Thumb Code   130  usart.o(.text.MX_USART3_UART_Init)
    MX_USART6_UART_Init                      0x08007019   Thumb Code   130  usart.o(.text.MX_USART6_UART_Init)
    MemManage_Handler                        0x080070a1   Thumb Code     2  stm32h7xx_it.o(.text.MemManage_Handler)
    NMI_Handler                              0x080070a9   Thumb Code     2  stm32h7xx_it.o(.text.NMI_Handler)
    PendSV_Handler                           0x080070b1   Thumb Code     2  stm32h7xx_it.o(.text.PendSV_Handler)
    Pitch_function                           0x080070b9   Thumb Code    96  xsense.o(.text.Pitch_function)
    SVC_Handler                              0x08007369   Thumb Code     2  stm32h7xx_it.o(.text.SVC_Handler)
    SysTick_Handler                          0x08007371   Thumb Code     4  stm32h7xx_it.o(.text.SysTick_Handler)
    SystemClock_Config                       0x08007379   Thumb Code   252  main.o(.text.SystemClock_Config)
    SystemInit                               0x08007479   Thumb Code   124  system_stm32h7xx.o(.text.SystemInit)
    TIM2_IRQHandler                          0x080074f9   Thumb Code    12  stm32h7xx_it.o(.text.TIM2_IRQHandler)
    TIM3_IRQHandler                          0x08007509   Thumb Code    12  stm32h7xx_it.o(.text.TIM3_IRQHandler)
    U8ToFloat                                0x08007519   Thumb Code    10  u8_float.o(.text.U8ToFloat)
    UART5_IRQHandler                         0x08007529   Thumb Code    12  stm32h7xx_it.o(.text.UART5_IRQHandler)
    UART7_IRQHandler                         0x08007539   Thumb Code    12  stm32h7xx_it.o(.text.UART7_IRQHandler)
    UART_AdvFeatureConfig                    0x08007549   Thumb Code   234  stm32h7xx_hal_uart.o(.text.UART_AdvFeatureConfig)
    UART_CheckIdleState                      0x08007639   Thumb Code   194  stm32h7xx_hal_uart.o(.text.UART_CheckIdleState)
    UART_SetConfig                           0x08007e19   Thumb Code  1436  stm32h7xx_hal_uart.o(.text.UART_SetConfig)
    UART_Start_Receive_IT                    0x080083b9   Thumb Code   324  stm32h7xx_hal_uart.o(.text.UART_Start_Receive_IT)
    UART_WaitOnFlagUntilTimeout              0x080086a9   Thumb Code   362  stm32h7xx_hal_uart.o(.text.UART_WaitOnFlagUntilTimeout)
    USART1_IRQHandler                        0x08008819   Thumb Code    12  stm32h7xx_it.o(.text.USART1_IRQHandler)
    USART2_IRQHandler                        0x08008829   Thumb Code    12  stm32h7xx_it.o(.text.USART2_IRQHandler)
    USART3_IRQHandler                        0x08008839   Thumb Code    12  stm32h7xx_it.o(.text.USART3_IRQHandler)
    USART6_IRQHandler                        0x08008849   Thumb Code    12  stm32h7xx_it.o(.text.USART6_IRQHandler)
    UsageFault_Handler                       0x08008859   Thumb Code     2  stm32h7xx_it.o(.text.UsageFault_Handler)
    X_function                               0x08008861   Thumb Code    64  uwb.o(.text.X_function)
    Y_function                               0x080088a1   Thumb Code    64  uwb.o(.text.Y_function)
    Yaw_function                             0x080088e1   Thumb Code    96  xsense.o(.text.Yaw_function)
    main                                     0x08008941   Thumb Code  1112  main.o(.text.main)
    p_function                               0x08008d99   Thumb Code    96  xsense.o(.text.p_function)
    q_function                               0x08008df9   Thumb Code    96  xsense.o(.text.q_function)
    r_function                               0x08008e59   Thumb Code    96  xsense.o(.text.r_function)
    __ARM_fpclassifyf                        0x08008eb9   Thumb Code    38  fpclassifyf.o(i.__ARM_fpclassifyf)
    __hardfp_atof                            0x08008ee1   Thumb Code    44  atof.o(i.__hardfp_atof)
    __hardfp_cosf                            0x08008f19   Thumb Code   280  cosf.o(i.__hardfp_cosf)
    __hardfp_fabs                            0x08009069   Thumb Code    20  fabs.o(i.__hardfp_fabs)
    __hardfp_sinf                            0x0800907d   Thumb Code   344  sinf.o(i.__hardfp_sinf)
    __hardfp_sqrtf                           0x0800920d   Thumb Code    58  sqrtf.o(i.__hardfp_sqrtf)
    __mathlib_flt_infnan                     0x08009247   Thumb Code     6  funder.o(i.__mathlib_flt_infnan)
    __mathlib_flt_invalid                    0x0800924d   Thumb Code    10  funder.o(i.__mathlib_flt_invalid)
    __mathlib_flt_underflow                  0x0800925d   Thumb Code    10  funder.o(i.__mathlib_flt_underflow)
    __mathlib_rredf2                         0x0800926d   Thumb Code   316  rredf.o(i.__mathlib_rredf2)
    __read_errno                             0x080093c1   Thumb Code     6  errno.o(i.__read_errno)
    __scatterload_copy                       0x080093cd   Thumb Code    14  handlers.o(i.__scatterload_copy)
    __scatterload_null                       0x080093db   Thumb Code     2  handlers.o(i.__scatterload_null)
    __scatterload_zeroinit                   0x080093dd   Thumb Code    14  handlers.o(i.__scatterload_zeroinit)
    __set_errno                              0x080093ed   Thumb Code     6  errno.o(i.__set_errno)
    _is_digit                                0x080093f9   Thumb Code    14  scanf_fp.o(i._is_digit)
    __ctype_categories                       0x08009428   Data          64  ctype_c.o(.constdata)
    D1CorePrescTable                         0x08009474   Data          16  system_stm32h7xx.o(.rodata.D1CorePrescTable)
    UARTPrescTable                           0x08009484   Data          24  stm32h7xx_hal_uart.o(.rodata.UARTPrescTable)
    Region$$Table$$Base                      0x080094b4   Number         0  anon$$obj.o(Region$$Table)
    Region$$Table$$Limit                     0x080094d4   Number         0  anon$$obj.o(Region$$Table)
    uwb_valid_flag                           0x24000010   Data           1  main.o(.data..L_MergedGlobals)
    Depth_rx_index                           0x24000011   Data           1  main.o(.data..L_MergedGlobals)
    dvl_rx_byte                              0x24000012   Data           1  main.o(.data..L_MergedGlobals)
    Depth_rx_buffer                          0x24000013   Data           1  main.o(.data..L_MergedGlobals)
    last_position_update                     0x24000014   Data           4  main.o(.data..L_MergedGlobals)
    Angle                                    0x24000018   Data           4  main.o(.data..L_MergedGlobals)
    roll                                     0x2400001c   Data           4  main.o(.data..L_MergedGlobals)
    last_uwb_time                            0x24000020   Data           4  main.o(.data..L_MergedGlobals)
    Xpos                                     0x24000024   Data           4  main.o(.data..L_MergedGlobals)
    Ypos                                     0x24000028   Data           4  main.o(.data..L_MergedGlobals)
    Depth                                    0x2400002c   Data           4  main.o(.data..L_MergedGlobals)
    Roll                                     0x24000030   Data           4  main.o(.data..L_MergedGlobals)
    pitch                                    0x24000034   Data           4  main.o(.data..L_MergedGlobals)
    yaw                                      0x24000038   Data           4  main.o(.data..L_MergedGlobals)
    u_vlocity                                0x2400003c   Data           4  main.o(.data..L_MergedGlobals)
    v_vlocity                                0x24000040   Data           4  main.o(.data..L_MergedGlobals)
    w_vlocity                                0x24000044   Data           4  main.o(.data..L_MergedGlobals)
    p_vlocity                                0x24000048   Data           4  main.o(.data..L_MergedGlobals)
    q_vlocity                                0x2400004c   Data           4  main.o(.data..L_MergedGlobals)
    r_vlocity                                0x24000050   Data           4  main.o(.data..L_MergedGlobals)
    D_value                                  0x24000054   Data           4  main.o(.data..L_MergedGlobals)
    depth_num                                0x24000058   Data           4  main.o(.data..L_MergedGlobals)
    current_time                             0x2400005c   Data           4  main.o(.data..L_MergedGlobals)
    speed_u                                  0x24000060   Data           4  main.o(.data..L_MergedGlobals)
    speed_v                                  0x24000064   Data           4  main.o(.data..L_MergedGlobals)
    speed_w                                  0x24000068   Data           4  main.o(.data..L_MergedGlobals)
    Xaxis                                    0x2400006c   Data           4  main.o(.data..L_MergedGlobals)
    Yaxis                                    0x24000070   Data           4  main.o(.data..L_MergedGlobals)
    Pitch                                    0x24000074   Data           4  main.o(.data..L_MergedGlobals)
    speed_p                                  0x24000078   Data           4  main.o(.data..L_MergedGlobals)
    speed_q                                  0x2400007c   Data           4  main.o(.data..L_MergedGlobals)
    speed_r                                  0x24000080   Data           4  main.o(.data..L_MergedGlobals)
    SystemCoreClock                          0x24000084   Data           4  system_stm32h7xx.o(.data..L_MergedGlobals)
    SystemD2Clock                            0x24000088   Data           4  system_stm32h7xx.o(.data..L_MergedGlobals)
    uwTickFreq                               0x2400008c   Data           1  stm32h7xx_hal.o(.data..L_MergedGlobals)
    uwTickPrio                               0x24000090   Data           4  stm32h7xx_hal.o(.data..L_MergedGlobals)
    uwTick                                   0x24000094   Data           4  stm32h7xx_hal.o(.data..L_MergedGlobals)
    hdma_uart5_rx                            0x240000a0   Data         120  usart.o(.bss..L_MergedGlobals)
    Yaw_last                                 0x24000120   Data           4  xsense.o(.bss..L_MergedGlobals)
    Pitch_last                               0x24000124   Data           4  xsense.o(.bss..L_MergedGlobals)
    p_last                                   0x24000128   Data           4  xsense.o(.bss..L_MergedGlobals)
    q_last                                   0x2400012c   Data           4  xsense.o(.bss..L_MergedGlobals)
    r_last                                   0x24000130   Data           4  xsense.o(.bss..L_MergedGlobals)
    PitchBuffer                              0x24000134   Data           4  xsense.o(.bss..L_MergedGlobals)
    YawBuffer                                0x24000138   Data           4  xsense.o(.bss..L_MergedGlobals)
    pBuffer                                  0x2400013c   Data           4  xsense.o(.bss..L_MergedGlobals)
    qBuffer                                  0x24000140   Data           4  xsense.o(.bss..L_MergedGlobals)
    rBuffer                                  0x24000144   Data           4  xsense.o(.bss..L_MergedGlobals)
    Angleadd                                 0x24000148   Data           4  guangxian.o(.bss..L_MergedGlobals)
    Angleresult                              0x2400014c   Data           4  guangxian.o(.bss..L_MergedGlobals)
    AngleBuffer                              0x24000150   Data           5  guangxian.o(.bss..L_MergedGlobals)
    hdma_uart5_tx                            0x24000160   Data         120  usart.o(.bss..L_MergedGlobals.1)
    hdma_usart6_rx                           0x240001e0   Data         120  usart.o(.bss..L_MergedGlobals.10)
    hdma_usart6_tx                           0x24000260   Data         120  usart.o(.bss..L_MergedGlobals.11)
    attitude                                 0x240002e0   Data          12  main.o(.bss..L_MergedGlobals.2)
    body_velocity                            0x240002ec   Data          12  main.o(.bss..L_MergedGlobals.2)
    pos                                      0x240002f8   Data          12  main.o(.bss..L_MergedGlobals.2)
    Depth_rx_line                            0x24000304   Data          50  main.o(.bss..L_MergedGlobals.2)
    hdma_uart7_rx                            0x24000340   Data         120  usart.o(.bss..L_MergedGlobals.2)
    Deta                                     0x240003c0   Data          52  main.o(.bss..L_MergedGlobals.3)
    hdma_uart7_tx                            0x24000400   Data         120  usart.o(.bss..L_MergedGlobals.3)
    dvl_parser                               0x24000480   Data          84  main.o(.bss..L_MergedGlobals.4)
    hdma_usart1_rx                           0x240004e0   Data         120  usart.o(.bss..L_MergedGlobals.4)
    hdma_usart1_tx                           0x24000560   Data         120  usart.o(.bss..L_MergedGlobals.5)
    hdma_usart2_rx                           0x240005e0   Data         120  usart.o(.bss..L_MergedGlobals.6)
    hdma_usart2_tx                           0x24000660   Data         120  usart.o(.bss..L_MergedGlobals.7)
    hdma_usart3_rx                           0x240006e0   Data         120  usart.o(.bss..L_MergedGlobals.8)
    hdma_usart3_tx                           0x24000760   Data         120  usart.o(.bss..L_MergedGlobals.9)
    XaxisBuffer                              0x240007d8   Data           3  uwb.o(.bss.XaxisBuffer)
    YaxisBuffer                              0x240007db   Data           3  uwb.o(.bss.YaxisBuffer)
    aRxBuffer2                               0x240007de   Data           1  guangxian.o(.bss.aRxBuffer2)
    aRxBuffer3                               0x240007df   Data           1  uwb.o(.bss.aRxBuffer3)
    aRxBuffer6                               0x240007e0   Data           1  xsense.o(.bss.aRxBuffer6)
    dr                                       0x240007e4   Data         200  main.o(.bss.dr)
    htim2                                    0x240008ac   Data          76  tim.o(.bss.htim2)
    htim3                                    0x240008f8   Data          76  tim.o(.bss.htim3)
    huart1                                   0x24000944   Data         148  usart.o(.bss.huart1)
    huart2                                   0x240009d8   Data         148  usart.o(.bss.huart2)
    huart3                                   0x24000a6c   Data         148  usart.o(.bss.huart3)
    huart5                                   0x24000b00   Data         148  usart.o(.bss.huart5)
    huart6                                   0x24000b94   Data         148  usart.o(.bss.huart6)
    huart7                                   0x24000c28   Data         148  usart.o(.bss.huart7)
    rxd2_buffer                              0x24000cbc   Data          10  guangxian.o(.bss.rxd2_buffer)
    rxd2_flag                                0x24000cc6   Data           1  guangxian.o(.bss.rxd2_flag)
    rxd2_index                               0x24000cc7   Data           1  guangxian.o(.bss.rxd2_index)
    rxd3_buffer                              0x24000cc8   Data         124  uwb.o(.bss.rxd3_buffer)
    rxd3_flag                                0x24000d44   Data           1  uwb.o(.bss.rxd3_flag)
    rxd3_head                                0x24000d45   Data           1  uwb.o(.bss.rxd3_head)
    rxd3_index                               0x24000d46   Data           1  uwb.o(.bss.rxd3_index)
    rxd6_buffer                              0x24000d47   Data          57  xsense.o(.bss.rxd6_buffer)
    rxd6_flag                                0x24000d80   Data           1  xsense.o(.bss.rxd6_flag)
    rxd6_head                                0x24000d81   Data           1  xsense.o(.bss.rxd6_head)
    rxd6_index                               0x24000d82   Data           1  xsense.o(.bss.rxd6_index)
    __initial_sp                             0x24001188   Data           0  startup_stm32h753xx.o(STACK)



==============================================================================

Memory Map of the image

  Image Entry point : 0x08000299

  Load Region LR_IROM1 (Base: 0x08000000, Size: 0x00009580, Max: 0x00200000, ABSOLUTE)

    Execution Region ER_IROM1 (Exec base: 0x08000000, Load base: 0x08000000, Size: 0x000094d4, Max: 0x00200000, ABSOLUTE)

    Exec Addr    Load Addr    Size         Type   Attr      Idx    E Section Name        Object

    0x08000000   0x08000000   0x00000298   Data   RO            3    RESET               startup_stm32h753xx.o
    0x08000298   0x08000298   0x00000000   Code   RO         1855  * .ARM.Collect$$$$00000000  mc_w.l(entry.o)
    0x08000298   0x08000298   0x00000004   Code   RO         1891    .ARM.Collect$$$$00000001  mc_w.l(entry2.o)
    0x0800029c   0x0800029c   0x00000004   Code   RO         1894    .ARM.Collect$$$$00000004  mc_w.l(entry5.o)
    0x080002a0   0x080002a0   0x00000000   Code   RO         1896    .ARM.Collect$$$$00000008  mc_w.l(entry7b.o)
    0x080002a0   0x080002a0   0x00000000   Code   RO         1898    .ARM.Collect$$$$0000000A  mc_w.l(entry8b.o)
    0x080002a0   0x080002a0   0x00000008   Code   RO         1899    .ARM.Collect$$$$0000000B  mc_w.l(entry9a.o)
    0x080002a8   0x080002a8   0x00000000   Code   RO         1901    .ARM.Collect$$$$0000000D  mc_w.l(entry10a.o)
    0x080002a8   0x080002a8   0x00000000   Code   RO         1903    .ARM.Collect$$$$0000000F  mc_w.l(entry11a.o)
    0x080002a8   0x080002a8   0x00000004   Code   RO         1892    .ARM.Collect$$$$00002712  mc_w.l(entry2.o)
    0x080002ac   0x080002ac   0x00000024   Code   RO            4    .text               startup_stm32h753xx.o
    0x080002d0   0x080002d0   0x00000062   Code   RO         1858    .text               mc_w.l(uldiv.o)
    0x08000332   0x08000332   0x00000024   Code   RO         1860    .text               mc_w.l(memseta.o)
    0x08000356   0x08000356   0x00000024   Code   RO         1862    .text               mc_w.l(strstr.o)
    0x0800037a   0x0800037a   0x0000001e   Code   RO         1864    .text               mc_w.l(strncmp.o)
    0x08000398   0x08000398   0x00000044   Code   RO         1866    .text               mc_w.l(strtok.o)
    0x080003dc   0x080003dc   0x0000001e   Code   RO         1905    .text               mc_w.l(llshl.o)
    0x080003fa   0x080003fa   0x00000020   Code   RO         1907    .text               mc_w.l(llushr.o)
    0x0800041a   0x0800041a   0x00000002   PAD
    0x0800041c   0x0800041c   0x0000009c   Code   RO         1916    .text               mc_w.l(strtod.o)
    0x080004b8   0x080004b8   0x00000000   Code   RO         1918    .text               mc_w.l(iusefp.o)
    0x080004b8   0x080004b8   0x00000024   Code   RO         1919    .text               mc_w.l(init.o)
    0x080004dc   0x080004dc   0x0000000a   Code   RO         1921    .text               mc_w.l(isspace_c.o)
    0x080004e6   0x080004e6   0x00000002   PAD
    0x080004e8   0x080004e8   0x00000360   Code   RO         1923    .text               mc_w.l(scanf_fp.o)
    0x08000848   0x08000848   0x00000040   Code   RO         1927    .text               mc_w.l(_sgetc.o)
    0x08000888   0x08000888   0x00000028   Code   RO         1929    .text               mc_w.l(ctype_c.o)
    0x080008b0   0x080008b0   0x000000e4   Code   RO         1932    .text               mf_w.l(dmul.o)
    0x08000994   0x08000994   0x000000de   Code   RO         1934    .text               mf_w.l(ddiv.o)
    0x08000a72   0x08000a72   0x00000018   Code   RO         1936    .text               mf_w.l(dfltul.o)
    0x08000a8a   0x08000a8a   0x00000038   Code   RO         1938    .text               mf_w.l(d2f.o)
    0x08000ac2   0x08000ac2   0x0000006e   Code   RO         1940    .text               mf_w.l(fepilogue.o)
    0x08000b30   0x08000b30   0x000000ba   Code   RO         1942    .text               mf_w.l(depilogue.o)
    0x08000bea   0x08000bea   0x00000006   PAD
    0x08000bf0   0x08000bf0   0x00000080   Code   RO          339    .text.Angle_function  guangxian.o
    0x08000c70   0x08000c70   0x00000002   Code   RO          180    .text.BusFault_Handler  stm32h7xx_it.o
    0x08000c72   0x08000c72   0x00000006   PAD
    0x08000c78   0x08000c78   0x0000000c   Code   RO          192    .text.DMA1_Stream0_IRQHandler  stm32h7xx_it.o
    0x08000c84   0x08000c84   0x00000004   PAD
    0x08000c88   0x08000c88   0x0000000c   Code   RO          194    .text.DMA1_Stream1_IRQHandler  stm32h7xx_it.o
    0x08000c94   0x08000c94   0x00000004   PAD
    0x08000c98   0x08000c98   0x0000000c   Code   RO          196    .text.DMA1_Stream2_IRQHandler  stm32h7xx_it.o
    0x08000ca4   0x08000ca4   0x00000004   PAD
    0x08000ca8   0x08000ca8   0x0000000c   Code   RO          198    .text.DMA1_Stream3_IRQHandler  stm32h7xx_it.o
    0x08000cb4   0x08000cb4   0x00000004   PAD
    0x08000cb8   0x08000cb8   0x0000000c   Code   RO          200    .text.DMA1_Stream4_IRQHandler  stm32h7xx_it.o
    0x08000cc4   0x08000cc4   0x00000004   PAD
    0x08000cc8   0x08000cc8   0x0000000c   Code   RO          202    .text.DMA1_Stream5_IRQHandler  stm32h7xx_it.o
    0x08000cd4   0x08000cd4   0x00000004   PAD
    0x08000cd8   0x08000cd8   0x0000000c   Code   RO          204    .text.DMA1_Stream6_IRQHandler  stm32h7xx_it.o
    0x08000ce4   0x08000ce4   0x00000004   PAD
    0x08000ce8   0x08000ce8   0x0000000c   Code   RO          216    .text.DMA1_Stream7_IRQHandler  stm32h7xx_it.o
    0x08000cf4   0x08000cf4   0x00000004   PAD
    0x08000cf8   0x08000cf8   0x0000000c   Code   RO          220    .text.DMA2_Stream0_IRQHandler  stm32h7xx_it.o
    0x08000d04   0x08000d04   0x00000004   PAD
    0x08000d08   0x08000d08   0x0000000c   Code   RO          222    .text.DMA2_Stream1_IRQHandler  stm32h7xx_it.o
    0x08000d14   0x08000d14   0x00000004   PAD
    0x08000d18   0x08000d18   0x0000000c   Code   RO          224    .text.DMA2_Stream2_IRQHandler  stm32h7xx_it.o
    0x08000d24   0x08000d24   0x00000004   PAD
    0x08000d28   0x08000d28   0x0000000c   Code   RO          226    .text.DMA2_Stream3_IRQHandler  stm32h7xx_it.o
    0x08000d34   0x08000d34   0x00000004   PAD
    0x08000d38   0x08000d38   0x00000018   Code   RO          427    .text.DR_GetPosition  navigation.o
    0x08000d50   0x08000d50   0x00000036   Code   RO          405    .text.DR_Init       navigation.o
    0x08000d86   0x08000d86   0x00000002   PAD
    0x08000d88   0x08000d88   0x00000200   Code   RO          415    .text.DR_InterpolateAttitude  navigation.o
    0x08000f88   0x08000f88   0x00000148   Code   RO          413    .text.DR_InterpolateVelocity  navigation.o
    0x080010d0   0x080010d0   0x00000026   Code   RO          409    .text.DR_Reset      navigation.o
    0x080010f6   0x080010f6   0x00000002   PAD
    0x080010f8   0x080010f8   0x0000001a   Code   RO          407    .text.DR_SetConfig  navigation.o
    0x08001112   0x08001112   0x00000006   PAD
    0x08001118   0x08001118   0x0000006a   Code   RO          421    .text.DR_UpdateAttitude  navigation.o
    0x08001182   0x08001182   0x00000006   PAD
    0x08001188   0x08001188   0x0000000a   Code   RO          423    .text.DR_UpdateDepth  navigation.o
    0x08001192   0x08001192   0x00000006   PAD
    0x08001198   0x08001198   0x00000338   Code   RO          425    .text.DR_UpdatePosition  navigation.o
    0x080014d0   0x080014d0   0x0000006a   Code   RO          419    .text.DR_UpdateVelocity  navigation.o
    0x0800153a   0x0800153a   0x00000006   PAD
    0x08001540   0x08001540   0x0000002e   Code   RO          361    .text.DVL_GetData   dvl.o
    0x0800156e   0x0800156e   0x00000002   PAD
    0x08001570   0x08001570   0x0000000a   Code   RO          357    .text.DVL_Init      dvl.o
    0x0800157a   0x0800157a   0x00000006   PAD
    0x08001580   0x08001580   0x000000a0   Code   RO          359    .text.DVL_RxCallback  dvl.o
    0x08001620   0x08001620   0x00000002   Code   RO          186    .text.DebugMon_Handler  stm32h7xx_it.o
    0x08001622   0x08001622   0x00000006   PAD
    0x08001628   0x08001628   0x00000002   Code   RO           41    .text.Error_Handler  main.o
    0x0800162a   0x0800162a   0x00000006   PAD
    0x08001630   0x08001630   0x00000014   Code   RO           13    .text.FloatToU8     u8_float.o
    0x08001644   0x08001644   0x00000004   PAD
    0x08001648   0x08001648   0x00000150   Code   RO           31    .text.Fuzhi         main.o
    0x08001798   0x08001798   0x000004d0   Code   RO          736    .text.HAL_DMA_Abort  stm32h7xx_hal_dma.o
    0x08001c68   0x08001c68   0x0000029e   Code   RO          738    .text.HAL_DMA_Abort_IT  stm32h7xx_hal_dma.o
    0x08001f06   0x08001f06   0x00000002   PAD
    0x08001f08   0x08001f08   0x000007ea   Code   RO          742    .text.HAL_DMA_IRQHandler  stm32h7xx_hal_dma.o
    0x080026f2   0x080026f2   0x00000006   PAD
    0x080026f8   0x080026f8   0x00000806   Code   RO          728    .text.HAL_DMA_Init  stm32h7xx_hal_dma.o
    0x08002efe   0x08002efe   0x00000002   PAD
    0x08002f00   0x08002f00   0x00000662   Code   RO          734    .text.HAL_DMA_Start_IT  stm32h7xx_hal_dma.o
    0x08003562   0x08003562   0x00000006   PAD
    0x08003568   0x08003568   0x0000002c   Code   RO          996    .text.HAL_Delay     stm32h7xx_hal.o
    0x08003594   0x08003594   0x00000004   PAD
    0x08003598   0x08003598   0x000001b2   Code   RO          668    .text.HAL_GPIO_Init  stm32h7xx_hal_gpio.o
    0x0800374a   0x0800374a   0x00000006   PAD
    0x08003750   0x08003750   0x0000000a   Code   RO          674    .text.HAL_GPIO_WritePin  stm32h7xx_hal_gpio.o
    0x0800375a   0x0800375a   0x00000006   PAD
    0x08003760   0x08003760   0x0000000e   Code   RO         1004    .text.HAL_GetREVID  stm32h7xx_hal.o
    0x0800376e   0x0800376e   0x00000002   PAD
    0x08003770   0x08003770   0x0000000c   Code   RO          988    .text.HAL_GetTick   stm32h7xx_hal.o
    0x0800377c   0x0800377c   0x00000004   PAD
    0x08003780   0x08003780   0x00000012   Code   RO          986    .text.HAL_IncTick   stm32h7xx_hal.o
    0x08003792   0x08003792   0x00000006   PAD
    0x08003798   0x08003798   0x00000064   Code   RO          976    .text.HAL_Init      stm32h7xx_hal.o
    0x080037fc   0x080037fc   0x00000004   PAD
    0x08003800   0x08003800   0x0000004e   Code   RO          978    .text.HAL_InitTick  stm32h7xx_hal.o
    0x0800384e   0x0800384e   0x00000002   PAD
    0x08003850   0x08003850   0x00000024   Code   RO          242    .text.HAL_MspInit   stm32h7xx_hal_msp.o
    0x08003874   0x08003874   0x00000004   PAD
    0x08003878   0x08003878   0x00000020   Code   RO          446    .text.HAL_NVIC_EnableIRQ  stm32h7xx_hal_cortex.o
    0x08003898   0x08003898   0x00000064   Code   RO          444    .text.HAL_NVIC_SetPriority  stm32h7xx_hal_cortex.o
    0x080038fc   0x080038fc   0x00000004   PAD
    0x08003900   0x08003900   0x00000020   Code   RO          442    .text.HAL_NVIC_SetPriorityGrouping  stm32h7xx_hal_cortex.o
    0x08003920   0x08003920   0x00000050   Code   RO          885    .text.HAL_PWREx_ConfigSupply  stm32h7xx_hal_pwr_ex.o
    0x08003970   0x08003970   0x00000026   Code   RO          546    .text.HAL_RCCEx_GetD3PCLK1Freq  stm32h7xx_hal_rcc_ex.o
    0x08003996   0x08003996   0x00000002   PAD
    0x08003998   0x08003998   0x00000170   Code   RO          542    .text.HAL_RCCEx_GetPLL2ClockFreq  stm32h7xx_hal_rcc_ex.o
    0x08003b08   0x08003b08   0x00000170   Code   RO          544    .text.HAL_RCCEx_GetPLL3ClockFreq  stm32h7xx_hal_rcc_ex.o
    0x08003c78   0x08003c78   0x000009d8   Code   RO          530    .text.HAL_RCCEx_PeriphCLKConfig  stm32h7xx_hal_rcc_ex.o
    0x08004650   0x08004650   0x000002ae   Code   RO          495    .text.HAL_RCC_ClockConfig  stm32h7xx_hal_rcc.o
    0x080048fe   0x080048fe   0x00000002   PAD
    0x08004900   0x08004900   0x0000004c   Code   RO          505    .text.HAL_RCC_GetHCLKFreq  stm32h7xx_hal_rcc.o
    0x0800494c   0x0800494c   0x00000004   PAD
    0x08004950   0x08004950   0x00000060   Code   RO          507    .text.HAL_RCC_GetPCLK1Freq  stm32h7xx_hal_rcc.o
    0x080049b0   0x080049b0   0x00000060   Code   RO          509    .text.HAL_RCC_GetPCLK2Freq  stm32h7xx_hal_rcc.o
    0x08004a10   0x08004a10   0x00000164   Code   RO          497    .text.HAL_RCC_GetSysClockFreq  stm32h7xx_hal_rcc.o
    0x08004b74   0x08004b74   0x00000004   PAD
    0x08004b78   0x08004b78   0x0000057a   Code   RO          493    .text.HAL_RCC_OscConfig  stm32h7xx_hal_rcc.o
    0x080050f2   0x080050f2   0x00000006   PAD
    0x080050f8   0x080050f8   0x0000002c   Code   RO          452    .text.HAL_SYSTICK_Config  stm32h7xx_hal_cortex.o
    0x08005124   0x08005124   0x00000004   PAD
    0x08005128   0x08005128   0x00000002   Code   RO         1601    .text.HAL_TIMEx_Break2Callback  stm32h7xx_hal_tim_ex.o
    0x0800512a   0x0800512a   0x00000006   PAD
    0x08005130   0x08005130   0x00000002   Code   RO         1599    .text.HAL_TIMEx_BreakCallback  stm32h7xx_hal_tim_ex.o
    0x08005132   0x08005132   0x00000006   PAD
    0x08005138   0x08005138   0x00000002   Code   RO         1595    .text.HAL_TIMEx_CommutCallback  stm32h7xx_hal_tim_ex.o
    0x0800513a   0x0800513a   0x00000006   PAD
    0x08005140   0x08005140   0x000000cc   Code   RO         1583    .text.HAL_TIMEx_MasterConfigSynchronization  stm32h7xx_hal_tim_ex.o
    0x0800520c   0x0800520c   0x00000004   PAD
    0x08005210   0x08005210   0x00000192   Code   RO         1285    .text.HAL_TIM_Base_Init  stm32h7xx_hal_tim.o
    0x080053a2   0x080053a2   0x00000006   PAD
    0x080053a8   0x080053a8   0x0000006c   Code   RO          112    .text.HAL_TIM_Base_MspInit  tim.o
    0x08005414   0x08005414   0x00000004   PAD
    0x08005418   0x08005418   0x000000b0   Code   RO         1299    .text.HAL_TIM_Base_Start_IT  stm32h7xx_hal_tim.o
    0x080054c8   0x080054c8   0x000001d6   Code   RO         1465    .text.HAL_TIM_ConfigClockSource  stm32h7xx_hal_tim.o
    0x0800569e   0x0800569e   0x00000002   PAD
    0x080056a0   0x080056a0   0x00000002   Code   RO         1421    .text.HAL_TIM_IC_CaptureCallback  stm32h7xx_hal_tim.o
    0x080056a2   0x080056a2   0x00000006   PAD
    0x080056a8   0x080056a8   0x00000190   Code   RO         1419    .text.HAL_TIM_IRQHandler  stm32h7xx_hal_tim.o
    0x08005838   0x08005838   0x00000002   Code   RO         1423    .text.HAL_TIM_OC_DelayElapsedCallback  stm32h7xx_hal_tim.o
    0x0800583a   0x0800583a   0x00000006   PAD
    0x08005840   0x08005840   0x00000002   Code   RO         1425    .text.HAL_TIM_PWM_PulseFinishedCallback  stm32h7xx_hal_tim.o
    0x08005842   0x08005842   0x00000006   PAD
    0x08005848   0x08005848   0x00000078   Code   RO           35    .text.HAL_TIM_PeriodElapsedCallback  main.o
    0x080058c0   0x080058c0   0x00000002   Code   RO         1429    .text.HAL_TIM_TriggerCallback  stm32h7xx_hal_tim.o
    0x080058c2   0x080058c2   0x00000006   PAD
    0x080058c8   0x080058c8   0x00000038   Code   RO         1782    .text.HAL_UARTEx_DisableFifoMode  stm32h7xx_hal_uart_ex.o
    0x08005900   0x08005900   0x00000002   Code   RO         1708    .text.HAL_UARTEx_RxEventCallback  stm32h7xx_hal_uart.o
    0x08005902   0x08005902   0x00000006   PAD
    0x08005908   0x08005908   0x00000002   Code   RO         1768    .text.HAL_UARTEx_RxFifoFullCallback  stm32h7xx_hal_uart_ex.o
    0x0800590a   0x0800590a   0x00000006   PAD
    0x08005910   0x08005910   0x00000090   Code   RO         1786    .text.HAL_UARTEx_SetRxFifoThreshold  stm32h7xx_hal_uart_ex.o
    0x080059a0   0x080059a0   0x00000090   Code   RO         1784    .text.HAL_UARTEx_SetTxFifoThreshold  stm32h7xx_hal_uart_ex.o
    0x08005a30   0x08005a30   0x00000002   Code   RO         1770    .text.HAL_UARTEx_TxFifoEmptyCallback  stm32h7xx_hal_uart_ex.o
    0x08005a32   0x08005a32   0x00000006   PAD
    0x08005a38   0x08005a38   0x00000002   Code   RO         1766    .text.HAL_UARTEx_WakeupCallback  stm32h7xx_hal_uart_ex.o
    0x08005a3a   0x08005a3a   0x00000006   PAD
    0x08005a40   0x08005a40   0x00000002   Code   RO         1706    .text.HAL_UART_ErrorCallback  stm32h7xx_hal_uart.o
    0x08005a42   0x08005a42   0x00000006   PAD
    0x08005a48   0x08005a48   0x0000047e   Code   RO         1702    .text.HAL_UART_IRQHandler  stm32h7xx_hal_uart.o
    0x08005ec6   0x08005ec6   0x00000002   PAD
    0x08005ec8   0x08005ec8   0x00000066   Code   RO         1618    .text.HAL_UART_Init  stm32h7xx_hal_uart.o
    0x08005f2e   0x08005f2e   0x00000002   PAD
    0x08005f30   0x08005f30   0x000005d4   Code   RO          141    .text.HAL_UART_MspInit  usart.o
    0x08006504   0x08006504   0x00000004   PAD
    0x08006508   0x08006508   0x00000106   Code   RO         1666    .text.HAL_UART_Receive_DMA  stm32h7xx_hal_uart.o
    0x0800660e   0x0800660e   0x00000002   PAD
    0x08006610   0x08006610   0x00000066   Code   RO         1654    .text.HAL_UART_Receive_IT  stm32h7xx_hal_uart.o
    0x08006676   0x08006676   0x00000002   PAD
    0x08006678   0x08006678   0x0000031c   Code   RO           33    .text.HAL_UART_RxCpltCallback  main.o
    0x08006994   0x08006994   0x00000004   PAD
    0x08006998   0x08006998   0x00000002   Code   RO         1716    .text.HAL_UART_RxHalfCpltCallback  stm32h7xx_hal_uart.o
    0x0800699a   0x0800699a   0x00000006   PAD
    0x080069a0   0x080069a0   0x000000b2   Code   RO         1644    .text.HAL_UART_Transmit_IT  stm32h7xx_hal_uart.o
    0x08006a52   0x08006a52   0x00000006   PAD
    0x08006a58   0x08006a58   0x00000002   Code   RO         1710    .text.HAL_UART_TxCpltCallback  stm32h7xx_hal_uart.o
    0x08006a5a   0x08006a5a   0x00000006   PAD
    0x08006a60   0x08006a60   0x00000002   Code   RO          176    .text.HardFault_Handler  stm32h7xx_it.o
    0x08006a62   0x08006a62   0x00000006   PAD
    0x08006a68   0x08006a68   0x000000f6   Code   RO           87    .text.MX_DMA_Init   dma.o
    0x08006b5e   0x08006b5e   0x00000002   PAD
    0x08006b60   0x08006b60   0x0000010e   Code   RO           74    .text.MX_GPIO_Init  gpio.o
    0x08006c6e   0x08006c6e   0x00000002   PAD
    0x08006c70   0x08006c70   0x0000007c   Code   RO          108    .text.MX_TIM2_Init  tim.o
    0x08006cec   0x08006cec   0x00000004   PAD
    0x08006cf0   0x08006cf0   0x00000080   Code   RO          110    .text.MX_TIM3_Init  tim.o
    0x08006d70   0x08006d70   0x00000082   Code   RO          129    .text.MX_UART5_Init  usart.o
    0x08006df2   0x08006df2   0x00000006   PAD
    0x08006df8   0x08006df8   0x00000082   Code   RO          131    .text.MX_UART7_Init  usart.o
    0x08006e7a   0x08006e7a   0x00000006   PAD
    0x08006e80   0x08006e80   0x00000082   Code   RO          133    .text.MX_USART1_UART_Init  usart.o
    0x08006f02   0x08006f02   0x00000006   PAD
    0x08006f08   0x08006f08   0x00000082   Code   RO          135    .text.MX_USART2_UART_Init  usart.o
    0x08006f8a   0x08006f8a   0x00000006   PAD
    0x08006f90   0x08006f90   0x00000082   Code   RO          137    .text.MX_USART3_UART_Init  usart.o
    0x08007012   0x08007012   0x00000006   PAD
    0x08007018   0x08007018   0x00000082   Code   RO          139    .text.MX_USART6_UART_Init  usart.o
    0x0800709a   0x0800709a   0x00000006   PAD
    0x080070a0   0x080070a0   0x00000002   Code   RO          178    .text.MemManage_Handler  stm32h7xx_it.o
    0x080070a2   0x080070a2   0x00000006   PAD
    0x080070a8   0x080070a8   0x00000002   Code   RO          174    .text.NMI_Handler   stm32h7xx_it.o
    0x080070aa   0x080070aa   0x00000006   PAD
    0x080070b0   0x080070b0   0x00000002   Code   RO          188    .text.PendSV_Handler  stm32h7xx_it.o
    0x080070b2   0x080070b2   0x00000006   PAD
    0x080070b8   0x080070b8   0x00000060   Code   RO          294    .text.Pitch_function  xsense.o
    0x08007118   0x08007118   0x00000128   Code   RO          532    .text.RCCEx_PLL2_Config  stm32h7xx_hal_rcc_ex.o
    0x08007240   0x08007240   0x00000128   Code   RO          534    .text.RCCEx_PLL3_Config  stm32h7xx_hal_rcc_ex.o
    0x08007368   0x08007368   0x00000002   Code   RO          184    .text.SVC_Handler   stm32h7xx_it.o
    0x0800736a   0x0800736a   0x00000006   PAD
    0x08007370   0x08007370   0x00000004   Code   RO          190    .text.SysTick_Handler  stm32h7xx_it.o
    0x08007374   0x08007374   0x00000004   PAD
    0x08007378   0x08007378   0x000000fc   Code   RO           39    .text.SystemClock_Config  main.o
    0x08007474   0x08007474   0x00000004   PAD
    0x08007478   0x08007478   0x0000007c   Code   RO          255    .text.SystemInit    system_stm32h7xx.o
    0x080074f4   0x080074f4   0x00000004   PAD
    0x080074f8   0x080074f8   0x0000000c   Code   RO          206    .text.TIM2_IRQHandler  stm32h7xx_it.o
    0x08007504   0x08007504   0x00000004   PAD
    0x08007508   0x08007508   0x0000000c   Code   RO          208    .text.TIM3_IRQHandler  stm32h7xx_it.o
    0x08007514   0x08007514   0x00000004   PAD
    0x08007518   0x08007518   0x0000000a   Code   RO           11    .text.U8ToFloat     u8_float.o
    0x08007522   0x08007522   0x00000006   PAD
    0x08007528   0x08007528   0x0000000c   Code   RO          218    .text.UART5_IRQHandler  stm32h7xx_it.o
    0x08007534   0x08007534   0x00000004   PAD
    0x08007538   0x08007538   0x0000000c   Code   RO          230    .text.UART7_IRQHandler  stm32h7xx_it.o
    0x08007544   0x08007544   0x00000004   PAD
    0x08007548   0x08007548   0x000000ea   Code   RO         1624    .text.UART_AdvFeatureConfig  stm32h7xx_hal_uart.o
    0x08007632   0x08007632   0x00000006   PAD
    0x08007638   0x08007638   0x000000c2   Code   RO         1626    .text.UART_CheckIdleState  stm32h7xx_hal_uart.o
    0x080076fa   0x080076fa   0x00000006   PAD
    0x08007700   0x08007700   0x00000010   Code   RO         1704    .text.UART_DMAAbortOnError  stm32h7xx_hal_uart.o
    0x08007710   0x08007710   0x000000d8   Code   RO         1664    .text.UART_DMAError  stm32h7xx_hal_uart.o
    0x080077e8   0x080077e8   0x00000090   Code   RO         1748    .text.UART_DMAReceiveCplt  stm32h7xx_hal_uart.o
    0x08007878   0x08007878   0x0000001a   Code   RO         1750    .text.UART_DMARxHalfCplt  stm32h7xx_hal_uart.o
    0x08007892   0x08007892   0x00000006   PAD
    0x08007898   0x08007898   0x000000d4   Code   RO         1744    .text.UART_RxISR_16BIT  stm32h7xx_hal_uart.o
    0x0800796c   0x0800796c   0x00000004   PAD
    0x08007970   0x08007970   0x000001e2   Code   RO         1740    .text.UART_RxISR_16BIT_FIFOEN  stm32h7xx_hal_uart.o
    0x08007b52   0x08007b52   0x00000006   PAD
    0x08007b58   0x08007b58   0x000000d4   Code   RO         1746    .text.UART_RxISR_8BIT  stm32h7xx_hal_uart.o
    0x08007c2c   0x08007c2c   0x00000004   PAD
    0x08007c30   0x08007c30   0x000001e6   Code   RO         1742    .text.UART_RxISR_8BIT_FIFOEN  stm32h7xx_hal_uart.o
    0x08007e16   0x08007e16   0x00000002   PAD
    0x08007e18   0x08007e18   0x0000059c   Code   RO         1622    .text.UART_SetConfig  stm32h7xx_hal_uart.o
    0x080083b4   0x080083b4   0x00000004   PAD
    0x080083b8   0x080083b8   0x00000144   Code   RO         1656    .text.UART_Start_Receive_IT  stm32h7xx_hal_uart.o
    0x080084fc   0x080084fc   0x00000004   PAD
    0x08008500   0x08008500   0x00000056   Code   RO         1650    .text.UART_TxISR_16BIT  stm32h7xx_hal_uart.o
    0x08008556   0x08008556   0x00000002   PAD
    0x08008558   0x08008558   0x0000007a   Code   RO         1646    .text.UART_TxISR_16BIT_FIFOEN  stm32h7xx_hal_uart.o
    0x080085d2   0x080085d2   0x00000006   PAD
    0x080085d8   0x080085d8   0x00000052   Code   RO         1652    .text.UART_TxISR_8BIT  stm32h7xx_hal_uart.o
    0x0800862a   0x0800862a   0x00000006   PAD
    0x08008630   0x08008630   0x00000076   Code   RO         1648    .text.UART_TxISR_8BIT_FIFOEN  stm32h7xx_hal_uart.o
    0x080086a6   0x080086a6   0x00000002   PAD
    0x080086a8   0x080086a8   0x0000016a   Code   RO         1640    .text.UART_WaitOnFlagUntilTimeout  stm32h7xx_hal_uart.o
    0x08008812   0x08008812   0x00000006   PAD
    0x08008818   0x08008818   0x0000000c   Code   RO          210    .text.USART1_IRQHandler  stm32h7xx_it.o
    0x08008824   0x08008824   0x00000004   PAD
    0x08008828   0x08008828   0x0000000c   Code   RO          212    .text.USART2_IRQHandler  stm32h7xx_it.o
    0x08008834   0x08008834   0x00000004   PAD
    0x08008838   0x08008838   0x0000000c   Code   RO          214    .text.USART3_IRQHandler  stm32h7xx_it.o
    0x08008844   0x08008844   0x00000004   PAD
    0x08008848   0x08008848   0x0000000c   Code   RO          228    .text.USART6_IRQHandler  stm32h7xx_it.o
    0x08008854   0x08008854   0x00000004   PAD
    0x08008858   0x08008858   0x00000002   Code   RO          182    .text.UsageFault_Handler  stm32h7xx_it.o
    0x0800885a   0x0800885a   0x00000006   PAD
    0x08008860   0x08008860   0x00000040   Code   RO          272    .text.X_function    uwb.o
    0x080088a0   0x080088a0   0x00000040   Code   RO          274    .text.Y_function    uwb.o
    0x080088e0   0x080088e0   0x00000060   Code   RO          296    .text.Yaw_function  xsense.o
    0x08008940   0x08008940   0x00000458   Code   RO           37    .text.main          main.o
    0x08008d98   0x08008d98   0x00000060   Code   RO          298    .text.p_function    xsense.o
    0x08008df8   0x08008df8   0x00000060   Code   RO          300    .text.q_function    xsense.o
    0x08008e58   0x08008e58   0x00000060   Code   RO          302    .text.r_function    xsense.o
    0x08008eb8   0x08008eb8   0x00000026   Code   RO         1872    i.__ARM_fpclassifyf  m_wv.l(fpclassifyf.o)
    0x08008ede   0x08008ede   0x00000002   PAD
    0x08008ee0   0x08008ee0   0x00000038   Code   RO         1807    i.__hardfp_atof     m_wv.l(atof.o)
    0x08008f18   0x08008f18   0x00000150   Code   RO         1813    i.__hardfp_cosf     m_wv.l(cosf.o)
    0x08009068   0x08009068   0x00000014   Code   RO         1825    i.__hardfp_fabs     m_wv.l(fabs.o)
    0x0800907c   0x0800907c   0x00000190   Code   RO         1831    i.__hardfp_sinf     m_wv.l(sinf.o)
    0x0800920c   0x0800920c   0x0000003a   Code   RO         1843    i.__hardfp_sqrtf    m_wv.l(sqrtf.o)
    0x08009246   0x08009246   0x00000006   Code   RO         1875    i.__mathlib_flt_infnan  m_wv.l(funder.o)
    0x0800924c   0x0800924c   0x00000010   Code   RO         1877    i.__mathlib_flt_invalid  m_wv.l(funder.o)
    0x0800925c   0x0800925c   0x00000010   Code   RO         1880    i.__mathlib_flt_underflow  m_wv.l(funder.o)
    0x0800926c   0x0800926c   0x00000154   Code   RO         1888    i.__mathlib_rredf2  m_wv.l(rredf.o)
    0x080093c0   0x080093c0   0x0000000c   Code   RO         1910    i.__read_errno      mc_w.l(errno.o)
    0x080093cc   0x080093cc   0x0000000e   Code   RO         1946    i.__scatterload_copy  mc_w.l(handlers.o)
    0x080093da   0x080093da   0x00000002   Code   RO         1947    i.__scatterload_null  mc_w.l(handlers.o)
    0x080093dc   0x080093dc   0x0000000e   Code   RO         1948    i.__scatterload_zeroinit  mc_w.l(handlers.o)
    0x080093ea   0x080093ea   0x00000002   PAD
    0x080093ec   0x080093ec   0x0000000c   Code   RO         1911    i.__set_errno       mc_w.l(errno.o)
    0x080093f8   0x080093f8   0x0000000e   Code   RO         1925    i._is_digit         mc_w.l(scanf_fp.o)
    0x08009406   0x08009406   0x00000002   PAD
    0x08009408   0x08009408   0x00000020   Data   RO         1889    .constdata          m_wv.l(rredf.o)
    0x08009428   0x08009428   0x00000040   Data   RO         1930    .constdata          mc_w.l(ctype_c.o)
    0x08009468   0x08009468   0x0000000c   Data   RO           48    .rodata..Lmain.config  main.o
    0x08009474   0x08009474   0x00000010   Data   RO          259    .rodata.D1CorePrescTable  system_stm32h7xx.o
    0x08009484   0x08009484   0x00000018   Data   RO         1752    .rodata.UARTPrescTable  stm32h7xx_hal_uart.o
    0x0800949c   0x0800949c   0x00000008   Data   RO          752    .rodata.cst8        stm32h7xx_hal_dma.o
    0x080094a4   0x080094a4   0x00000010   Data   RO         1796    .rodata.cst8        stm32h7xx_hal_uart_ex.o
    0x080094b4   0x080094b4   0x00000020   Data   RO         1944    Region$$Table       anon$$obj.o


    Execution Region RW_IRAM1 (Exec base: 0x20000000, Load base: 0x080094d4, Size: 0x00000000, Max: 0x00020000, ABSOLUTE)

    **** No section assigned to this execution region ****


    Execution Region RW_IRAM2 (Exec base: 0x24000000, Load base: 0x080094e0, Size: 0x00001188, Max: 0x00080000, ABSOLUTE)

    Exec Addr    Load Addr    Size         Type   Attr      Idx    E Section Name        Object

    0x24000000   0x080094e0   0x00000004   Data   RW         1867    .data               mc_w.l(strtok.o)
    0x24000004   0x080094e4   0x00000004   Data   RW         1912    .data               mc_w.l(errno.o)
    0x24000008   0x080094e8   0x00000008   PAD
    0x24000010   0x080094f0   0x00000074   Data   RW           58    .data..L_MergedGlobals  main.o
    0x24000084   0x08009564   0x00000008   Data   RW          260    .data..L_MergedGlobals  system_stm32h7xx.o
    0x2400008c   0x0800956c   0x0000000c   Data   RW         1072    .data..L_MergedGlobals  stm32h7xx_hal.o
    0x24000098   0x08009578   0x00000008   PAD
    0x240000a0        -       0x00000078   Zero   RW          151    .bss..L_MergedGlobals  usart.o
    0x24000118   0x08009578   0x00000008   PAD
    0x24000120        -       0x00000028   Zero   RW          309    .bss..L_MergedGlobals  xsense.o
    0x24000148        -       0x00000010   Zero   RW          345    .bss..L_MergedGlobals  guangxian.o
    0x24000158   0x08009578   0x00000008   PAD
    0x24000160        -       0x00000078   Zero   RW          152    .bss..L_MergedGlobals.1  usart.o
    0x240001d8   0x08009578   0x00000008   PAD
    0x240001e0        -       0x00000078   Zero   RW          161    .bss..L_MergedGlobals.10  usart.o
    0x24000258   0x08009578   0x00000008   PAD
    0x24000260        -       0x00000078   Zero   RW          162    .bss..L_MergedGlobals.11  usart.o
    0x240002d8   0x08009578   0x00000008   PAD
    0x240002e0        -       0x00000058   Zero   RW           59    .bss..L_MergedGlobals.2  main.o
    0x24000338   0x08009578   0x00000008   PAD
    0x24000340        -       0x00000078   Zero   RW          153    .bss..L_MergedGlobals.2  usart.o
    0x240003b8   0x08009578   0x00000008   PAD
    0x240003c0        -       0x00000034   Zero   RW           60    .bss..L_MergedGlobals.3  main.o
    0x240003f4   0x08009578   0x0000000c   PAD
    0x24000400        -       0x00000078   Zero   RW          154    .bss..L_MergedGlobals.3  usart.o
    0x24000478   0x08009578   0x00000008   PAD
    0x24000480        -       0x00000054   Zero   RW           61    .bss..L_MergedGlobals.4  main.o
    0x240004d4   0x08009578   0x0000000c   PAD
    0x240004e0        -       0x00000078   Zero   RW          155    .bss..L_MergedGlobals.4  usart.o
    0x24000558        -       0x00000003   Zero   RW           62    .bss..L_MergedGlobals.5  main.o
    0x2400055b   0x08009578   0x00000005   PAD
    0x24000560        -       0x00000078   Zero   RW          156    .bss..L_MergedGlobals.5  usart.o
    0x240005d8   0x08009578   0x00000008   PAD
    0x240005e0        -       0x00000078   Zero   RW          157    .bss..L_MergedGlobals.6  usart.o
    0x24000658   0x08009578   0x00000008   PAD
    0x24000660        -       0x00000078   Zero   RW          158    .bss..L_MergedGlobals.7  usart.o
    0x240006d8   0x08009578   0x00000008   PAD
    0x240006e0        -       0x00000078   Zero   RW          159    .bss..L_MergedGlobals.8  usart.o
    0x24000758   0x08009578   0x00000008   PAD
    0x24000760        -       0x00000078   Zero   RW          160    .bss..L_MergedGlobals.9  usart.o
    0x240007d8        -       0x00000003   Zero   RW          279    .bss.XaxisBuffer    uwb.o
    0x240007db        -       0x00000003   Zero   RW          280    .bss.YaxisBuffer    uwb.o
    0x240007de        -       0x00000001   Zero   RW          341    .bss.aRxBuffer2     guangxian.o
    0x240007df        -       0x00000001   Zero   RW          281    .bss.aRxBuffer3     uwb.o
    0x240007e0        -       0x00000001   Zero   RW          307    .bss.aRxBuffer6     xsense.o
    0x240007e1   0x08009578   0x00000003   PAD
    0x240007e4        -       0x000000c8   Zero   RW           47    .bss.dr             main.o
    0x240008ac        -       0x0000004c   Zero   RW          116    .bss.htim2          tim.o
    0x240008f8        -       0x0000004c   Zero   RW          117    .bss.htim3          tim.o
    0x24000944        -       0x00000094   Zero   RW          147    .bss.huart1         usart.o
    0x240009d8        -       0x00000094   Zero   RW          148    .bss.huart2         usart.o
    0x24000a6c        -       0x00000094   Zero   RW          149    .bss.huart3         usart.o
    0x24000b00        -       0x00000094   Zero   RW          145    .bss.huart5         usart.o
    0x24000b94        -       0x00000094   Zero   RW          150    .bss.huart6         usart.o
    0x24000c28        -       0x00000094   Zero   RW          146    .bss.huart7         usart.o
    0x24000cbc        -       0x0000000a   Zero   RW          342    .bss.rxd2_buffer    guangxian.o
    0x24000cc6        -       0x00000001   Zero   RW          343    .bss.rxd2_flag      guangxian.o
    0x24000cc7        -       0x00000001   Zero   RW          344    .bss.rxd2_index     guangxian.o
    0x24000cc8        -       0x0000007c   Zero   RW          282    .bss.rxd3_buffer    uwb.o
    0x24000d44        -       0x00000001   Zero   RW          276    .bss.rxd3_flag      uwb.o
    0x24000d45        -       0x00000001   Zero   RW          278    .bss.rxd3_head      uwb.o
    0x24000d46        -       0x00000001   Zero   RW          277    .bss.rxd3_index     uwb.o
    0x24000d47        -       0x00000039   Zero   RW          308    .bss.rxd6_buffer    xsense.o
    0x24000d80        -       0x00000001   Zero   RW          304    .bss.rxd6_flag      xsense.o
    0x24000d81        -       0x00000001   Zero   RW          306    .bss.rxd6_head      xsense.o
    0x24000d82        -       0x00000001   Zero   RW          305    .bss.rxd6_index     xsense.o
    0x24000d83   0x08009578   0x00000005   PAD
    0x24000d88        -       0x00000400   Zero   RW            1    STACK               startup_stm32h753xx.o


==============================================================================

Image component sizes


      Code (inc. data)   RO Data    RW Data    ZI Data      Debug   Object Name

       246          0          0          0          0       5428   dma.o
       216         12          0          0          0       5760   dvl.o
       270          0          0          0          0       3304   gpio.o
       128          8          0          0         29       1159   guangxian.o
      2618         28         12        116        427      17018   main.o
      2028         32          0          0          0      10980   navigation.o
        36          8        664          0       1024        792   startup_stm32h753xx.o
       266          0          0         12          0      15842   stm32h7xx_hal.o
       208          0          0          0          0      12363   stm32h7xx_hal_cortex.o
      7616         46          8          0          0      13406   stm32h7xx_hal_dma.o
       444          0          0          0          0       7028   stm32h7xx_hal_gpio.o
        36          0          0          0          0       2263   stm32h7xx_hal_msp.o
        80          0          0          0          0      11371   stm32h7xx_hal_pwr_ex.o
      2712         16          0          0          0      11856   stm32h7xx_hal_rcc.o
      3886        122          0          0          0      17486   stm32h7xx_hal_rcc_ex.o
      1456          0          0          0          0      55369   stm32h7xx_hal_tim.o
       210          0          0          0          0      22713   stm32h7xx_hal_tim_ex.o
      6554        400         24          0          0      33911   stm32h7xx_hal_uart.o
       350          0         16          0          0      11071   stm32h7xx_hal_uart_ex.o
       260          0          0          0          0       3396   stm32h7xx_it.o
       124          0         16          8          0       4899   system_stm32h7xx.o
       360          0          0          0        152      10516   tim.o
        30          0          0          0          0       1065   u8_float.o
      2272          0          0          0       2328      15570   usart.o
       128         16          0          0        134       1411   uwb.o
       480         40          0          0        101       2704   xsense.o

    ----------------------------------------------------------------------
     33516        736        772        136       4336     298681   Object Totals
         0          0         32          0          0          0   (incl. Generated)
       502          8          0          0        141          0   (incl. Padding)

    ----------------------------------------------------------------------

      Code (inc. data)   RO Data    RW Data    ZI Data      Debug   Library Member Name

        56         12          0          0          0        132   atof.o
       336         56          0          0          0        136   cosf.o
        20          0          0          0          0        124   fabs.o
        38          0          0          0          0        116   fpclassifyf.o
        38         12          0          0          0        348   funder.o
       340         24         32          0          0        160   rredf.o
       400         56          0          0          0        212   sinf.o
        58          0          0          0          0        136   sqrtf.o
        64          0          0          0          0         84   _sgetc.o
        40          6         64          0          0         68   ctype_c.o
         0          0          0          0          0          0   entry.o
         0          0          0          0          0          0   entry10a.o
         0          0          0          0          0          0   entry11a.o
         8          4          0          0          0          0   entry2.o
         4          0          0          0          0          0   entry5.o
         0          0          0          0          0          0   entry7b.o
         0          0          0          0          0          0   entry8b.o
         8          4          0          0          0          0   entry9a.o
        24         12          0          4          0        136   errno.o
        30          0          0          0          0          0   handlers.o
        36          8          0          0          0         68   init.o
        10          0          0          0          0         68   isspace_c.o
         0          0          0          0          0          0   iusefp.o
        30          0          0          0          0         68   llshl.o
        32          0          0          0          0         68   llushr.o
        36          0          0          0          0        108   memseta.o
       878         12          0          0          0        216   scanf_fp.o
        30          0          0          0          0         80   strncmp.o
        36          0          0          0          0         80   strstr.o
       156         14          0          0          0        120   strtod.o
        68          6          0          4          0         80   strtok.o
        98          0          0          0          0         92   uldiv.o
        56          0          0          0          0         88   d2f.o
       222          0          0          0          0        100   ddiv.o
       186          0          0          0          0        176   depilogue.o
        24          0          0          0          0         76   dfltul.o
       228          0          0          0          0         96   dmul.o
       110          0          0          0          0        168   fepilogue.o

    ----------------------------------------------------------------------
      3716        226         96         16          0       3404   Library Totals
        16          0          0          8          0          0   (incl. Padding)

    ----------------------------------------------------------------------

      Code (inc. data)   RO Data    RW Data    ZI Data      Debug   Library Name

      1286        160         32          0          0       1364   m_wv.l
      1588         66         64          8          0       1336   mc_w.l
       826          0          0          0          0        704   mf_w.l

    ----------------------------------------------------------------------
      3716        226         96         16          0       3404   Library Totals

    ----------------------------------------------------------------------

==============================================================================


      Code (inc. data)   RO Data    RW Data    ZI Data      Debug   

     37232        962        868        152       4336     300069   Grand Totals
     37232        962        868        152       4336     300069   ELF Image Totals
     37232        962        868        152          0          0   ROM Totals

==============================================================================

    Total RO  Size (Code + RO Data)                38100 (  37.21kB)
    Total RW  Size (RW Data + ZI Data)              4488 (   4.38kB)
    Total ROM Size (Code + RO Data + RW Data)      38252 (  37.36kB)

==============================================================================

