Component: Arm Compiler for Embedded 6.23 Tool: armlink [5f102400]

==============================================================================

Section Cross References

    startup_stm32h753xx.o(RESET) refers to startup_stm32h753xx.o(STACK) for __initial_sp
    startup_stm32h753xx.o(RESET) refers to startup_stm32h753xx.o(.text) for Reset_Handler
    startup_stm32h753xx.o(RESET) refers to stm32h7xx_it.o(.text.NMI_Handler) for NMI_Handler
    startup_stm32h753xx.o(RESET) refers to stm32h7xx_it.o(.text.HardFault_Handler) for HardFault_Handler
    startup_stm32h753xx.o(RESET) refers to stm32h7xx_it.o(.text.MemManage_Handler) for MemManage_Handler
    startup_stm32h753xx.o(RESET) refers to stm32h7xx_it.o(.text.BusFault_Handler) for BusFault_Handler
    startup_stm32h753xx.o(RESET) refers to stm32h7xx_it.o(.text.UsageFault_Handler) for UsageFault_Handler
    startup_stm32h753xx.o(RESET) refers to stm32h7xx_it.o(.text.SVC_Handler) for SVC_Handler
    startup_stm32h753xx.o(RESET) refers to stm32h7xx_it.o(.text.DebugMon_Handler) for DebugMon_Handler
    startup_stm32h753xx.o(RESET) refers to stm32h7xx_it.o(.text.PendSV_Handler) for PendSV_Handler
    startup_stm32h753xx.o(RESET) refers to stm32h7xx_it.o(.text.SysTick_Handler) for SysTick_Handler
    startup_stm32h753xx.o(RESET) refers to stm32h7xx_it.o(.text.DMA1_Stream0_IRQHandler) for DMA1_Stream0_IRQHandler
    startup_stm32h753xx.o(RESET) refers to stm32h7xx_it.o(.text.DMA1_Stream1_IRQHandler) for DMA1_Stream1_IRQHandler
    startup_stm32h753xx.o(RESET) refers to stm32h7xx_it.o(.text.TIM2_IRQHandler) for TIM2_IRQHandler
    startup_stm32h753xx.o(RESET) refers to stm32h7xx_it.o(.text.TIM3_IRQHandler) for TIM3_IRQHandler
    startup_stm32h753xx.o(RESET) refers to stm32h7xx_it.o(.text.USART1_IRQHandler) for USART1_IRQHandler
    startup_stm32h753xx.o(RESET) refers to stm32h7xx_it.o(.text.USART2_IRQHandler) for USART2_IRQHandler
    startup_stm32h753xx.o(RESET) refers to stm32h7xx_it.o(.text.UART5_IRQHandler) for UART5_IRQHandler
    startup_stm32h753xx.o(RESET) refers to stm32h7xx_it.o(.text.USART6_IRQHandler) for USART6_IRQHandler
    startup_stm32h753xx.o(RESET) refers to stm32h7xx_it.o(.text.UART7_IRQHandler) for UART7_IRQHandler
    startup_stm32h753xx.o(.text) refers to system_stm32h7xx.o(.text.SystemInit) for SystemInit
    startup_stm32h753xx.o(.text) refers to entry.o(.ARM.Collect$$$$00000000) for __main
    u8_float.o(.ARM.exidx.text.U8ToFloat) refers to u8_float.o(.text.U8ToFloat) for [Anonymous Symbol]
    u8_float.o(.ARM.exidx.text.FloatToU8) refers to u8_float.o(.text.FloatToU8) for [Anonymous Symbol]
    main.o(.text.get_D_value) refers to main.o(.bss..L_MergedGlobals) for .L_MergedGlobals
    main.o(.ARM.exidx.text.get_D_value) refers to main.o(.text.get_D_value) for [Anonymous Symbol]
    main.o(.text.Fuzhi) refers to main.o(.bss..L_MergedGlobals.2) for .L_MergedGlobals.2
    main.o(.text.Fuzhi) refers to main.o(.bss..L_MergedGlobals) for .L_MergedGlobals
    main.o(.ARM.exidx.text.Fuzhi) refers to main.o(.text.Fuzhi) for [Anonymous Symbol]
    main.o(.text.HAL_UART_RxCpltCallback) refers to main.o(.bss..L_MergedGlobals) for .L_MergedGlobals
    main.o(.text.HAL_UART_RxCpltCallback) refers to main.o(.bss..L_MergedGlobals.2) for .L_MergedGlobals.2
    main.o(.text.HAL_UART_RxCpltCallback) refers to strstr.o(.text) for strstr
    main.o(.text.HAL_UART_RxCpltCallback) refers to atof.o(i.__hardfp_atof) for __hardfp_atof
    main.o(.text.HAL_UART_RxCpltCallback) refers to main.o(.bss.dvl_parser) for dvl_parser
    main.o(.text.HAL_UART_RxCpltCallback) refers to dvl.o(.text.DVL_RxCallback) for DVL_RxCallback
    main.o(.text.HAL_UART_RxCpltCallback) refers to usart.o(.bss.huart1) for huart1
    main.o(.text.HAL_UART_RxCpltCallback) refers to stm32h7xx_hal_uart.o(.text.HAL_UART_Receive_IT) for HAL_UART_Receive_IT
    main.o(.text.HAL_UART_RxCpltCallback) refers to guangxian.o(.bss.aRxBuffer2) for aRxBuffer2
    main.o(.text.HAL_UART_RxCpltCallback) refers to guangxian.o(.bss.rxd2_index) for rxd2_index
    main.o(.text.HAL_UART_RxCpltCallback) refers to guangxian.o(.bss.rxd2_buffer) for rxd2_buffer
    main.o(.text.HAL_UART_RxCpltCallback) refers to guangxian.o(.bss.rxd2_flag) for rxd2_flag
    main.o(.text.HAL_UART_RxCpltCallback) refers to xsense.o(.bss.rxd6_index) for rxd6_index
    main.o(.text.HAL_UART_RxCpltCallback) refers to xsense.o(.bss.aRxBuffer6) for aRxBuffer6
    main.o(.text.HAL_UART_RxCpltCallback) refers to xsense.o(.bss.rxd6_buffer) for rxd6_buffer
    main.o(.text.HAL_UART_RxCpltCallback) refers to usart.o(.bss.huart2) for huart2
    main.o(.text.HAL_UART_RxCpltCallback) refers to xsense.o(.bss.rxd6_flag) for rxd6_flag
    main.o(.text.HAL_UART_RxCpltCallback) refers to xsense.o(.bss.rxd6_head) for rxd6_head
    main.o(.text.HAL_UART_RxCpltCallback) refers to usart.o(.bss.huart7) for huart7
    main.o(.text.HAL_UART_RxCpltCallback) refers to usart.o(.bss.huart6) for huart6
[...]
    [Anonymous Symbol]                       0x08003270   Section        0  stm32h7xx_hal_pwr_ex.o(.text.HAL_PWREx_ConfigSupply)
    [Anonymous Symbol]                       0x080032c0   Section        0  stm32h7xx_hal_rcc_ex.o(.text.HAL_RCCEx_GetD3PCLK1Freq)
    [Anonymous Symbol]                       0x080032e8   Section        0  stm32h7xx_hal_rcc_ex.o(.text.HAL_RCCEx_GetPLL2ClockFreq)
    [Anonymous Symbol]                       0x08003410   Section        0  stm32h7xx_hal_rcc_ex.o(.text.HAL_RCCEx_GetPLL3ClockFreq)
    [Anonymous Symbol]                       0x08003538   Section        0  stm32h7xx_hal_rcc_ex.o(.text.HAL_RCCEx_PeriphCLKConfig)
    [Anonymous Symbol]                       0x08004048   Section        0  stm32h7xx_hal_rcc.o(.text.HAL_RCC_ClockConfig)
    [Anonymous Symbol]                       0x080042a0   Section        0  stm32h7xx_hal_rcc.o(.text.HAL_RCC_GetHCLKFreq)
    [Anonymous Symbol]                       0x080042f0   Section        0  stm32h7xx_hal_rcc.o(.text.HAL_RCC_GetPCLK1Freq)
    [Anonymous Symbol]                       0x08004350   Section        0  stm32h7xx_hal_rcc.o(.text.HAL_RCC_GetPCLK2Freq)
    [Anonymous Symbol]                       0x080043b0   Section        0  stm32h7xx_hal_rcc.o(.text.HAL_RCC_GetSysClockFreq)
    [Anonymous Symbol]                       0x080044d0   Section        0  stm32h7xx_hal_rcc.o(.text.HAL_RCC_OscConfig)
    [Anonymous Symbol]                       0x08004a40   Section        0  stm32h7xx_hal_cortex.o(.text.HAL_SYSTICK_Config)
    [Anonymous Symbol]                       0x08004a70   Section        0  stm32h7xx_hal_tim_ex.o(.text.HAL_TIMEx_Break2Callback)
    [Anonymous Symbol]                       0x08004a78   Section        0  stm32h7xx_hal_tim_ex.o(.text.HAL_TIMEx_BreakCallback)
    [Anonymous Symbol]                       0x08004a80   Section        0  stm32h7xx_hal_tim_ex.o(.text.HAL_TIMEx_CommutCallback)
    [Anonymous Symbol]                       0x08004a88   Section        0  stm32h7xx_hal_tim_ex.o(.text.HAL_TIMEx_MasterConfigSynchronization)
    [Anonymous Symbol]                       0x08004b58   Section        0  stm32h7xx_hal_tim.o(.text.HAL_TIM_Base_Init)
    [Anonymous Symbol]                       0x08004bb8   Section        0  tim.o(.text.HAL_TIM_Base_MspInit)
    [Anonymous Symbol]                       0x08004c30   Section        0  stm32h7xx_hal_tim.o(.text.HAL_TIM_Base_Start_IT)
    [Anonymous Symbol]                       0x08004ce8   Section        0  stm32h7xx_hal_tim.o(.text.HAL_TIM_ConfigClockSource)
    [Anonymous Symbol]                       0x08004ee8   Section        0  stm32h7xx_hal_tim.o(.text.HAL_TIM_IC_CaptureCallback)
    [Anonymous Symbol]                       0x08004ef0   Section        0  stm32h7xx_hal_tim.o(.text.HAL_TIM_IRQHandler)
    [Anonymous Symbol]                       0x08005060   Section        0  stm32h7xx_hal_tim.o(.text.HAL_TIM_OC_DelayElapsedCallback)
    [Anonymous Symbol]                       0x08005068   Section        0  stm32h7xx_hal_tim.o(.text.HAL_TIM_PWM_PulseFinishedCallback)
    [Anonymous Symbol]                       0x08005070   Section        0  main.o(.text.HAL_TIM_PeriodElapsedCallback)
    [Anonymous Symbol]                       0x080050f8   Section        0  stm32h7xx_hal_tim.o(.text.HAL_TIM_TriggerCallback)
    [Anonymous Symbol]                       0x08005100   Section        0  stm32h7xx_hal_uart_ex.o(.text.HAL_UARTEx_DisableFifoMode)
    [Anonymous Symbol]                       0x08005138   Section        0  stm32h7xx_hal_uart.o(.text.HAL_UARTEx_RxEventCallback)
    [Anonymous Symbol]                       0x08005140   Section        0  stm32h7xx_hal_uart_ex.o(.text.HAL_UARTEx_RxFifoFullCallback)
    [Anonymous Symbol]                       0x08005148   Section        0  stm32h7xx_hal_uart_ex.o(.text.HAL_UARTEx_SetRxFifoThreshold)
    [Anonymous Symbol]                       0x080051d8   Section        0  stm32h7xx_hal_uart_ex.o(.text.HAL_UARTEx_SetTxFifoThreshold)
    [Anonymous Symbol]                       0x08005268   Section        0  stm32h7xx_hal_uart_ex.o(.text.HAL_UARTEx_TxFifoEmptyCallback)
    [Anonymous Symbol]                       0x08005270   Section        0  stm32h7xx_hal_uart_ex.o(.text.HAL_UARTEx_WakeupCallback)
    [Anonymous Symbol]                       0x08005278   Section        0  stm32h7xx_hal_uart.o(.text.HAL_UART_ErrorCallback)
    [Anonymous Symbol]                       0x08005280   Section        0  stm32h7xx_hal_uart.o(.text.HAL_UART_IRQHandler)
    [Anonymous Symbol]                       0x080058f8   Section        0  stm32h7xx_hal_uart.o(.text.HAL_UART_Init)
    [Anonymous Symbol]                       0x08005960   Section        0  usart.o(.text.HAL_UART_MspInit)
    [Anonymous Symbol]                       0x08005c70   Section        0  stm32h7xx_hal_uart.o(.text.HAL_UART_Receive_IT)
    [Anonymous Symbol]                       0x08005d20   Section        0  main.o(.text.HAL_UART_RxCpltCallback)
    [Anonymous Symbol]                       0x08005f68   Section        0  stm32h7xx_hal_uart.o(.text.HAL_UART_Transmit_IT)
    [Anonymous Symbol]                       0x08006098   Section        0  stm32h7xx_hal_uart.o(.text.HAL_UART_TxCpltCallback)
    [Anonymous Symbol]                       0x080060a0   Section        0  stm32h7xx_it.o(.text.HardFault_Handler)
    [Anonymous Symbol]                       0x080060a8   Section        0  dma.o(.text.MX_DMA_Init)
    [Anonymous Symbol]                       0x080060f0   Section        0  gpio.o(.text.MX_GPIO_Init)
    [Anonymous Symbol]                       0x080061e0   Section        0  tim.o(.text.MX_TIM2_Init)
    [Anonymous Symbol]                       0x08006250   Section        0  tim.o(.text.MX_TIM3_Init)
    [Anonymous Symbol]                       0x080062c8   Section        0  usart.o(.text.MX_UART5_Init)
    [Anonymous Symbol]                       0x08006348   Section        0  usart.o(.text.MX_UART7_Init)
    [Anonymous Symbol]                       0x080063c8   Section        0  usart.o(.text.MX_USART1_UART_Init)
    [Anonymous Symbol]                       0x08006448   Section        0  usart.o(.text.MX_USART2_UART_Init)
    [Anonymous Symbol]                       0x080064c8   Section        0  usart.o(.text.MX_USART6_UART_Init)
    [Anonymous Symbol]                       0x08006548   Section        0  stm32h7xx_it.o(.text.MemManage_Handler)
    [Anonymous Symbol]                       0x08006550   Section        0  stm32h7xx_it.o(.text.NMI_Handler)
    [Anonymous Symbol]                       0x08006558   Section        0  stm32h7xx_it.o(.text.PendSV_Handler)
    [Anonymous Symbol]                       0x08006560   Section        0  xsense.o(.text.Pitch_function)
    RCCEx_PLL2_Config                        0x080065a9   Thumb Code   290  stm32h7xx_hal_rcc_ex.o(.text.RCCEx_PLL2_Config)
    [Anonymous Symbol]                       0x080065a8   Section        0  stm32h7xx_hal_rcc_ex.o(.text.RCCEx_PLL2_Config)
    RCCEx_PLL3_Config                        0x080066d1   Thumb Code   290  stm32h7xx_hal_rcc_ex.o(.text.RCCEx_PLL3_Config)
    [Anonymous Symbol]                       0x080066d0   Section        0  stm32h7xx_hal_rcc_ex.o(.text.RCCEx_PLL3_Config)
    [Anonymous Symbol]                       0x080067f8   Section        0  stm32h7xx_it.o(.text.SVC_Handler)
    [Anonymous Symbol]                       0x08006800   Section        0  stm32h7xx_it.o(.text.SysTick_Handler)
    [Anonymous Symbol]                       0x08006808   Section        0  main.o(.text.SystemClock_Config)
    [Anonymous Symbol]                       0x08006928   Section        0  system_stm32h7xx.o(.text.SystemInit)
    [Anonymous Symbol]                       0x080069a8   Section        0  stm32h7xx_it.o(.text.TIM2_IRQHandler)
    [Anonymous Symbol]                       0x080069b8   Section        0  stm32h7xx_it.o(.text.TIM3_IRQHandler)
    [Anonymous Symbol]                       0x080069c8   Section        0  stm32h7xx_hal_tim.o(.text.TIM_Base_SetConfig)
    [Anonymous Symbol]                       0x08006b20   Section        0  u8_float.o(.text.U8ToFloat)
    [Anonymous Symbol]                       0x08006b30   Section        0  stm32h7xx_it.o(.text.UART5_IRQHandler)
    [Anonymous Symbol]                       0x08006b40   Section        0  stm32h7xx_it.o(.text.UART7_IRQHandler)
    [Anonymous Symbol]                       0x08006b50   Section        0  stm32h7xx_hal_uart.o(.text.UART_AdvFeatureConfig)
    [Anonymous Symbol]                       0x08006c30   Section        0  stm32h7xx_hal_uart.o(.text.UART_CheckIdleState)
    UART_DMAAbortOnError                     0x08006da1   Thumb Code    16  stm32h7xx_hal_uart.o(.text.UART_DMAAbortOnError)
    [Anonymous Symbol]                       0x08006da0   Section        0  stm32h7xx_hal_uart.o(.text.UART_DMAAbortOnError)
    UART_RxISR_16BIT                         0x08006db1   Thumb Code   452  stm32h7xx_hal_uart.o(.text.UART_RxISR_16BIT)
    [Anonymous Symbol]                       0x08006db0   Section        0  stm32h7xx_hal_uart.o(.text.UART_RxISR_16BIT)
    UART_RxISR_16BIT_FIFOEN                  0x08006f79   Thumb Code   816  stm32h7xx_hal_uart.o(.text.UART_RxISR_16BIT_FIFOEN)
    [Anonymous Symbol]                       0x08006f78   Section        0  stm32h7xx_hal_uart.o(.text.UART_RxISR_16BIT_FIFOEN)
    UART_RxISR_8BIT                          0x080072a9   Thumb Code   456  stm32h7xx_hal_uart.o(.text.UART_RxISR_8BIT)
    [Anonymous Symbol]                       0x080072a8   Section        0  stm32h7xx_hal_uart.o(.text.UART_RxISR_8BIT)
    UART_RxISR_8BIT_FIFOEN                   0x08007471   Thumb Code   820  stm32h7xx_hal_uart.o(.text.UART_RxISR_8BIT_FIFOEN)
    [Anonymous Symbol]                       0x08007470   Section        0  stm32h7xx_hal_uart.o(.text.UART_RxISR_8BIT_FIFOEN)
    [Anonymous Symbol]                       0x080077a8   Section        0  stm32h7xx_hal_uart.o(.text.UART_SetConfig)
    [Anonymous Symbol]                       0x08007c30   Section        0  stm32h7xx_hal_uart.o(.text.UART_Start_Receive_IT)
    UART_TxISR_16BIT                         0x08007ea9   Thumb Code   208  stm32h7xx_hal_uart.o(.text.UART_TxISR_16BIT)
    [Anonymous Symbol]                       0x08007ea8   Section        0  stm32h7xx_hal_uart.o(.text.UART_TxISR_16BIT)
    UART_TxISR_16BIT_FIFOEN                  0x08007f79   Thumb Code   236  stm32h7xx_hal_uart.o(.text.UART_TxISR_16BIT_FIFOEN)
    [Anonymous Symbol]                       0x08007f78   Section        0  stm32h7xx_hal_uart.o(.text.UART_TxISR_16BIT_FIFOEN)
    UART_TxISR_8BIT                          0x08008069   Thumb Code   204  stm32h7xx_hal_uart.o(.text.UART_TxISR_8BIT)
    [Anonymous Symbol]                       0x08008068   Section        0  stm32h7xx_hal_uart.o(.text.UART_TxISR_8BIT)
    UART_TxISR_8BIT_FIFOEN                   0x08008139   Thumb Code   232  stm32h7xx_hal_uart.o(.text.UART_TxISR_8BIT_FIFOEN)
    [Anonymous Symbol]                       0x08008138   Section        0  stm32h7xx_hal_uart.o(.text.UART_TxISR_8BIT_FIFOEN)
    [Anonymous Symbol]                       0x08008220   Section        0  stm32h7xx_hal_uart.o(.text.UART_WaitOnFlagUntilTimeout)
    [Anonymous Symbol]                       0x08008578   Section        0  stm32h7xx_it.o(.text.USART1_IRQHandler)
    [Anonymous Symbol]                       0x08008588   Section        0  stm32h7xx_it.o(.text.USART2_IRQHandler)
    [Anonymous Symbol]                       0x08008598   Section        0  stm32h7xx_it.o(.text.USART6_IRQHandler)
    [Anonymous Symbol]                       0x080085a8   Section        0  stm32h7xx_it.o(.text.UsageFault_Handler)
    [Anonymous Symbol]                       0x080085b0   Section        0  xsense.o(.text.Yaw_function)
    [Anonymous Symbol]                       0x08008600   Section        0  main.o(.text.main)
    [Anonymous Symbol]                       0x080089b8   Section        0  xsense.o(.text.p_function)
    [Anonymous Symbol]                       0x08008a00   Section        0  xsense.o(.text.q_function)
    [Anonymous Symbol]                       0x08008a48   Section        0  xsense.o(.text.r_function)
    i.__ARM_fpclassifyf                      0x08008a90   Section        0  fpclassifyf.o(i.__ARM_fpclassifyf)
    i.__hardfp_atof                          0x08008ab8   Section        0  atof.o(i.__hardfp_atof)
    i.__hardfp_cosf                          0x08008af0   Section        0  cosf.o(i.__hardfp_cosf)
    i.__hardfp_sinf                          0x08008c40   Section        0  sinf.o(i.__hardfp_sinf)
    i.__mathlib_flt_infnan                   0x08008dd0   Section        0  funder.o(i.__mathlib_flt_infnan)
    i.__mathlib_flt_invalid                  0x08008dd8   Section        0  funder.o(i.__mathlib_flt_invalid)
    i.__mathlib_flt_underflow                0x08008de8   Section        0  funder.o(i.__mathlib_flt_underflow)
    i.__mathlib_rredf2                       0x08008df8   Section        0  rredf.o(i.__mathlib_rredf2)
    i.__read_errno                           0x08008f4c   Section        0  errno.o(i.__read_errno)
    i.__scatterload_copy                     0x08008f58   Section       14  handlers.o(i.__scatterload_copy)
    i.__scatterload_null                     0x08008f66   Section        2  handlers.o(i.__scatterload_null)
    i.__scatterload_zeroinit                 0x08008f68   Section       14  handlers.o(i.__scatterload_zeroinit)
    i.__set_errno                            0x08008f78   Section        0  errno.o(i.__set_errno)
    i._is_digit                              0x08008f84   Section        0  scanf_fp.o(i._is_digit)
    twooverpi                                0x08008f94   Data          32  rredf.o(.constdata)
    .constdata                               0x08008f94   Section       32  rredf.o(.constdata)
    .constdata                               0x08008fb4   Section       64  ctype_c.o(.constdata)
    .Lswitch.table.UART_SetConfig.5          0x08008ff4   Data           6  stm32h7xx_hal_uart.o(.rodata..Lswitch.table.UART_SetConfig.5)
    .Lswitch.table.UART_SetConfig.7          0x08008ffa   Data           6  stm32h7xx_hal_uart.o(.rodata..Lswitch.table.UART_SetConfig.7)
    UARTEx_SetNbDataToProcess.numerator      0x08009028   Data           8  stm32h7xx_hal_uart_ex.o(.rodata.cst8)
    [Anonymous Symbol]                       0x08009028   Section        0  stm32h7xx_hal_uart_ex.o(.rodata.cst8)
    UARTEx_SetNbDataToProcess.denominator    0x08009030   Data           8  stm32h7xx_hal_uart_ex.o(.rodata.cst8)
    .L.str.1                                 0x08009038   Data           2  dvl.o(.rodata.str1.1)
    [Anonymous Symbol]                       0x08009038   Section        0  dvl.o(.rodata.str1.1)
    state                                    0x24000000   Data           4  strtok.o(.data)
    .data                                    0x24000000   Section        4  strtok.o(.data)
    _errno                                   0x24000004   Data           4  errno.o(.data)
    .data                                    0x24000004   Section        4  errno.o(.data)
    .L_MergedGlobals                         0x24000008   Data           8  system_stm32h7xx.o(.data..L_MergedGlobals)
    [Anonymous Symbol]                       0x24000008   Section        0  system_stm32h7xx.o(.data..L_MergedGlobals)
    .L_MergedGlobals                         0x24000010   Data           8  stm32h7xx_hal.o(.data..L_MergedGlobals)
    [Anonymous Symbol]                       0x24000010   Section        0  stm32h7xx_hal.o(.data..L_MergedGlobals)
    .L_MergedGlobals                         0x24000018   Data         124  main.o(.bss..L_MergedGlobals)
    [Anonymous Symbol]                       0x24000018   Section        0  main.o(.bss..L_MergedGlobals)
    HAL_UART_RxCpltCallback.rxd2_state       0x24000019   Data           1  main.o(.bss..L_MergedGlobals)
    HAL_UART_RxCpltCallback.rxd6_state       0x2400001a   Data           1  main.o(.bss..L_MergedGlobals)
    .L_MergedGlobals                         0x24000094   Data          40  xsense.o(.bss..L_MergedGlobals)
    [Anonymous Symbol]                       0x24000094   Section        0  xsense.o(.bss..L_MergedGlobals)
    .L_MergedGlobals                         0x240000bc   Data          13  guangxian.o(.bss..L_MergedGlobals)
    [Anonymous Symbol]                       0x240000bc   Section        0  guangxian.o(.bss..L_MergedGlobals)
    .L_MergedGlobals.2                       0x240000cc   Data         125  main.o(.bss..L_MergedGlobals.2)
    [Anonymous Symbol]                       0x240000cc   Section        0  main.o(.bss..L_MergedGlobals.2)
    STACK                                    0x24000720   Section     1024  startup_stm32h753xx.o(STACK)

    Global Symbols

    Symbol Name                              Value     Ov Type        Size  Object(Section)

    BuildAttributes$$THM_ISAv4$E$P$D$K$B$S$7EM$VFPv5_D16$PE$PLD8$A:L22UL41UL21$X:L11$S22US41US21$IEEE1$IW$~IW$USESV6$~STKCKD$USESV7$~SHL$OTIME$ROPI$IEEEX$EBA8$MICROLIB$REQ8$PRES8$EABIv2 0x00000000   Number         0  anon$$obj.o ABSOLUTE
    __cpp_initialize__aeabi_                  - Undefined Weak Reference
    __cxa_finalize                            - Undefined Weak Reference
    __decompress                              - Undefined Weak Reference
    _clock_init                               - Undefined Weak Reference
    _microlib_exit                            - Undefined Weak Reference
    __Vectors_Size                           0x00000298   Number         0  startup_stm32h753xx.o ABSOLUTE
    __Vectors                                0x08000000   Data           4  startup_stm32h753xx.o(RESET)
    __Vectors_End                            0x08000298   Data           0  startup_stm32h753xx.o(RESET)
    __main                                   0x08000299   Thumb Code     0  entry.o(.ARM.Collect$$$$00000000)
    _main_stk                                0x08000299   Thumb Code     0  entry2.o(.ARM.Collect$$$$00000001)
    _main_scatterload                        0x0800029d   Thumb Code     0  entry5.o(.ARM.Collect$$$$00000004)
    __main_after_scatterload                 0x080002a1   Thumb Code     0  entry5.o(.ARM.Collect$$$$00000004)
    _main_clock                              0x080002a1   Thumb Code     0  entry7b.o(.ARM.Collect$$$$00000008)
    _main_cpp_init                           0x080002a1   Thumb Code     0  entry8b.o(.ARM.Collect$$$$0000000A)
    _main_init                               0x080002a1   Thumb Code     0  entry9a.o(.ARM.Collect$$$$0000000B)
    __rt_final_cpp                           0x080002a9   Thumb Code     0  entry10a.o(.ARM.Collect$$$$0000000D)
    __rt_final_exit                          0x080002a9   Thumb Code     0  entry11a.o(.ARM.Collect$$$$0000000F)
    Reset_Handler                            0x080002ad   Thumb Code     8  startup_stm32h753xx.o(.text)
    ADC3_IRQHandler                          0x080002c7   Thumb Code     0  startup_stm32h753xx.o(.text)
    ADC_IRQHandler                           0x080002c7   Thumb Code     0  startup_stm32h753xx.o(.text)
    BDMA_Channel0_IRQHandler                 0x080002c7   Thumb Code     0  startup_stm32h753xx.o(.text)
    BDMA_Channel1_IRQHandler                 0x080002c7   Thumb Code     0  startup_stm32h753xx.o(.text)
    BDMA_Channel2_IRQHandler                 0x080002c7   Thumb Code     0  startup_stm32h753xx.o(.text)
    BDMA_Channel3_IRQHandler                 0x080002c7   Thumb Code     0  startup_stm32h753xx.o(.text)
    BDMA_Channel4_IRQHandler                 0x080002c7   Thumb Code     0  startup_stm32h753xx.o(.text)
    BDMA_Channel5_IRQHandler                 0x080002c7   Thumb Code     0  startup_stm32h753xx.o(.text)
    BDMA_Channel6_IRQHandler                 0x080002c7   Thumb Code     0  startup_stm32h753xx.o(.text)
    BDMA_Channel7_IRQHandler                 0x080002c7   Thumb Code     0  startup_stm32h753xx.o(.text)
    CEC_IRQHandler                           0x080002c7   Thumb Code     0  startup_stm32h753xx.o(.text)
    COMP1_IRQHandler                         0x080002c7   Thumb Code     0  startup_stm32h753xx.o(.text)
    CRS_IRQHandler                           0x080002c7   Thumb Code     0  startup_stm32h753xx.o(.text)
    CRYP_IRQHandler                          0x080002c7   Thumb Code     0  startup_stm32h753xx.o(.text)
    DCMI_IRQHandler                          0x080002c7   Thumb Code     0  startup_stm32h753xx.o(.text)
    DFSDM1_FLT0_IRQHandler                   0x080002c7   Thumb Code     0  startup_stm32h753xx.o(.text)
    DFSDM1_FLT1_IRQHandler                   0x080002c7   Thumb Code     0  startup_stm32h753xx.o(.text)
    DFSDM1_FLT2_IRQHandler                   0x080002c7   Thumb Code     0  startup_stm32h753xx.o(.text)
    DFSDM1_FLT3_IRQHandler                   0x080002c7   Thumb Code     0  startup_stm32h753xx.o(.text)
    DMA1_Stream2_IRQHandler                  0x080002c7   Thumb Code     0  startup_stm32h753xx.o(.text)
    DMA1_Stream3_IRQHandler                  0x080002c7   Thumb Code     0  startup_stm32h753xx.o(.text)
    DMA1_Stream4_IRQHandler                  0x080002c7   Thumb Code     0  startup_stm32h753xx.o(.text)
    DMA1_Stream5_IRQHandler                  0x080002c7   Thumb Code     0  startup_stm32h753xx.o(.text)
    DMA1_Stream6_IRQHandler                  0x080002c7   Thumb Code     0  startup_stm32h753xx.o(.text)
    DMA1_Stream7_IRQHandler                  0x080002c7   Thumb Code     0  startup_stm32h753xx.o(.text)
    DMA2D_IRQHandler                         0x080002c7   Thumb Code     0  startup_stm32h753xx.o(.text)
    DMA2_Stream0_IRQHandler                  0x080002c7   Thumb Code     0  startup_stm32h753xx.o(.text)
    DMA2_Stream1_IRQHandler                  0x080002c7   Thumb Code     0  startup_stm32h753xx.o(.text)
    DMA2_Stream2_IRQHandler                  0x080002c7   Thumb Code     0  startup_stm32h753xx.o(.text)
    DMA2_Stream3_IRQHandler                  0x080002c7   Thumb Code     0  startup_stm32h753xx.o(.text)
    DMA2_Stream4_IRQHandler                  0x080002c7   Thumb Code     0  startup_stm32h753xx.o(.text)
    DMA2_Stream5_IRQHandler                  0x080002c7   Thumb Code     0  startup_stm32h753xx.o(.text)
    DMA2_Stream6_IRQHandler                  0x080002c7   Thumb Code     0  startup_stm32h753xx.o(.text)
    DMA2_Stream7_IRQHandler                  0x080002c7   Thumb Code     0  startup_stm32h753xx.o(.text)
    DMAMUX1_OVR_IRQHandler                   0x080002c7   Thumb Code     0  startup_stm32h753xx.o(.text)
    DMAMUX2_OVR_IRQHandler                   0x080002c7   Thumb Code     0  startup_stm32h753xx.o(.text)
    ECC_IRQHandler                           0x080002c7   Thumb Code     0  startup_stm32h753xx.o(.text)
    ETH_IRQHandler                           0x080002c7   Thumb Code     0  startup_stm32h753xx.o(.text)
    ETH_WKUP_IRQHandler                      0x080002c7   Thumb Code     0  startup_stm32h753xx.o(.text)
    EXTI0_IRQHandler                         0x080002c7   Thumb Code     0  startup_stm32h753xx.o(.text)
    EXTI15_10_IRQHandler                     0x080002c7   Thumb Code     0  startup_stm32h753xx.o(.text)
    EXTI1_IRQHandler                         0x080002c7   Thumb Code     0  startup_stm32h753xx.o(.text)
    EXTI2_IRQHandler                         0x080002c7   Thumb Code     0  startup_stm32h753xx.o(.text)
    EXTI3_IRQHandler                         0x080002c7   Thumb Code     0  startup_stm32h753xx.o(.text)
    EXTI4_IRQHandler                         0x080002c7   Thumb Code     0  startup_stm32h753xx.o(.text)
    EXTI9_5_IRQHandler                       0x080002c7   Thumb Code     0  startup_stm32h753xx.o(.text)
    FDCAN1_IT0_IRQHandler                    0x080002c7   Thumb Code     0  startup_stm32h753xx.o(.text)
    FDCAN1_IT1_IRQHandler                    0x080002c7   Thumb Code     0  startup_stm32h753xx.o(.text)
    FDCAN2_IT0_IRQHandler                    0x080002c7   Thumb Code     0  startup_stm32h753xx.o(.text)
    FDCAN2_IT1_IRQHandler                    0x080002c7   Thumb Code     0  startup_stm32h753xx.o(.text)
    FDCAN_CAL_IRQHandler                     0x080002c7   Thumb Code     0  startup_stm32h753xx.o(.text)
    FLASH_IRQHandler                         0x080002c7   Thumb Code     0  startup_stm32h753xx.o(.text)
    FMC_IRQHandler                           0x080002c7   Thumb Code     0  startup_stm32h753xx.o(.text)
    FPU_IRQHandler                           0x080002c7   Thumb Code     0  startup_stm32h753xx.o(.text)
    HASH_RNG_IRQHandler                      0x080002c7   Thumb Code     0  startup_stm32h753xx.o(.text)
    HRTIM1_FLT_IRQHandler                    0x080002c7   Thumb Code     0  startup_stm32h753xx.o(.text)
    HRTIM1_Master_IRQHandler                 0x080002c7   Thumb Code     0  startup_stm32h753xx.o(.text)
    HRTIM1_TIMA_IRQHandler                   0x080002c7   Thumb Code     0  startup_stm32h753xx.o(.text)
    HRTIM1_TIMB_IRQHandler                   0x080002c7   Thumb Code     0  startup_stm32h753xx.o(.text)
    HRTIM1_TIMC_IRQHandler                   0x080002c7   Thumb Code     0  startup_stm32h753xx.o(.text)
    HRTIM1_TIMD_IRQHandler                   0x080002c7   Thumb Code     0  startup_stm32h753xx.o(.text)
    HRTIM1_TIME_IRQHandler                   0x080002c7   Thumb Code     0  startup_stm32h753xx.o(.text)
    HSEM1_IRQHandler                         0x080002c7   Thumb Code     0  startup_stm32h753xx.o(.text)
    I2C1_ER_IRQHandler                       0x080002c7   Thumb Code     0  startup_stm32h753xx.o(.text)
    I2C1_EV_IRQHandler                       0x080002c7   Thumb Code     0  startup_stm32h753xx.o(.text)
    I2C2_ER_IRQHandler                       0x080002c7   Thumb Code     0  startup_stm32h753xx.o(.text)
    I2C2_EV_IRQHandler                       0x080002c7   Thumb Code     0  startup_stm32h753xx.o(.text)
    I2C3_ER_IRQHandler                       0x080002c7   Thumb Code     0  startup_stm32h753xx.o(.text)
    I2C3_EV_IRQHandler                       0x080002c7   Thumb Code     0  startup_stm32h753xx.o(.text)
    I2C4_ER_IRQHandler                       0x080002c7   Thumb Code     0  startup_stm32h753xx.o(.text)
    I2C4_EV_IRQHandler                       0x080002c7   Thumb Code     0  startup_stm32h753xx.o(.text)
    JPEG_IRQHandler                          0x080002c7   Thumb Code     0  startup_stm32h753xx.o(.text)
    LPTIM1_IRQHandler                        0x080002c7   Thumb Code     0  startup_stm32h753xx.o(.text)
    LPTIM2_IRQHandler                        0x080002c7   Thumb Code     0  startup_stm32h753xx.o(.text)
    LPTIM3_IRQHandler                        0x080002c7   Thumb Code     0  startup_stm32h753xx.o(.text)
    LPTIM4_IRQHandler                        0x080002c7   Thumb Code     0  startup_stm32h753xx.o(.text)
    LPTIM5_IRQHandler                        0x080002c7   Thumb Code     0  startup_stm32h753xx.o(.text)
    LPUART1_IRQHandler                       0x080002c7   Thumb Code     0  startup_stm32h753xx.o(.text)
    LTDC_ER_IRQHandler                       0x080002c7   Thumb Code     0  startup_stm32h753xx.o(.text)
    LTDC_IRQHandler                          0x080002c7   Thumb Code     0  startup_stm32h753xx.o(.text)
    MDIOS_IRQHandler                         0x080002c7   Thumb Code     0  startup_stm32h753xx.o(.text)
    MDIOS_WKUP_IRQHandler                    0x080002c7   Thumb Code     0  startup_stm32h753xx.o(.text)
    MDMA_IRQHandler                          0x080002c7   Thumb Code     0  startup_stm32h753xx.o(.text)
    OTG_FS_EP1_IN_IRQHandler                 0x080002c7   Thumb Code     0  startup_stm32h753xx.o(.text)
    OTG_FS_EP1_OUT_IRQHandler                0x080002c7   Thumb Code     0  startup_stm32h753xx.o(.text)
    OTG_FS_IRQHandler                        0x080002c7   Thumb Code     0  startup_stm32h753xx.o(.text)
    OTG_FS_WKUP_IRQHandler                   0x080002c7   Thumb Code     0  startup_stm32h753xx.o(.text)
    OTG_HS_EP1_IN_IRQHandler                 0x080002c7   Thumb Code     0  startup_stm32h753xx.o(.text)
    OTG_HS_EP1_OUT_IRQHandler                0x080002c7   Thumb Code     0  startup_stm32h753xx.o(.text)
    OTG_HS_IRQHandler                        0x080002c7   Thumb Code     0  startup_stm32h753xx.o(.text)
    OTG_HS_WKUP_IRQHandler                   0x080002c7   Thumb Code     0  startup_stm32h753xx.o(.text)
    PVD_AVD_IRQHandler                       0x080002c7   Thumb Code     0  startup_stm32h753xx.o(.text)
    QUADSPI_IRQHandler                       0x080002c7   Thumb Code     0  startup_stm32h753xx.o(.text)
    RCC_IRQHandler                           0x080002c7   Thumb Code     0  startup_stm32h753xx.o(.text)
    RTC_Alarm_IRQHandler                     0x080002c7   Thumb Code     0  startup_stm32h753xx.o(.text)
    RTC_WKUP_IRQHandler                      0x080002c7   Thumb Code     0  startup_stm32h753xx.o(.text)
    SAI1_IRQHandler                          0x080002c7   Thumb Code     0  startup_stm32h753xx.o(.text)
    SAI2_IRQHandler                          0x080002c7   Thumb Code     0  startup_stm32h753xx.o(.text)
    SAI3_IRQHandler                          0x080002c7   Thumb Code     0  startup_stm32h753xx.o(.text)
    SAI4_IRQHandler                          0x080002c7   Thumb Code     0  startup_stm32h753xx.o(.text)
    SDMMC1_IRQHandler                        0x080002c7   Thumb Code     0  startup_stm32h753xx.o(.text)
    SDMMC2_IRQHandler                        0x080002c7   Thumb Code     0  startup_stm32h753xx.o(.text)
    SPDIF_RX_IRQHandler                      0x080002c7   Thumb Code     0  startup_stm32h753xx.o(.text)
    SPI1_IRQHandler                          0x080002c7   Thumb Code     0  startup_stm32h753xx.o(.text)
    SPI2_IRQHandler                          0x080002c7   Thumb Code     0  startup_stm32h753xx.o(.text)
    SPI3_IRQHandler                          0x080002c7   Thumb Code     0  startup_stm32h753xx.o(.text)
    SPI4_IRQHandler                          0x080002c7   Thumb Code     0  startup_stm32h753xx.o(.text)
    SPI5_IRQHandler                          0x080002c7   Thumb Code     0  startup_stm32h753xx.o(.text)
    SPI6_IRQHandler                          0x080002c7   Thumb Code     0  startup_stm32h753xx.o(.text)
    SWPMI1_IRQHandler                        0x080002c7   Thumb Code     0  startup_stm32h753xx.o(.text)
    TAMP_STAMP_IRQHandler                    0x080002c7   Thumb Code     0  startup_stm32h753xx.o(.text)
    TIM15_IRQHandler                         0x080002c7   Thumb Code     0  startup_stm32h753xx.o(.text)
    TIM16_IRQHandler                         0x080002c7   Thumb Code     0  startup_stm32h753xx.o(.text)
    TIM17_IRQHandler                         0x080002c7   Thumb Code     0  startup_stm32h753xx.o(.text)
    TIM1_BRK_IRQHandler                      0x080002c7   Thumb Code     0  startup_stm32h753xx.o(.text)
    TIM1_CC_IRQHandler                       0x080002c7   Thumb Code     0  startup_stm32h753xx.o(.text)
    TIM1_TRG_COM_IRQHandler                  0x080002c7   Thumb Code     0  startup_stm32h753xx.o(.text)
    TIM1_UP_IRQHandler                       0x080002c7   Thumb Code     0  startup_stm32h753xx.o(.text)
    TIM4_IRQHandler                          0x080002c7   Thumb Code     0  startup_stm32h753xx.o(.text)
    TIM5_IRQHandler                          0x080002c7   Thumb Code     0  startup_stm32h753xx.o(.text)
    TIM6_DAC_IRQHandler                      0x080002c7   Thumb Code     0  startup_stm32h753xx.o(.text)
    TIM7_IRQHandler                          0x080002c7   Thumb Code     0  startup_stm32h753xx.o(.text)
    TIM8_BRK_TIM12_IRQHandler                0x080002c7   Thumb Code     0  startup_stm32h753xx.o(.text)
    TIM8_CC_IRQHandler                       0x080002c7   Thumb Code     0  startup_stm32h753xx.o(.text)
    TIM8_TRG_COM_TIM14_IRQHandler            0x080002c7   Thumb Code     0  startup_stm32h753xx.o(.text)
    TIM8_UP_TIM13_IRQHandler                 0x080002c7   Thumb Code     0  startup_stm32h753xx.o(.text)
    UART4_IRQHandler                         0x080002c7   Thumb Code     0  startup_stm32h753xx.o(.text)
    UART8_IRQHandler                         0x080002c7   Thumb Code     0  startup_stm32h753xx.o(.text)
    USART3_IRQHandler                        0x080002c7   Thumb Code     0  startup_stm32h753xx.o(.text)
    WAKEUP_PIN_IRQHandler                    0x080002c7   Thumb Code     0  startup_stm32h753xx.o(.text)
    WWDG_IRQHandler                          0x080002c7   Thumb Code     0  startup_stm32h753xx.o(.text)
    __aeabi_uldivmod                         0x080002d1   Thumb Code    98  uldiv.o(.text)
    __aeabi_memset                           0x08000333   Thumb Code    14  memseta.o(.text)
    __aeabi_memset4                          0x08000333   Thumb Code     0  memseta.o(.text)
    __aeabi_memset8                          0x08000333   Thumb Code     0  memseta.o(.text)
    __aeabi_memclr                           0x08000341   Thumb Code     4  memseta.o(.text)
    __aeabi_memclr4                          0x08000341   Thumb Code     0  memseta.o(.text)
    __aeabi_memclr8                          0x08000341   Thumb Code     0  memseta.o(.text)
    _memset$wrapper                          0x08000345   Thumb Code    18  memseta.o(.text)
    strstr                                   0x08000357   Thumb Code    36  strstr.o(.text)
    strncmp                                  0x0800037b   Thumb Code    30  strncmp.o(.text)
    strtok                                   0x08000399   Thumb Code    62  strtok.o(.text)
    __aeabi_llsl                             0x080003dd   Thumb Code    30  llshl.o(.text)
    _ll_shift_l                              0x080003dd   Thumb Code     0  llshl.o(.text)
    __aeabi_llsr                             0x080003fb   Thumb Code    32  llushr.o(.text)
    _ll_ushift_r                             0x080003fb   Thumb Code     0  llushr.o(.text)
    __strtod_int                             0x0800045b   Thumb Code    94  strtod.o(.text)
    __I$use$fp                               0x080004c5   Thumb Code     0  iusefp.o(.text)
    __scatterload                            0x080004c5   Thumb Code    38  init.o(.text)
    __scatterload_rt2                        0x080004c5   Thumb Code     0  init.o(.text)
    isspace                                  0x080004f5   Thumb Code    10  isspace_c.o(.text)
    _scanf_real                              0x08000629   Thumb Code     0  scanf_fp.o(.text)
    _scanf_really_real                       0x08000629   Thumb Code   556  scanf_fp.o(.text)
    _sgetc                                   0x08000861   Thumb Code    30  _sgetc.o(.text)
    _sbackspace                              0x0800087f   Thumb Code    34  _sgetc.o(.text)
    __ctype_lookup                           0x080008a1   Thumb Code    34  ctype_c.o(.text)
    __aeabi_dmul                             0x080008c9   Thumb Code   228  dmul.o(.text)
    __aeabi_ddiv                             0x080009ad   Thumb Code   222  ddiv.o(.text)
    __aeabi_ul2d                             0x08000a8b   Thumb Code    24  dfltul.o(.text)
    __aeabi_d2f                              0x08000aa3   Thumb Code    56  d2f.o(.text)
    _float_round                             0x08000adb   Thumb Code    18  fepilogue.o(.text)
    _float_epilogue                          0x08000aed   Thumb Code    92  fepilogue.o(.text)
    _double_round                            0x08000b49   Thumb Code    30  depilogue.o(.text)
    _double_epilogue                         0x08000b67   Thumb Code   156  depilogue.o(.text)
    Angle_function                           0x08000c09   Thumb Code   112  guangxian.o(.text.Angle_function)
    BusFault_Handler                         0x08000c81   Thumb Code     2  stm32h7xx_it.o(.text.BusFault_Handler)
    DMA1_Stream0_IRQHandler                  0x08000c89   Thumb Code    12  stm32h7xx_it.o(.text.DMA1_Stream0_IRQHandler)
    DMA1_Stream1_IRQHandler                  0x08000c99   Thumb Code    12  stm32h7xx_it.o(.text.DMA1_Stream1_IRQHandler)
    DR_GetPosition                           0x08000dd1   Thumb Code    26  navigation.o(.text.DR_GetPosition)
    DR_Init                                  0x08000df1   Thumb Code    56  navigation.o(.text.DR_Init)
    DR_InterpolateAttitude                   0x08000e29   Thumb Code   576  navigation.o(.text.DR_InterpolateAttitude)
    DR_SetConfig                             0x08001081   Thumb Code    28  navigation.o(.text.DR_SetConfig)
    DR_UpdateAttitude                        0x080010a1   Thumb Code   108  navigation.o(.text.DR_UpdateAttitude)
    DR_UpdateDepth                           0x08001111   Thumb Code    10  navigation.o(.text.DR_UpdateDepth)
    DR_UpdatePosition                        0x08001121   Thumb Code  1368  navigation.o(.text.DR_UpdatePosition)
    DR_UpdateVelocity                        0x08001681   Thumb Code   106  navigation.o(.text.DR_UpdateVelocity)
    DVL_GetData                              0x080016f1   Thumb Code    46  dvl.o(.text.DVL_GetData)
    DVL_Init                                 0x08001721   Thumb Code    10  dvl.o(.text.DVL_Init)
    DVL_RxCallback                           0x08001731   Thumb Code   172  dvl.o(.text.DVL_RxCallback)
    DebugMon_Handler                         0x080017e9   Thumb Code     2  stm32h7xx_it.o(.text.DebugMon_Handler)
    Error_Handler                            0x080017f1   Thumb Code     2  main.o(.text.Error_Handler)
    FloatToU8                                0x080017f9   Thumb Code    10  u8_float.o(.text.FloatToU8)
    Fuzhi                                    0x08001809   Thumb Code    98  main.o(.text.Fuzhi)
    HAL_DMA_Abort                            0x08001871   Thumb Code  1318  stm32h7xx_hal_dma.o(.text.HAL_DMA_Abort)
    HAL_DMA_Abort_IT                         0x08001d99   Thumb Code   694  stm32h7xx_hal_dma.o(.text.HAL_DMA_Abort_IT)
    HAL_DMA_IRQHandler                       0x08002051   Thumb Code  2072  stm32h7xx_hal_dma.o(.text.HAL_DMA_IRQHandler)
    HAL_DMA_Init                             0x08002869   Thumb Code  1630  stm32h7xx_hal_dma.o(.text.HAL_DMA_Init)
    HAL_Delay                                0x08002ec9   Thumb Code    40  stm32h7xx_hal.o(.text.HAL_Delay)
    HAL_GPIO_Init                            0x08002ef1   Thumb Code   422  stm32h7xx_hal_gpio.o(.text.HAL_GPIO_Init)
    HAL_GPIO_WritePin                        0x08003099   Thumb Code    10  stm32h7xx_hal_gpio.o(.text.HAL_GPIO_WritePin)
    HAL_GetREVID                             0x080030a9   Thumb Code    14  stm32h7xx_hal.o(.text.HAL_GetREVID)
    HAL_GetTick                              0x080030b9   Thumb Code    12  stm32h7xx_hal.o(.text.HAL_GetTick)
    HAL_IncTick                              0x080030c9   Thumb Code    26  stm32h7xx_hal.o(.text.HAL_IncTick)
    HAL_Init                                 0x080030e9   Thumb Code   100  stm32h7xx_hal.o(.text.HAL_Init)
    HAL_InitTick                             0x08003151   Thumb Code    80  stm32h7xx_hal.o(.text.HAL_InitTick)
    HAL_MspInit                              0x080031a1   Thumb Code    36  stm32h7xx_hal_msp.o(.text.HAL_MspInit)
    HAL_NVIC_EnableIRQ                       0x080031c9   Thumb Code    34  stm32h7xx_hal_cortex.o(.text.HAL_NVIC_EnableIRQ)
    HAL_NVIC_SetPriority                     0x080031f1   Thumb Code    90  stm32h7xx_hal_cortex.o(.text.HAL_NVIC_SetPriority)
    HAL_NVIC_SetPriorityGrouping             0x08003251   Thumb Code    32  stm32h7xx_hal_cortex.o(.text.HAL_NVIC_SetPriorityGrouping)
    HAL_PWREx_ConfigSupply                   0x08003271   Thumb Code    76  stm32h7xx_hal_pwr_ex.o(.text.HAL_PWREx_ConfigSupply)
    HAL_RCCEx_GetD3PCLK1Freq                 0x080032c1   Thumb Code    38  stm32h7xx_hal_rcc_ex.o(.text.HAL_RCCEx_GetD3PCLK1Freq)
    HAL_RCCEx_GetPLL2ClockFreq               0x080032e9   Thumb Code   280  stm32h7xx_hal_rcc_ex.o(.text.HAL_RCCEx_GetPLL2ClockFreq)
    HAL_RCCEx_GetPLL3ClockFreq               0x08003411   Thumb Code   280  stm32h7xx_hal_rcc_ex.o(.text.HAL_RCCEx_GetPLL3ClockFreq)
    HAL_RCCEx_PeriphCLKConfig                0x08003539   Thumb Code  2828  stm32h7xx_hal_rcc_ex.o(.text.HAL_RCCEx_PeriphCLKConfig)
    HAL_RCC_ClockConfig                      0x08004049   Thumb Code   596  stm32h7xx_hal_rcc.o(.text.HAL_RCC_ClockConfig)
    HAL_RCC_GetHCLKFreq                      0x080042a1   Thumb Code    76  stm32h7xx_hal_rcc.o(.text.HAL_RCC_GetHCLKFreq)
    HAL_RCC_GetPCLK1Freq                     0x080042f1   Thumb Code    96  stm32h7xx_hal_rcc.o(.text.HAL_RCC_GetPCLK1Freq)
    HAL_RCC_GetPCLK2Freq                     0x08004351   Thumb Code    96  stm32h7xx_hal_rcc.o(.text.HAL_RCC_GetPCLK2Freq)
    HAL_RCC_GetSysClockFreq                  0x080043b1   Thumb Code   264  stm32h7xx_hal_rcc.o(.text.HAL_RCC_GetSysClockFreq)
    HAL_RCC_OscConfig                        0x080044d1   Thumb Code  1388  stm32h7xx_hal_rcc.o(.text.HAL_RCC_OscConfig)
    HAL_SYSTICK_Config                       0x08004a41   Thumb Code    46  stm32h7xx_hal_cortex.o(.text.HAL_SYSTICK_Config)
    HAL_TIMEx_Break2Callback                 0x08004a71   Thumb Code     2  stm32h7xx_hal_tim_ex.o(.text.HAL_TIMEx_Break2Callback)
    HAL_TIMEx_BreakCallback                  0x08004a79   Thumb Code     2  stm32h7xx_hal_tim_ex.o(.text.HAL_TIMEx_BreakCallback)
    HAL_TIMEx_CommutCallback                 0x08004a81   Thumb Code     2  stm32h7xx_hal_tim_ex.o(.text.HAL_TIMEx_CommutCallback)
    HAL_TIMEx_MasterConfigSynchronization    0x08004a89   Thumb Code   206  stm32h7xx_hal_tim_ex.o(.text.HAL_TIMEx_MasterConfigSynchronization)
    HAL_TIM_Base_Init                        0x08004b59   Thumb Code    96  stm32h7xx_hal_tim.o(.text.HAL_TIM_Base_Init)
    HAL_TIM_Base_MspInit                     0x08004bb9   Thumb Code   116  tim.o(.text.HAL_TIM_Base_MspInit)
    HAL_TIM_Base_Start_IT                    0x08004c31   Thumb Code   180  stm32h7xx_hal_tim.o(.text.HAL_TIM_Base_Start_IT)
    HAL_TIM_ConfigClockSource                0x08004ce9   Thumb Code   512  stm32h7xx_hal_tim.o(.text.HAL_TIM_ConfigClockSource)
    HAL_TIM_IC_CaptureCallback               0x08004ee9   Thumb Code     2  stm32h7xx_hal_tim.o(.text.HAL_TIM_IC_CaptureCallback)
    HAL_TIM_IRQHandler                       0x08004ef1   Thumb Code   364  stm32h7xx_hal_tim.o(.text.HAL_TIM_IRQHandler)
    HAL_TIM_OC_DelayElapsedCallback          0x08005061   Thumb Code     2  stm32h7xx_hal_tim.o(.text.HAL_TIM_OC_DelayElapsedCallback)
    HAL_TIM_PWM_PulseFinishedCallback        0x08005069   Thumb Code     2  stm32h7xx_hal_tim.o(.text.HAL_TIM_PWM_PulseFinishedCallback)
    HAL_TIM_PeriodElapsedCallback            0x08005071   Thumb Code   128  main.o(.text.HAL_TIM_PeriodElapsedCallback)
    HAL_TIM_TriggerCallback                  0x080050f9   Thumb Code     2  stm32h7xx_hal_tim.o(.text.HAL_TIM_TriggerCallback)
    HAL_UARTEx_DisableFifoMode               0x08005101   Thumb Code    54  stm32h7xx_hal_uart_ex.o(.text.HAL_UARTEx_DisableFifoMode)
    HAL_UARTEx_RxEventCallback               0x08005139   Thumb Code     2  stm32h7xx_hal_uart.o(.text.HAL_UARTEx_RxEventCallback)
    HAL_UARTEx_RxFifoFullCallback            0x08005141   Thumb Code     2  stm32h7xx_hal_uart_ex.o(.text.HAL_UARTEx_RxFifoFullCallback)
    HAL_UARTEx_SetRxFifoThreshold            0x08005149   Thumb Code   140  stm32h7xx_hal_uart_ex.o(.text.HAL_UARTEx_SetRxFifoThreshold)
    HAL_UARTEx_SetTxFifoThreshold            0x080051d9   Thumb Code   140  stm32h7xx_hal_uart_ex.o(.text.HAL_UARTEx_SetTxFifoThreshold)
    HAL_UARTEx_TxFifoEmptyCallback           0x08005269   Thumb Code     2  stm32h7xx_hal_uart_ex.o(.text.HAL_UARTEx_TxFifoEmptyCallback)
    HAL_UARTEx_WakeupCallback                0x08005271   Thumb Code     2  stm32h7xx_hal_uart_ex.o(.text.HAL_UARTEx_WakeupCallback)
    HAL_UART_ErrorCallback                   0x08005279   Thumb Code     2  stm32h7xx_hal_uart.o(.text.HAL_UART_ErrorCallback)
    HAL_UART_IRQHandler                      0x08005281   Thumb Code  1650  stm32h7xx_hal_uart.o(.text.HAL_UART_IRQHandler)
    HAL_UART_Init                            0x080058f9   Thumb Code   100  stm32h7xx_hal_uart.o(.text.HAL_UART_Init)
    HAL_UART_MspInit                         0x08005961   Thumb Code   780  usart.o(.text.HAL_UART_MspInit)
    HAL_UART_Receive_IT                      0x08005c71   Thumb Code   172  stm32h7xx_hal_uart.o(.text.HAL_UART_Receive_IT)
    HAL_UART_RxCpltCallback                  0x08005d21   Thumb Code   576  main.o(.text.HAL_UART_RxCpltCallback)
    HAL_UART_Transmit_IT                     0x08005f69   Thumb Code   298  stm32h7xx_hal_uart.o(.text.HAL_UART_Transmit_IT)
    HAL_UART_TxCpltCallback                  0x08006099   Thumb Code     2  stm32h7xx_hal_uart.o(.text.HAL_UART_TxCpltCallback)
    HardFault_Handler                        0x080060a1   Thumb Code     2  stm32h7xx_it.o(.text.HardFault_Handler)
    MX_DMA_Init                              0x080060a9   Thumb Code    68  dma.o(.text.MX_DMA_Init)
    MX_GPIO_Init                             0x080060f1   Thumb Code   240  gpio.o(.text.MX_GPIO_Init)
    MX_TIM2_Init                             0x080061e1   Thumb Code   112  tim.o(.text.MX_TIM2_Init)
    MX_TIM3_Init                             0x08006251   Thumb Code   116  tim.o(.text.MX_TIM3_Init)
    MX_UART5_Init                            0x080062c9   Thumb Code   128  usart.o(.text.MX_UART5_Init)
    MX_UART7_Init                            0x08006349   Thumb Code   124  usart.o(.text.MX_UART7_Init)
    MX_USART1_UART_Init                      0x080063c9   Thumb Code   124  usart.o(.text.MX_USART1_UART_Init)
    MX_USART2_UART_Init                      0x08006449   Thumb Code   124  usart.o(.text.MX_USART2_UART_Init)
    MX_USART6_UART_Init                      0x080064c9   Thumb Code   124  usart.o(.text.MX_USART6_UART_Init)
    MemManage_Handler                        0x08006549   Thumb Code     2  stm32h7xx_it.o(.text.MemManage_Handler)
    NMI_Handler                              0x08006551   Thumb Code     2  stm32h7xx_it.o(.text.NMI_Handler)
    PendSV_Handler                           0x08006559   Thumb Code     2  stm32h7xx_it.o(.text.PendSV_Handler)
    Pitch_function                           0x08006561   Thumb Code    68  xsense.o(.text.Pitch_function)
    SVC_Handler                              0x080067f9   Thumb Code     2  stm32h7xx_it.o(.text.SVC_Handler)
    SysTick_Handler                          0x08006801   Thumb Code     4  stm32h7xx_it.o(.text.SysTick_Handler)
    SystemClock_Config                       0x08006809   Thumb Code   288  main.o(.text.SystemClock_Config)
    SystemInit                               0x08006929   Thumb Code   124  system_stm32h7xx.o(.text.SystemInit)
    TIM2_IRQHandler                          0x080069a9   Thumb Code    12  stm32h7xx_it.o(.text.TIM2_IRQHandler)
    TIM3_IRQHandler                          0x080069b9   Thumb Code    12  stm32h7xx_it.o(.text.TIM3_IRQHandler)
    TIM_Base_SetConfig                       0x080069c9   Thumb Code   344  stm32h7xx_hal_tim.o(.text.TIM_Base_SetConfig)
    U8ToFloat                                0x08006b21   Thumb Code    10  u8_float.o(.text.U8ToFloat)
    UART5_IRQHandler                         0x08006b31   Thumb Code    12  stm32h7xx_it.o(.text.UART5_IRQHandler)
    UART7_IRQHandler                         0x08006b41   Thumb Code    12  stm32h7xx_it.o(.text.UART7_IRQHandler)
    UART_AdvFeatureConfig                    0x08006b51   Thumb Code   224  stm32h7xx_hal_uart.o(.text.UART_AdvFeatureConfig)
    UART_CheckIdleState                      0x08006c31   Thumb Code   366  stm32h7xx_hal_uart.o(.text.UART_CheckIdleState)
    UART_SetConfig                           0x080077a9   Thumb Code  1152  stm32h7xx_hal_uart.o(.text.UART_SetConfig)
    UART_Start_Receive_IT                    0x08007c31   Thumb Code   628  stm32h7xx_hal_uart.o(.text.UART_Start_Receive_IT)
    UART_WaitOnFlagUntilTimeout              0x08008221   Thumb Code   856  stm32h7xx_hal_uart.o(.text.UART_WaitOnFlagUntilTimeout)
    USART1_IRQHandler                        0x08008579   Thumb Code    12  stm32h7xx_it.o(.text.USART1_IRQHandler)
    USART2_IRQHandler                        0x08008589   Thumb Code    12  stm32h7xx_it.o(.text.USART2_IRQHandler)
    USART6_IRQHandler                        0x08008599   Thumb Code    12  stm32h7xx_it.o(.text.USART6_IRQHandler)
    UsageFault_Handler                       0x080085a9   Thumb Code     2  stm32h7xx_it.o(.text.UsageFault_Handler)
    Yaw_function                             0x080085b1   Thumb Code    72  xsense.o(.text.Yaw_function)
    main                                     0x08008601   Thumb Code   932  main.o(.text.main)
    p_function                               0x080089b9   Thumb Code    68  xsense.o(.text.p_function)
    q_function                               0x08008a01   Thumb Code    68  xsense.o(.text.q_function)
    r_function                               0x08008a49   Thumb Code    68  xsense.o(.text.r_function)
    __ARM_fpclassifyf                        0x08008a91   Thumb Code    38  fpclassifyf.o(i.__ARM_fpclassifyf)
    __hardfp_atof                            0x08008ab9   Thumb Code    46  atof.o(i.__hardfp_atof)
    __hardfp_cosf                            0x08008af1   Thumb Code   280  cosf.o(i.__hardfp_cosf)
    __hardfp_sinf                            0x08008c41   Thumb Code   344  sinf.o(i.__hardfp_sinf)
    __mathlib_flt_infnan                     0x08008dd1   Thumb Code     6  funder.o(i.__mathlib_flt_infnan)
    __mathlib_flt_invalid                    0x08008dd9   Thumb Code    10  funder.o(i.__mathlib_flt_invalid)
    __mathlib_flt_underflow                  0x08008de9   Thumb Code    10  funder.o(i.__mathlib_flt_underflow)
    __mathlib_rredf2                         0x08008df9   Thumb Code   316  rredf.o(i.__mathlib_rredf2)
    __read_errno                             0x08008f4d   Thumb Code     6  errno.o(i.__read_errno)
    __scatterload_copy                       0x08008f59   Thumb Code    14  handlers.o(i.__scatterload_copy)
    __scatterload_null                       0x08008f67   Thumb Code     2  handlers.o(i.__scatterload_null)
    __scatterload_zeroinit                   0x08008f69   Thumb Code    14  handlers.o(i.__scatterload_zeroinit)
    __set_errno                              0x08008f79   Thumb Code     6  errno.o(i.__set_errno)
    _is_digit                                0x08008f85   Thumb Code    14  scanf_fp.o(i._is_digit)
    __ctype_categories                       0x08008fb4   Data          64  ctype_c.o(.constdata)
    D1CorePrescTable                         0x08009000   Data          16  system_stm32h7xx.o(.rodata.D1CorePrescTable)
    UARTPrescTable                           0x08009010   Data          24  stm32h7xx_hal_uart.o(.rodata.UARTPrescTable)
    Region$$Table$$Base                      0x0800903c   Number         0  anon$$obj.o(Region$$Table)
    Region$$Table$$Limit                     0x0800905c   Number         0  anon$$obj.o(Region$$Table)
    SystemCoreClock                          0x24000008   Data           4  system_stm32h7xx.o(.data..L_MergedGlobals)
    SystemD2Clock                            0x2400000c   Data           4  system_stm32h7xx.o(.data..L_MergedGlobals)
    uwTickFreq                               0x24000010   Data           1  stm32h7xx_hal.o(.data..L_MergedGlobals)
    uwTickPrio                               0x24000014   Data           4  stm32h7xx_hal.o(.data..L_MergedGlobals)
    Depth_rx_index                           0x24000018   Data           1  main.o(.bss..L_MergedGlobals)
    dvl_rx_byte                              0x2400001b   Data           1  main.o(.bss..L_MergedGlobals)
    Depth_rx_buffer                          0x2400001c   Data           1  main.o(.bss..L_MergedGlobals)
    b                                        0x24000020   Data           4  main.o(.bss..L_MergedGlobals)
    last_position_update                     0x24000024   Data           4  main.o(.bss..L_MergedGlobals)
    Angle                                    0x24000028   Data           4  main.o(.bss..L_MergedGlobals)
    roll                                     0x2400002c   Data           4  main.o(.bss..L_MergedGlobals)
    Xpos                                     0x24000030   Data           4  main.o(.bss..L_MergedGlobals)
    Ypos                                     0x24000034   Data           4  main.o(.bss..L_MergedGlobals)
    Depth                                    0x24000038   Data           4  main.o(.bss..L_MergedGlobals)
    Roll                                     0x2400003c   Data           4  main.o(.bss..L_MergedGlobals)
    pitch                                    0x24000040   Data           4  main.o(.bss..L_MergedGlobals)
    yaw                                      0x24000044   Data           4  main.o(.bss..L_MergedGlobals)
    u_vlocity                                0x24000048   Data           4  main.o(.bss..L_MergedGlobals)
    v_vlocity                                0x2400004c   Data           4  main.o(.bss..L_MergedGlobals)
    w_vlocity                                0x24000050   Data           4  main.o(.bss..L_MergedGlobals)
    p_vlocity                                0x24000054   Data           4  main.o(.bss..L_MergedGlobals)
    q_vlocity                                0x24000058   Data           4  main.o(.bss..L_MergedGlobals)
    r_vlocity                                0x2400005c   Data           4  main.o(.bss..L_MergedGlobals)
    D_value                                  0x24000060   Data           4  main.o(.bss..L_MergedGlobals)
    depth_num                                0x24000064   Data           4  main.o(.bss..L_MergedGlobals)
    current_time                             0x24000068   Data           4  main.o(.bss..L_MergedGlobals)
    speed_u                                  0x2400006c   Data           4  main.o(.bss..L_MergedGlobals)
    speed_v                                  0x24000070   Data           4  main.o(.bss..L_MergedGlobals)
    speed_w                                  0x24000074   Data           4  main.o(.bss..L_MergedGlobals)
    Pitch                                    0x24000078   Data           4  main.o(.bss..L_MergedGlobals)
    speed_p                                  0x2400007c   Data           4  main.o(.bss..L_MergedGlobals)
    speed_q                                  0x24000080   Data           4  main.o(.bss..L_MergedGlobals)
    speed_r                                  0x24000084   Data           4  main.o(.bss..L_MergedGlobals)
    attitude                                 0x24000088   Data          12  main.o(.bss..L_MergedGlobals)
    Yaw_last                                 0x24000094   Data           4  xsense.o(.bss..L_MergedGlobals)
    Pitch_last                               0x24000098   Data           4  xsense.o(.bss..L_MergedGlobals)
    p_last                                   0x2400009c   Data           4  xsense.o(.bss..L_MergedGlobals)
    q_last                                   0x240000a0   Data           4  xsense.o(.bss..L_MergedGlobals)
    r_last                                   0x240000a4   Data           4  xsense.o(.bss..L_MergedGlobals)
    PitchBuffer                              0x240000a8   Data           4  xsense.o(.bss..L_MergedGlobals)
    YawBuffer                                0x240000ac   Data           4  xsense.o(.bss..L_MergedGlobals)
    pBuffer                                  0x240000b0   Data           4  xsense.o(.bss..L_MergedGlobals)
    qBuffer                                  0x240000b4   Data           4  xsense.o(.bss..L_MergedGlobals)
    rBuffer                                  0x240000b8   Data           4  xsense.o(.bss..L_MergedGlobals)
    Angleadd                                 0x240000bc   Data           4  guangxian.o(.bss..L_MergedGlobals)
    Angleresult                              0x240000c0   Data           4  guangxian.o(.bss..L_MergedGlobals)
    AngleBuffer                              0x240000c4   Data           5  guangxian.o(.bss..L_MergedGlobals)
    body_velocity                            0x240000cc   Data          12  main.o(.bss..L_MergedGlobals.2)
    pos                                      0x240000d8   Data          12  main.o(.bss..L_MergedGlobals.2)
    Depth_rx_line                            0x240000e4   Data          50  main.o(.bss..L_MergedGlobals.2)
    Deta                                     0x24000116   Data          51  main.o(.bss..L_MergedGlobals.2)
    aRxBuffer2                               0x24000149   Data           1  guangxian.o(.bss.aRxBuffer2)
    aRxBuffer6                               0x2400014a   Data           1  xsense.o(.bss.aRxBuffer6)
    dr                                       0x2400014c   Data         200  main.o(.bss.dr)
    dvl_parser                               0x24000214   Data          84  main.o(.bss.dvl_parser)
    hdma_usart1_rx                           0x24000268   Data         120  usart.o(.bss.hdma_usart1_rx)
    hdma_usart1_tx                           0x240002e0   Data         120  usart.o(.bss.hdma_usart1_tx)
    htim2                                    0x24000358   Data          76  tim.o(.bss.htim2)
    htim3                                    0x240003a4   Data          76  tim.o(.bss.htim3)
    huart1                                   0x240003f0   Data         148  usart.o(.bss.huart1)
    huart2                                   0x24000484   Data         148  usart.o(.bss.huart2)
    huart5                                   0x24000518   Data         148  usart.o(.bss.huart5)
    huart6                                   0x240005ac   Data         148  usart.o(.bss.huart6)
    huart7                                   0x24000640   Data         148  usart.o(.bss.huart7)
    rxd2_buffer                              0x240006d4   Data          10  guangxian.o(.bss.rxd2_buffer)
    rxd2_flag                                0x240006de   Data           1  guangxian.o(.bss.rxd2_flag)
    rxd2_index                               0x240006df   Data           1  guangxian.o(.bss.rxd2_index)
    rxd6_buffer                              0x240006e0   Data          57  xsense.o(.bss.rxd6_buffer)
    rxd6_flag                                0x24000719   Data           1  xsense.o(.bss.rxd6_flag)
    rxd6_head                                0x2400071a   Data           1  xsense.o(.bss.rxd6_head)
    rxd6_index                               0x2400071b   Data           1  xsense.o(.bss.rxd6_index)
    uwTick                                   0x2400071c   Data           4  stm32h7xx_hal.o(.bss.uwTick)
    __initial_sp                             0x24000b20   Data           0  startup_stm32h753xx.o(STACK)



==============================================================================

Memory Map of the image

  Image Entry point : 0x08000299

  Load Region LR_IROM1 (Base: 0x08000000, Size: 0x00009078, Max: 0x00200000, ABSOLUTE)

    Execution Region ER_IROM1 (Exec base: 0x08000000, Load base: 0x08000000, Size: 0x0000905c, Max: 0x00200000, ABSOLUTE)

    Exec Addr    Load Addr    Size         Type   Attr      Idx    E Section Name        Object

    0x08000000   0x08000000   0x00000298   Data   RO            3    RESET               startup_stm32h753xx.o
    0x08000298   0x08000298   0x00000000   Code   RO         1692  * .ARM.Collect$$$$00000000  mc_w.l(entry.o)
    0x08000298   0x08000298   0x00000004   Code   RO         1728    .ARM.Collect$$$$00000001  mc_w.l(entry2.o)
    0x0800029c   0x0800029c   0x00000004   Code   RO         1731    .ARM.Collect$$$$00000004  mc_w.l(entry5.o)
    0x080002a0   0x080002a0   0x00000000   Code   RO         1733    .ARM.Collect$$$$00000008  mc_w.l(entry7b.o)
    0x080002a0   0x080002a0   0x00000000   Code   RO         1735    .ARM.Collect$$$$0000000A  mc_w.l(entry8b.o)
    0x080002a0   0x080002a0   0x00000008   Code   RO         1736    .ARM.Collect$$$$0000000B  mc_w.l(entry9a.o)
    0x080002a8   0x080002a8   0x00000000   Code   RO         1738    .ARM.Collect$$$$0000000D  mc_w.l(entry10a.o)
    0x080002a8   0x080002a8   0x00000000   Code   RO         1740    .ARM.Collect$$$$0000000F  mc_w.l(entry11a.o)
    0x080002a8   0x080002a8   0x00000004   Code   RO         1729    .ARM.Collect$$$$00002712  mc_w.l(entry2.o)
    0x080002ac   0x080002ac   0x00000024   Code   RO            4    .text               startup_stm32h753xx.o
    0x080002d0   0x080002d0   0x00000062   Code   RO         1695    .text               mc_w.l(uldiv.o)
    0x08000332   0x08000332   0x00000024   Code   RO         1697    .text               mc_w.l(memseta.o)
    0x08000356   0x08000356   0x00000024   Code   RO         1699    .text               mc_w.l(strstr.o)
    0x0800037a   0x0800037a   0x0000001e   Code   RO         1701    .text               mc_w.l(strncmp.o)
    0x08000398   0x08000398   0x00000044   Code   RO         1703    .text               mc_w.l(strtok.o)
    0x080003dc   0x080003dc   0x0000001e   Code   RO         1742    .text               mc_w.l(llshl.o)
    0x080003fa   0x080003fa   0x00000020   Code   RO         1744    .text               mc_w.l(llushr.o)
    0x0800041a   0x0800041a   0x00000002   PAD
    0x0800041c   0x0800041c   0x000000a8   Code   RO         1753    .text               mc_w.l(strtod.o)
    0x080004c4   0x080004c4   0x00000000   Code   RO         1755    .text               mc_w.l(iusefp.o)
    0x080004c4   0x080004c4   0x00000030   Code   RO         1756    .text               mc_w.l(init.o)
    0x080004f4   0x080004f4   0x0000000a   Code   RO         1758    .text               mc_w.l(isspace_c.o)
    0x080004fe   0x080004fe   0x00000002   PAD
    0x08000500   0x08000500   0x00000360   Code   RO         1760    .text               mc_w.l(scanf_fp.o)
    0x08000860   0x08000860   0x00000040   Code   RO         1764    .text               mc_w.l(_sgetc.o)
    0x080008a0   0x080008a0   0x00000028   Code   RO         1766    .text               mc_w.l(ctype_c.o)
    0x080008c8   0x080008c8   0x000000e4   Code   RO         1769    .text               mf_w.l(dmul.o)
    0x080009ac   0x080009ac   0x000000de   Code   RO         1771    .text               mf_w.l(ddiv.o)
    0x08000a8a   0x08000a8a   0x00000018   Code   RO         1773    .text               mf_w.l(dfltul.o)
    0x08000aa2   0x08000aa2   0x00000038   Code   RO         1775    .text               mf_w.l(d2f.o)
    0x08000ada   0x08000ada   0x0000006e   Code   RO         1777    .text               mf_w.l(fepilogue.o)
    0x08000b48   0x08000b48   0x000000ba   Code   RO         1779    .text               mf_w.l(depilogue.o)
    0x08000c02   0x08000c02   0x00000006   PAD
    0x08000c08   0x08000c08   0x00000078   Code   RO          256    .text.Angle_function  guangxian.o
    0x08000c80   0x08000c80   0x00000002   Code   RO          139    .text.BusFault_Handler  stm32h7xx_it.o
    0x08000c82   0x08000c82   0x00000006   PAD
    0x08000c88   0x08000c88   0x0000000c   Code   RO          151    .text.DMA1_Stream0_IRQHandler  stm32h7xx_it.o
    0x08000c94   0x08000c94   0x00000004   PAD
    0x08000c98   0x08000c98   0x0000000c   Code   RO          153    .text.DMA1_Stream1_IRQHandler  stm32h7xx_it.o
    0x08000ca4   0x08000ca4   0x00000004   PAD
    0x08000ca8   0x08000ca8   0x00000128   Code   RO          947    .text.DMA_CalcBaseAndBitshift  stm32h7xx_hal_dma.o
    0x08000dd0   0x08000dd0   0x0000001a   Code   RO          335    .text.DR_GetPosition  navigation.o
    0x08000dea   0x08000dea   0x00000006   PAD
    0x08000df0   0x08000df0   0x00000038   Code   RO          313    .text.DR_Init       navigation.o
    0x08000e28   0x08000e28   0x00000254   Code   RO          323    .text.DR_InterpolateAttitude  navigation.o
    0x0800107c   0x0800107c   0x00000004   PAD
    0x08001080   0x08001080   0x0000001c   Code   RO          315    .text.DR_SetConfig  navigation.o
    0x0800109c   0x0800109c   0x00000004   PAD
    0x080010a0   0x080010a0   0x0000006c   Code   RO          329    .text.DR_UpdateAttitude  navigation.o
    0x0800110c   0x0800110c   0x00000004   PAD
    0x08001110   0x08001110   0x0000000a   Code   RO          331    .text.DR_UpdateDepth  navigation.o
    0x0800111a   0x0800111a   0x00000006   PAD
    0x08001120   0x08001120   0x0000055c   Code   RO          333    .text.DR_UpdatePosition  navigation.o
    0x0800167c   0x0800167c   0x00000004   PAD
    0x08001680   0x08001680   0x0000006a   Code   RO          327    .text.DR_UpdateVelocity  navigation.o
    0x080016ea   0x080016ea   0x00000006   PAD
    0x080016f0   0x080016f0   0x0000002e   Code   RO          274    .text.DVL_GetData   dvl.o
    0x0800171e   0x0800171e   0x00000002   PAD
    0x08001720   0x08001720   0x0000000a   Code   RO          270    .text.DVL_Init      dvl.o
    0x0800172a   0x0800172a   0x00000006   PAD
    0x08001730   0x08001730   0x000000b4   Code   RO          272    .text.DVL_RxCallback  dvl.o
    0x080017e4   0x080017e4   0x00000004   PAD
    0x080017e8   0x080017e8   0x00000002   Code   RO          145    .text.DebugMon_Handler  stm32h7xx_it.o
    0x080017ea   0x080017ea   0x00000006   PAD
    0x080017f0   0x080017f0   0x00000002   Code   RO           38    .text.Error_Handler  main.o
    0x080017f2   0x080017f2   0x00000006   PAD
    0x080017f8   0x080017f8   0x0000000a   Code   RO           13    .text.FloatToU8     u8_float.o
    0x08001802   0x08001802   0x00000006   PAD
    0x08001808   0x08001808   0x00000062   Code   RO           28    .text.Fuzhi         main.o
    0x0800186a   0x0800186a   0x00000006   PAD
    0x08001870   0x08001870   0x00000526   Code   RO          957    .text.HAL_DMA_Abort  stm32h7xx_hal_dma.o
    0x08001d96   0x08001d96   0x00000002   PAD
    0x08001d98   0x08001d98   0x000002b6   Code   RO          959    .text.HAL_DMA_Abort_IT  stm32h7xx_hal_dma.o
    0x0800204e   0x0800204e   0x00000002   PAD
    0x08002050   0x08002050   0x00000818   Code   RO          963    .text.HAL_DMA_IRQHandler  stm32h7xx_hal_dma.o
    0x08002868   0x08002868   0x0000065e   Code   RO          945    .text.HAL_DMA_Init  stm32h7xx_hal_dma.o
    0x08002ec6   0x08002ec6   0x00000002   PAD
    0x08002ec8   0x08002ec8   0x00000028   Code   RO         1203    .text.HAL_Delay     stm32h7xx_hal.o
    0x08002ef0   0x08002ef0   0x000001a6   Code   RO          891    .text.HAL_GPIO_Init  stm32h7xx_hal_gpio.o
    0x08003096   0x08003096   0x00000002   PAD
    0x08003098   0x08003098   0x0000000a   Code   RO          897    .text.HAL_GPIO_WritePin  stm32h7xx_hal_gpio.o
    0x080030a2   0x080030a2   0x00000006   PAD
    0x080030a8   0x080030a8   0x0000000e   Code   RO         1211    .text.HAL_GetREVID  stm32h7xx_hal.o
    0x080030b6   0x080030b6   0x00000002   PAD
    0x080030b8   0x080030b8   0x0000000c   Code   RO         1195    .text.HAL_GetTick   stm32h7xx_hal.o
    0x080030c4   0x080030c4   0x00000004   PAD
    0x080030c8   0x080030c8   0x0000001a   Code   RO         1193    .text.HAL_IncTick   stm32h7xx_hal.o
    0x080030e2   0x080030e2   0x00000006   PAD
    0x080030e8   0x080030e8   0x00000064   Code   RO         1183    .text.HAL_Init      stm32h7xx_hal.o
    0x0800314c   0x0800314c   0x00000004   PAD
    0x08003150   0x08003150   0x00000050   Code   RO         1185    .text.HAL_InitTick  stm32h7xx_hal.o
    0x080031a0   0x080031a0   0x00000024   Code   RO          176    .text.HAL_MspInit   stm32h7xx_hal_msp.o
    0x080031c4   0x080031c4   0x00000004   PAD
    0x080031c8   0x080031c8   0x00000022   Code   RO          351    .text.HAL_NVIC_EnableIRQ  stm32h7xx_hal_cortex.o
    0x080031ea   0x080031ea   0x00000006   PAD
    0x080031f0   0x080031f0   0x0000005a   Code   RO          349    .text.HAL_NVIC_SetPriority  stm32h7xx_hal_cortex.o
    0x0800324a   0x0800324a   0x00000006   PAD
    0x08003250   0x08003250   0x00000020   Code   RO          347    .text.HAL_NVIC_SetPriorityGrouping  stm32h7xx_hal_cortex.o
    0x08003270   0x08003270   0x0000004c   Code   RO         1095    .text.HAL_PWREx_ConfigSupply  stm32h7xx_hal_pwr_ex.o
    0x080032bc   0x080032bc   0x00000004   PAD
    0x080032c0   0x080032c0   0x00000026   Code   RO          778    .text.HAL_RCCEx_GetD3PCLK1Freq  stm32h7xx_hal_rcc_ex.o
    0x080032e6   0x080032e6   0x00000002   PAD
    0x080032e8   0x080032e8   0x00000128   Code   RO          774    .text.HAL_RCCEx_GetPLL2ClockFreq  stm32h7xx_hal_rcc_ex.o
    0x08003410   0x08003410   0x00000128   Code   RO          776    .text.HAL_RCCEx_GetPLL3ClockFreq  stm32h7xx_hal_rcc_ex.o
    0x08003538   0x08003538   0x00000b0c   Code   RO          762    .text.HAL_RCCEx_PeriphCLKConfig  stm32h7xx_hal_rcc_ex.o
    0x08004044   0x08004044   0x00000004   PAD
    0x08004048   0x08004048   0x00000254   Code   RO          730    .text.HAL_RCC_ClockConfig  stm32h7xx_hal_rcc.o
    0x0800429c   0x0800429c   0x00000004   PAD
    0x080042a0   0x080042a0   0x0000004c   Code   RO          740    .text.HAL_RCC_GetHCLKFreq  stm32h7xx_hal_rcc.o
    0x080042ec   0x080042ec   0x00000004   PAD
    0x080042f0   0x080042f0   0x00000060   Code   RO          742    .text.HAL_RCC_GetPCLK1Freq  stm32h7xx_hal_rcc.o
    0x08004350   0x08004350   0x00000060   Code   RO          744    .text.HAL_RCC_GetPCLK2Freq  stm32h7xx_hal_rcc.o
    0x080043b0   0x080043b0   0x0000011c   Code   RO          732    .text.HAL_RCC_GetSysClockFreq  stm32h7xx_hal_rcc.o
    0x080044cc   0x080044cc   0x00000004   PAD
    0x080044d0   0x080044d0   0x0000056c   Code   RO          728    .text.HAL_RCC_OscConfig  stm32h7xx_hal_rcc.o
    0x08004a3c   0x08004a3c   0x00000004   PAD
    0x08004a40   0x08004a40   0x0000002e   Code   RO          359    .text.HAL_SYSTICK_Config  stm32h7xx_hal_cortex.o
    0x08004a6e   0x08004a6e   0x00000002   PAD
    0x08004a70   0x08004a70   0x00000002   Code   RO          712    .text.HAL_TIMEx_Break2Callback  stm32h7xx_hal_tim_ex.o
    0x08004a72   0x08004a72   0x00000006   PAD
    0x08004a78   0x08004a78   0x00000002   Code   RO          710    .text.HAL_TIMEx_BreakCallback  stm32h7xx_hal_tim_ex.o
    0x08004a7a   0x08004a7a   0x00000006   PAD
    0x08004a80   0x08004a80   0x00000002   Code   RO          706    .text.HAL_TIMEx_CommutCallback  stm32h7xx_hal_tim_ex.o
    0x08004a82   0x08004a82   0x00000006   PAD
    0x08004a88   0x08004a88   0x000000ce   Code   RO          694    .text.HAL_TIMEx_MasterConfigSynchronization  stm32h7xx_hal_tim_ex.o
    0x08004b56   0x08004b56   0x00000002   PAD
    0x08004b58   0x08004b58   0x00000060   Code   RO          399    .text.HAL_TIM_Base_Init  stm32h7xx_hal_tim.o
    0x08004bb8   0x08004bb8   0x00000074   Code   RO           90    .text.HAL_TIM_Base_MspInit  tim.o
    0x08004c2c   0x08004c2c   0x00000004   PAD
    0x08004c30   0x08004c30   0x000000b4   Code   RO          413    .text.HAL_TIM_Base_Start_IT  stm32h7xx_hal_tim.o
    0x08004ce4   0x08004ce4   0x00000004   PAD
    0x08004ce8   0x08004ce8   0x00000200   Code   RO          579    .text.HAL_TIM_ConfigClockSource  stm32h7xx_hal_tim.o
    0x08004ee8   0x08004ee8   0x00000002   Code   RO          535    .text.HAL_TIM_IC_CaptureCallback  stm32h7xx_hal_tim.o
    0x08004eea   0x08004eea   0x00000006   PAD
    0x08004ef0   0x08004ef0   0x0000016c   Code   RO          533    .text.HAL_TIM_IRQHandler  stm32h7xx_hal_tim.o
    0x0800505c   0x0800505c   0x00000004   PAD
    0x08005060   0x08005060   0x00000002   Code   RO          537    .text.HAL_TIM_OC_DelayElapsedCallback  stm32h7xx_hal_tim.o
    0x08005062   0x08005062   0x00000006   PAD
    0x08005068   0x08005068   0x00000002   Code   RO          539    .text.HAL_TIM_PWM_PulseFinishedCallback  stm32h7xx_hal_tim.o
    0x0800506a   0x0800506a   0x00000006   PAD
    0x08005070   0x08005070   0x00000084   Code   RO           32    .text.HAL_TIM_PeriodElapsedCallback  main.o
    0x080050f4   0x080050f4   0x00000004   PAD
    0x080050f8   0x080050f8   0x00000002   Code   RO          543    .text.HAL_TIM_TriggerCallback  stm32h7xx_hal_tim.o
    0x080050fa   0x080050fa   0x00000006   PAD
    0x08005100   0x08005100   0x00000036   Code   RO         1652    .text.HAL_UARTEx_DisableFifoMode  stm32h7xx_hal_uart_ex.o
    0x08005136   0x08005136   0x00000002   PAD
    0x08005138   0x08005138   0x00000002   Code   RO         1579    .text.HAL_UARTEx_RxEventCallback  stm32h7xx_hal_uart.o
    0x0800513a   0x0800513a   0x00000006   PAD
    0x08005140   0x08005140   0x00000002   Code   RO         1638    .text.HAL_UARTEx_RxFifoFullCallback  stm32h7xx_hal_uart_ex.o
    0x08005142   0x08005142   0x00000006   PAD
    0x08005148   0x08005148   0x0000008c   Code   RO         1656    .text.HAL_UARTEx_SetRxFifoThreshold  stm32h7xx_hal_uart_ex.o
    0x080051d4   0x080051d4   0x00000004   PAD
    0x080051d8   0x080051d8   0x0000008c   Code   RO         1654    .text.HAL_UARTEx_SetTxFifoThreshold  stm32h7xx_hal_uart_ex.o
    0x08005264   0x08005264   0x00000004   PAD
    0x08005268   0x08005268   0x00000002   Code   RO         1640    .text.HAL_UARTEx_TxFifoEmptyCallback  stm32h7xx_hal_uart_ex.o
    0x0800526a   0x0800526a   0x00000006   PAD
    0x08005270   0x08005270   0x00000002   Code   RO         1636    .text.HAL_UARTEx_WakeupCallback  stm32h7xx_hal_uart_ex.o
    0x08005272   0x08005272   0x00000006   PAD
    0x08005278   0x08005278   0x00000002   Code   RO         1577    .text.HAL_UART_ErrorCallback  stm32h7xx_hal_uart.o
    0x0800527a   0x0800527a   0x00000006   PAD
    0x08005280   0x08005280   0x00000672   Code   RO         1573    .text.HAL_UART_IRQHandler  stm32h7xx_hal_uart.o
    0x080058f2   0x080058f2   0x00000006   PAD
    0x080058f8   0x080058f8   0x00000064   Code   RO         1489    .text.HAL_UART_Init  stm32h7xx_hal_uart.o
    0x0800595c   0x0800595c   0x00000004   PAD
    0x08005960   0x08005960   0x0000030c   Code   RO          114    .text.HAL_UART_MspInit  usart.o
    0x08005c6c   0x08005c6c   0x00000004   PAD
    0x08005c70   0x08005c70   0x000000ac   Code   RO         1525    .text.HAL_UART_Receive_IT  stm32h7xx_hal_uart.o
    0x08005d1c   0x08005d1c   0x00000004   PAD
    0x08005d20   0x08005d20   0x00000244   Code   RO           30    .text.HAL_UART_RxCpltCallback  main.o
    0x08005f64   0x08005f64   0x00000004   PAD
    0x08005f68   0x08005f68   0x0000012a   Code   RO         1515    .text.HAL_UART_Transmit_IT  stm32h7xx_hal_uart.o
    0x08006092   0x08006092   0x00000006   PAD
    0x08006098   0x08006098   0x00000002   Code   RO         1581    .text.HAL_UART_TxCpltCallback  stm32h7xx_hal_uart.o
    0x0800609a   0x0800609a   0x00000006   PAD
    0x080060a0   0x080060a0   0x00000002   Code   RO          135    .text.HardFault_Handler  stm32h7xx_it.o
    0x080060a2   0x080060a2   0x00000006   PAD
    0x080060a8   0x080060a8   0x00000044   Code   RO           77    .text.MX_DMA_Init   dma.o
    0x080060ec   0x080060ec   0x00000004   PAD
    0x080060f0   0x080060f0   0x000000f0   Code   RO           68    .text.MX_GPIO_Init  gpio.o
    0x080061e0   0x080061e0   0x00000070   Code   RO           86    .text.MX_TIM2_Init  tim.o
    0x08006250   0x08006250   0x00000074   Code   RO           88    .text.MX_TIM3_Init  tim.o
    0x080062c4   0x080062c4   0x00000004   PAD
    0x080062c8   0x080062c8   0x00000080   Code   RO          104    .text.MX_UART5_Init  usart.o
    0x08006348   0x08006348   0x0000007c   Code   RO          106    .text.MX_UART7_Init  usart.o
    0x080063c4   0x080063c4   0x00000004   PAD
    0x080063c8   0x080063c8   0x0000007c   Code   RO          108    .text.MX_USART1_UART_Init  usart.o
    0x08006444   0x08006444   0x00000004   PAD
    0x08006448   0x08006448   0x0000007c   Code   RO          110    .text.MX_USART2_UART_Init  usart.o
    0x080064c4   0x080064c4   0x00000004   PAD
    0x080064c8   0x080064c8   0x0000007c   Code   RO          112    .text.MX_USART6_UART_Init  usart.o
    0x08006544   0x08006544   0x00000004   PAD
    0x08006548   0x08006548   0x00000002   Code   RO          137    .text.MemManage_Handler  stm32h7xx_it.o
    0x0800654a   0x0800654a   0x00000006   PAD
    0x08006550   0x08006550   0x00000002   Code   RO          133    .text.NMI_Handler   stm32h7xx_it.o
    0x08006552   0x08006552   0x00000006   PAD
    0x08006558   0x08006558   0x00000002   Code   RO          147    .text.PendSV_Handler  stm32h7xx_it.o
    0x0800655a   0x0800655a   0x00000006   PAD
    0x08006560   0x08006560   0x00000048   Code   RO          218    .text.Pitch_function  xsense.o
    0x080065a8   0x080065a8   0x00000122   Code   RO          764    .text.RCCEx_PLL2_Config  stm32h7xx_hal_rcc_ex.o
    0x080066ca   0x080066ca   0x00000006   PAD
    0x080066d0   0x080066d0   0x00000122   Code   RO          766    .text.RCCEx_PLL3_Config  stm32h7xx_hal_rcc_ex.o
    0x080067f2   0x080067f2   0x00000006   PAD
    0x080067f8   0x080067f8   0x00000002   Code   RO          143    .text.SVC_Handler   stm32h7xx_it.o
    0x080067fa   0x080067fa   0x00000006   PAD
    0x08006800   0x08006800   0x00000004   Code   RO          149    .text.SysTick_Handler  stm32h7xx_it.o
    0x08006804   0x08006804   0x00000004   PAD
    0x08006808   0x08006808   0x00000120   Code   RO           36    .text.SystemClock_Config  main.o
    0x08006928   0x08006928   0x0000007c   Code   RO          185    .text.SystemInit    system_stm32h7xx.o
    0x080069a4   0x080069a4   0x00000004   PAD
    0x080069a8   0x080069a8   0x0000000c   Code   RO          155    .text.TIM2_IRQHandler  stm32h7xx_it.o
    0x080069b4   0x080069b4   0x00000004   PAD
    0x080069b8   0x080069b8   0x0000000c   Code   RO          157    .text.TIM3_IRQHandler  stm32h7xx_it.o
    0x080069c4   0x080069c4   0x00000004   PAD
    0x080069c8   0x080069c8   0x00000158   Code   RO          403    .text.TIM_Base_SetConfig  stm32h7xx_hal_tim.o
    0x08006b20   0x08006b20   0x0000000a   Code   RO           11    .text.U8ToFloat     u8_float.o
    0x08006b2a   0x08006b2a   0x00000006   PAD
    0x08006b30   0x08006b30   0x0000000c   Code   RO          163    .text.UART5_IRQHandler  stm32h7xx_it.o
    0x08006b3c   0x08006b3c   0x00000004   PAD
    0x08006b40   0x08006b40   0x0000000c   Code   RO          167    .text.UART7_IRQHandler  stm32h7xx_it.o
    0x08006b4c   0x08006b4c   0x00000004   PAD
    0x08006b50   0x08006b50   0x000000e0   Code   RO         1493    .text.UART_AdvFeatureConfig  stm32h7xx_hal_uart.o
    0x08006c30   0x08006c30   0x0000016e   Code   RO         1497    .text.UART_CheckIdleState  stm32h7xx_hal_uart.o
    0x08006d9e   0x08006d9e   0x00000002   PAD
    0x08006da0   0x08006da0   0x00000010   Code   RO         1575    .text.UART_DMAAbortOnError  stm32h7xx_hal_uart.o
    0x08006db0   0x08006db0   0x000001c4   Code   RO         1615    .text.UART_RxISR_16BIT  stm32h7xx_hal_uart.o
    0x08006f74   0x08006f74   0x00000004   PAD
    0x08006f78   0x08006f78   0x00000330   Code   RO         1611    .text.UART_RxISR_16BIT_FIFOEN  stm32h7xx_hal_uart.o
    0x080072a8   0x080072a8   0x000001c8   Code   RO         1617    .text.UART_RxISR_8BIT  stm32h7xx_hal_uart.o
    0x08007470   0x08007470   0x00000334   Code   RO         1613    .text.UART_RxISR_8BIT_FIFOEN  stm32h7xx_hal_uart.o
    0x080077a4   0x080077a4   0x00000004   PAD
    0x080077a8   0x080077a8   0x00000488   Code   RO         1495    .text.UART_SetConfig  stm32h7xx_hal_uart.o
    0x08007c30   0x08007c30   0x00000274   Code   RO         1527    .text.UART_Start_Receive_IT  stm32h7xx_hal_uart.o
    0x08007ea4   0x08007ea4   0x00000004   PAD
    0x08007ea8   0x08007ea8   0x000000d0   Code   RO         1521    .text.UART_TxISR_16BIT  stm32h7xx_hal_uart.o
    0x08007f78   0x08007f78   0x000000ec   Code   RO         1517    .text.UART_TxISR_16BIT_FIFOEN  stm32h7xx_hal_uart.o
    0x08008064   0x08008064   0x00000004   PAD
    0x08008068   0x08008068   0x000000cc   Code   RO         1523    .text.UART_TxISR_8BIT  stm32h7xx_hal_uart.o
    0x08008134   0x08008134   0x00000004   PAD
    0x08008138   0x08008138   0x000000e8   Code   RO         1519    .text.UART_TxISR_8BIT_FIFOEN  stm32h7xx_hal_uart.o
    0x08008220   0x08008220   0x00000358   Code   RO         1511    .text.UART_WaitOnFlagUntilTimeout  stm32h7xx_hal_uart.o
    0x08008578   0x08008578   0x0000000c   Code   RO          159    .text.USART1_IRQHandler  stm32h7xx_it.o
    0x08008584   0x08008584   0x00000004   PAD
    0x08008588   0x08008588   0x0000000c   Code   RO          161    .text.USART2_IRQHandler  stm32h7xx_it.o
    0x08008594   0x08008594   0x00000004   PAD
    0x08008598   0x08008598   0x0000000c   Code   RO          165    .text.USART6_IRQHandler  stm32h7xx_it.o
    0x080085a4   0x080085a4   0x00000004   PAD
    0x080085a8   0x080085a8   0x00000002   Code   RO          141    .text.UsageFault_Handler  stm32h7xx_it.o
    0x080085aa   0x080085aa   0x00000006   PAD
    0x080085b0   0x080085b0   0x0000004c   Code   RO          220    .text.Yaw_function  xsense.o
    0x080085fc   0x080085fc   0x00000004   PAD
    0x08008600   0x08008600   0x000003b8   Code   RO           34    .text.main          main.o
    0x080089b8   0x080089b8   0x00000048   Code   RO          222    .text.p_function    xsense.o
    0x08008a00   0x08008a00   0x00000048   Code   RO          224    .text.q_function    xsense.o
    0x08008a48   0x08008a48   0x00000048   Code   RO          226    .text.r_function    xsense.o
    0x08008a90   0x08008a90   0x00000026   Code   RO         1709    i.__ARM_fpclassifyf  m_wv.l(fpclassifyf.o)
    0x08008ab6   0x08008ab6   0x00000002   PAD
    0x08008ab8   0x08008ab8   0x00000038   Code   RO         1674    i.__hardfp_atof     m_wv.l(atof.o)
    0x08008af0   0x08008af0   0x00000150   Code   RO         1680    i.__hardfp_cosf     m_wv.l(cosf.o)
    0x08008c40   0x08008c40   0x00000190   Code   RO         1686    i.__hardfp_sinf     m_wv.l(sinf.o)
    0x08008dd0   0x08008dd0   0x00000006   Code   RO         1712    i.__mathlib_flt_infnan  m_wv.l(funder.o)
    0x08008dd6   0x08008dd6   0x00000002   PAD
    0x08008dd8   0x08008dd8   0x00000010   Code   RO         1714    i.__mathlib_flt_invalid  m_wv.l(funder.o)
    0x08008de8   0x08008de8   0x00000010   Code   RO         1717    i.__mathlib_flt_underflow  m_wv.l(funder.o)
    0x08008df8   0x08008df8   0x00000154   Code   RO         1725    i.__mathlib_rredf2  m_wv.l(rredf.o)
    0x08008f4c   0x08008f4c   0x0000000c   Code   RO         1747    i.__read_errno      mc_w.l(errno.o)
    0x08008f58   0x08008f58   0x0000000e   Code   RO         1783    i.__scatterload_copy  mc_w.l(handlers.o)
    0x08008f66   0x08008f66   0x00000002   Code   RO         1784    i.__scatterload_null  mc_w.l(handlers.o)
    0x08008f68   0x08008f68   0x0000000e   Code   RO         1785    i.__scatterload_zeroinit  mc_w.l(handlers.o)
    0x08008f76   0x08008f76   0x00000002   PAD
    0x08008f78   0x08008f78   0x0000000c   Code   RO         1748    i.__set_errno       mc_w.l(errno.o)
    0x08008f84   0x08008f84   0x0000000e   Code   RO         1762    i._is_digit         mc_w.l(scanf_fp.o)
    0x08008f92   0x08008f92   0x00000002   PAD
    0x08008f94   0x08008f94   0x00000020   Data   RO         1726    .constdata          m_wv.l(rredf.o)
    0x08008fb4   0x08008fb4   0x00000040   Data   RO         1767    .constdata          mc_w.l(ctype_c.o)
    0x08008ff4   0x08008ff4   0x00000006   Data   RO         1624    .rodata..Lswitch.table.UART_SetConfig.5  stm32h7xx_hal_uart.o
    0x08008ffa   0x08008ffa   0x00000006   Data   RO         1625    .rodata..Lswitch.table.UART_SetConfig.7  stm32h7xx_hal_uart.o
    0x08009000   0x08009000   0x00000010   Data   RO          189    .rodata.D1CorePrescTable  system_stm32h7xx.o
    0x08009010   0x08009010   0x00000018   Data   RO         1623    .rodata.UARTPrescTable  stm32h7xx_hal_uart.o
    0x08009028   0x08009028   0x00000010   Data   RO         1666    .rodata.cst8        stm32h7xx_hal_uart_ex.o
    0x08009038   0x08009038   0x00000002   Data   RO          276    .rodata.str1.1      dvl.o
    0x0800903a   0x0800903a   0x00000002   PAD
    0x0800903c   0x0800903c   0x00000020   Data   RO         1782    Region$$Table       anon$$obj.o


    Execution Region RW_IRAM1 (Exec base: 0x20000000, Load base: 0x0800905c, Size: 0x00000000, Max: 0x00020000, ABSOLUTE)

    **** No section assigned to this execution region ****


    Execution Region RW_IRAM2 (Exec base: 0x24000000, Load base: 0x08009060, Size: 0x00000b20, Max: 0x00080000, ABSOLUTE)

    Exec Addr    Load Addr    Size         Type   Attr      Idx    E Section Name        Object

    0x24000000   0x08009060   0x00000004   Data   RW         1704    .data               mc_w.l(strtok.o)
    0x24000004   0x08009064   0x00000004   Data   RW         1749    .data               mc_w.l(errno.o)
    0x24000008   0x08009068   0x00000008   Data   RW          190    .data..L_MergedGlobals  system_stm32h7xx.o
    0x24000010   0x08009070   0x00000008   Data   RW         1280    .data..L_MergedGlobals  stm32h7xx_hal.o
    0x24000018        -       0x0000007c   Zero   RW           58    .bss..L_MergedGlobals  main.o
    0x24000094        -       0x00000028   Zero   RW          233    .bss..L_MergedGlobals  xsense.o
    0x240000bc        -       0x0000000d   Zero   RW          262    .bss..L_MergedGlobals  guangxian.o
    0x240000c9   0x08009078   0x00000003   PAD
    0x240000cc        -       0x0000007d   Zero   RW           59    .bss..L_MergedGlobals.2  main.o
    0x24000149        -       0x00000001   Zero   RW          258    .bss.aRxBuffer2     guangxian.o
    0x2400014a        -       0x00000001   Zero   RW          231    .bss.aRxBuffer6     xsense.o
    0x2400014b   0x08009078   0x00000001   PAD
    0x2400014c        -       0x000000c8   Zero   RW           45    .bss.dr             main.o
    0x24000214        -       0x00000054   Zero   RW           44    .bss.dvl_parser     main.o
    0x24000268        -       0x00000078   Zero   RW          123    .bss.hdma_usart1_rx  usart.o
    0x240002e0        -       0x00000078   Zero   RW          124    .bss.hdma_usart1_tx  usart.o
    0x24000358        -       0x0000004c   Zero   RW           94    .bss.htim2          tim.o
    0x240003a4        -       0x0000004c   Zero   RW           95    .bss.htim3          tim.o
    0x240003f0        -       0x00000094   Zero   RW          120    .bss.huart1         usart.o
    0x24000484        -       0x00000094   Zero   RW          121    .bss.huart2         usart.o
    0x24000518        -       0x00000094   Zero   RW          118    .bss.huart5         usart.o
    0x240005ac        -       0x00000094   Zero   RW          122    .bss.huart6         usart.o
    0x24000640        -       0x00000094   Zero   RW          119    .bss.huart7         usart.o
    0x240006d4        -       0x0000000a   Zero   RW          259    .bss.rxd2_buffer    guangxian.o
    0x240006de        -       0x00000001   Zero   RW          260    .bss.rxd2_flag      guangxian.o
    0x240006df        -       0x00000001   Zero   RW          261    .bss.rxd2_index     guangxian.o
    0x240006e0        -       0x00000039   Zero   RW          232    .bss.rxd6_buffer    xsense.o
    0x24000719        -       0x00000001   Zero   RW          228    .bss.rxd6_flag      xsense.o
    0x2400071a        -       0x00000001   Zero   RW          230    .bss.rxd6_head      xsense.o
    0x2400071b        -       0x00000001   Zero   RW          229    .bss.rxd6_index     xsense.o
    0x2400071c        -       0x00000004   Zero   RW         1279    .bss.uwTick         stm32h7xx_hal.o
    0x24000720        -       0x00000400   Zero   RW            1    STACK               startup_stm32h753xx.o


==============================================================================

Image component sizes


      Code (inc. data)   RO Data    RW Data    ZI Data      Debug   Object Name

        68          0          0          0          0       5510   dma.o
       236          8          2          0          0       5379   dvl.o
       240          0          0          0          0       3047   gpio.o
       120          8          0          0         26       1027   guangxian.o
      2052         28          0          0        533      14921   main.o
      2302         28          0          0          0      14272   navigation.o
        36          8        664          0       1024        852   startup_stm32h753xx.o
       272          0          0          8          4      15125   stm32h7xx_hal.o
       202          0          0          0          0      12536   stm32h7xx_hal_cortex.o
      6010         12          0          0          0      18494   stm32h7xx_hal_dma.o
       432          0          0          0          0       7012   stm32h7xx_hal_gpio.o
        36          0          0          0          0       2407   stm32h7xx_hal_msp.o
        76          0          0          0          0      10816   stm32h7xx_hal_pwr_ex.o
      2536         24          0          0          0      12048   stm32h7xx_hal_rcc.o
      4038        150          0          0          0      20375   stm32h7xx_hal_rcc_ex.o
      1504          0          0          0          0      67207   stm32h7xx_hal_tim.o
       212          0          0          0          0      26031   stm32h7xx_hal_tim_ex.o
      8900        332         36          0          0      43812   stm32h7xx_hal_uart.o
       340          0         16          0          0      11595   stm32h7xx_hal_uart_ex.o
       128          0          0          0          0       7400   stm32h7xx_it.o
       124          0         16          8          0       4902   system_stm32h7xx.o
       344          0          0          0        152      10477   tim.o
        20          0          0          0          0        999   u8_float.o
      1404          0          0          0        980      13491   usart.o
       364         20          0          0        101       2351   xsense.o

    ----------------------------------------------------------------------
     32428        646        768         16       2824     332086   Object Totals
         0          0         32          0          0          0   (incl. Generated)
       432         28          2          0          4          0   (incl. Padding)

    ----------------------------------------------------------------------

      Code (inc. data)   RO Data    RW Data    ZI Data      Debug   Library Member Name

        56         10          0          0          0        132   atof.o
       336         56          0          0          0        136   cosf.o
        38          0          0          0          0        116   fpclassifyf.o
        38         12          0          0          0        348   funder.o
       340         24         32          0          0        160   rredf.o
       400         56          0          0          0        212   sinf.o
        64          0          0          0          0         84   _sgetc.o
        40          6         64          0          0         68   ctype_c.o
         0          0          0          0          0          0   entry.o
         0          0          0          0          0          0   entry10a.o
         0          0          0          0          0          0   entry11a.o
         8          4          0          0          0          0   entry2.o
         4          0          0          0          0          0   entry5.o
         0          0          0          0          0          0   entry7b.o
         0          0          0          0          0          0   entry8b.o
         8          4          0          0          0          0   entry9a.o
        24         12          0          4          0        136   errno.o
        30          0          0          0          0          0   handlers.o
        48         10          0          0          0         68   init.o
        10          0          0          0          0         68   isspace_c.o
         0          0          0          0          0          0   iusefp.o
        30          0          0          0          0         68   llshl.o
        32          0          0          0          0         68   llushr.o
        36          0          0          0          0        108   memseta.o
       878         12          0          0          0        216   scanf_fp.o
        30          0          0          0          0         80   strncmp.o
        36          0          0          0          0         80   strstr.o
       168         12          0          0          0        124   strtod.o
        68          6          0          4          0         80   strtok.o
        98          0          0          0          0         92   uldiv.o
        56          0          0          0          0         88   d2f.o
       222          0          0          0          0        100   ddiv.o
       186          0          0          0          0        176   depilogue.o
        24          0          0          0          0         76   dfltul.o
       228          0          0          0          0         96   dmul.o
       110          0          0          0          0        168   fepilogue.o

    ----------------------------------------------------------------------
      3664        224         96          8          0       3148   Library Totals
        18          0          0          0          0          0   (incl. Padding)

    ----------------------------------------------------------------------

      Code (inc. data)   RO Data    RW Data    ZI Data      Debug   Library Name

      1208        158         32          0          0       1104   m_wv.l
      1612         66         64          8          0       1340   mc_w.l
       826          0          0          0          0        704   mf_w.l

    ----------------------------------------------------------------------
      3664        224         96          8          0       3148   Library Totals

    ----------------------------------------------------------------------

==============================================================================


      Code (inc. data)   RO Data    RW Data    ZI Data      Debug   

     36092        870        864         24       2824     333342   Grand Totals
     36092        870        864         24       2824     333342   ELF Image Totals
     36092        870        864         24          0          0   ROM Totals

==============================================================================

    Total RO  Size (Code + RO Data)                36956 (  36.09kB)
    Total RW  Size (RW Data + ZI Data)              2848 (   2.78kB)
    Total ROM Size (Code + RO Data + RW Data)      36980 (  36.11kB)

==============================================================================

